******************************************************************************
                  TI ARM Linker PC v5.1.6                      
******************************************************************************
>> Linked Tue Feb 24 23:15:11 2015

OUTPUT FILE NAME:   <embedded_Program.out>
ENTRY POINT SYMBOL: "_c_int00"  address: 00005859


MEMORY CONFIGURATION

         name            origin    length      used     unused   attr    fill
----------------------  --------  ---------  --------  --------  ----  --------
  FLASH                 00000000   00040000  0000990a  000366f6  R  X
  SRAM                  20000000   00008000  00002c58  000053a8  RW X


SEGMENT ALLOCATION MAP

run origin  load origin   length   init length attrs members
----------  ----------- ---------- ----------- ----- -------
00000000    00000000    00009910   00009910    r-x
  00000000    00000000    0000003c   0000003c    r-- .resetVecs
  0000003c    0000003c    000073ac   000073ac    r-x .text
  000073e8    000073e8    00002102   00002102    r-- .const
  000094f0    000094f0    00000420   00000420    r-- .cinit
20000000    20000000    00000360   00000000    rw-
  20000000    20000000    00000360   00000000    rw- .vecs
20000380    20000380    000028f8   00000000    rw-
  20000380    20000380    00001eb0   00000000    rw- .bss
  20002230    20002230    00000648   00000000    rw- .data
  20002878    20002878    00000400   00000000    rw- .stack


SECTION ALLOCATION MAP

 output                                  attributes/
section   page    origin      length       input sections
--------  ----  ----------  ----------   ----------------
.bootVecs 
*          0    00000000    00000008     DSECT
                  00000000    00000008     boot.aem4f : boot.oem4f (.bootVecs)

.resetVecs 
*          0    00000000    0000003c     
                  00000000    0000003c     main_pem4f.oem4f (.resetVecs)

xdc.meta   0    00000000    000000ff     COPY SECTION
                  00000000    000000ff     main_pem4f.oem4f (xdc.meta)

.text      0    0000003c    000073ac     
                  0000003c    0000042c     sysbios.aem4f : BIOS.obj (.text:ti_sysbios_family_arm_m3_Hwi_excDumpRegs__I)
                  00000468    0000033c     ti.targets.arm.rtsarm.aem4f : System.oem4f (.text:xdc_runtime_System_doPrint__I)
                  000007a4    000002f8     sysbios.aem4f : BIOS.obj (.text:ti_sysbios_knl_Semaphore_pend__E)
                  00000a9c    000002d4     rtsv7M4_T_le_v4SPD16_eabi.lib : trgdrv.obj (.text)
                  00000d70    000002a4     uart_tivaware.aem4f : UARTTiva.oem4f (.text:UARTTiva_open)
                  00001014    00000214                         : UARTTiva.oem4f (.text:UARTTiva_write)
                  00001228    000001f8                         : UARTTiva.oem4f (.text:UARTTiva_read)
                  00001420    000001e8     sysbios.aem4f : BIOS.obj (.text:ti_sysbios_family_arm_m3_Hwi_excHandlerMax__I)
                  00001608    000001cc     uart_tivaware.aem4f : UARTTiva.oem4f (.text:UARTTiva_hwiIntFxn)
                  000017d4    00000178                         : UARTTiva.oem4f (.text:writeData)
                  0000194c    00000168                         : UARTTiva.oem4f (.text:UARTTiva_readPolling)
                  00001ab4    00000168                         : UARTTiva.oem4f (.text:readData)
                  00001c1c    00000168     sysbios.aem4f : BIOS.obj (.text:ti_sysbios_family_arm_lm4_TimestampProvider_get64__E)
                  00001d84    00000168                   : BIOS.obj (.text:ti_sysbios_family_arm_m3_Hwi_excBusFault__I)
                  00001eec    0000015c     uart_tivaware.aem4f : UARTTiva.oem4f (.text:UARTTiva_writePolling)
                  00002048    0000015c     sysbios.aem4f : BIOS.obj (.text:ti_sysbios_family_arm_lm4_Timer_start__E)
                  000021a4    00000154                   : BIOS.obj (.text:ti_sysbios_family_arm_m3_Hwi_excUsageFault__I)
                  000022f8    00000144     ti.targets.arm.rtsarm.aem4f : HeapStd.oem4f (.text:xdc_runtime_HeapStd_alloc__E)
                  0000243c    00000140     motor.obj (.text:Motors_Init)
                  0000257c    00000140     sysbios.aem4f : BIOS.obj (.text:ti_sysbios_family_arm_m3_Hwi_excMemFault__I)
                  000026bc    00000138                   : BIOS.obj (.text:ti_sysbios_knl_Semaphore_post__E)
                  000027f4    00000138     main_pem4f.oem4f (.text:ti_uia_loggers_LoggerStopMode_writeMemoryRange__E)
                  0000292c    00000130     driverlib.lib : gpio.obj (.text:GPIOPadConfigSet)
                  00002a5c    0000012c     sysbios.aem4f : BIOS.obj (.text:ti_sysbios_knl_Clock_workFunc__E)
                  00002b88    00000124                   : BIOS.obj (.text:ti_sysbios_family_arm_m3_Hwi_dispatchC__I)
                  00002cac    00000120     ti.targets.arm.rtsarm.aem4f : Error.oem4f (.text:xdc_runtime_Error_policyDefault__E)
                  00002dcc    0000011c     main_pem4f.oem4f (.text:ti_uia_loggers_LoggerStopMode_write8__E)
                  00002ee8    00000118     driverlib.lib : sysctl.obj (.text:SysCtlClockGet)
                  00003000    00000104     main_pem4f.oem4f (.text:ti_uia_loggers_LoggerStopMode_write4__E)
                  00003104    00000104     ti.targets.arm.rtsarm.aem4f : Core-mem.oem4f (.text:xdc_runtime_Core_createObject__I)
                  00003208    00000104     main_pem4f.oem4f (.text:xdc_runtime_System_printfExtend__I)
                  0000330c    00000100     Boot.aem4f : Boot_sysctl.oem4f (.text:ti_catalog_arm_cortexm4_tiva_ce_Boot_sysCtlClockSetI__I)
                  0000340c    000000fc     ti.targets.arm.rtsarm.aem4f : Startup.oem4f (.text:xdc_runtime_Startup_startMods__I)
                  00003508    000000f8     main_pem4f.oem4f (.text:ti_uia_loggers_LoggerStopMode_write2__E)
                  00003600    000000f4     sysbios.aem4f : m3_Hwi_asm.obj (.text:ti_sysbios_family_arm_m3_Hwi_dispatch__I)
                  000036f4    000000f4     main_pem4f.oem4f (.text:ti_uia_loggers_LoggerStopMode_write1__E)
                  000037e8    000000e8     gpio_tivaware.aem4f : GPIO.oem4f (.text:GPIO_write)
                  000038d0    000000e8     main_pem4f.oem4f (.text:ti_uia_loggers_LoggerStopMode_write0__E)
                  000039b8    000000dc     main.obj (.text:main)
                  00003a94    000000cc     ti.targets.arm.rtsarm.aem4f : Core-smem.oem4f (.text:xdc_runtime_Core_constructObject__I)
                  00003b60    000000cc                                 : HeapStd.oem4f (.text:xdc_runtime_HeapStd_Instance_init__E)
                  00003c2c    000000c0     uart_tivaware.aem4f : UARTTiva.oem4f (.text:UARTTiva_writeCancel)
                  00003cec    000000c0     sysbios.aem4f : BIOS.obj (.text:ti_sysbios_family_arm_lm4_TimestampProvider_get32__E)
                  00003dac    000000c0                   : BIOS.obj (.text:ti_sysbios_knl_Task_schedule__I)
                  00003e6c    000000bc     uart_tivaware.aem4f : UARTTiva.oem4f (.text:UARTTiva_readCancel)
                  00003f28    000000bc     sysbios.aem4f : BIOS.obj (.text:ti_sysbios_knl_Task_startCore__E)
                  00003fe4    000000b4                   : BIOS.obj (.text:ti_sysbios_family_arm_m3_Hwi_excHardFault__I)
                  00004098    000000b4                   : BIOS.obj (.text:ti_sysbios_gates_GateMutex_enter__E)
                  0000414c    000000b0                   : BIOS.obj (.text:ti_sysbios_family_arm_m3_Hwi_excDebugMon__I)
                  000041fc    000000b0                   : BIOS.obj (.text:ti_sysbios_utils_Load_idleFxn__E)
                  000042ac    000000ac                   : BIOS.obj (.text:ti_sysbios_family_arm_lm4_Timer_enableTiva__I)
                  00004358    000000a8                   : BIOS.obj (.text:ti_sysbios_family_arm_lm4_Timer_enableTimers__I)
                  00004400    000000a8                   : BIOS.obj (.text:ti_sysbios_knl_Task_blockI__E)
                  000044a8    000000a8                   : BIOS.obj (.text:ti_sysbios_knl_Task_postInit__I)
                  00004550    000000a8                   : BIOS.obj (.text:ti_sysbios_utils_Load_updateLoads__E)
                  000045f8    000000a4     ti.targets.arm.rtsarm.aem4f : HeapStd.oem4f (.text:xdc_runtime_HeapStd_free__E)
                  0000469c    000000a0     uart_tivaware.aem4f : UARTTiva.oem4f (.text:UARTTiva_close)
                  0000473c    000000a0     auto_init.aem4f : auto_init.oem4f (.text)
                  000047dc    0000009c     rtsv7M4_T_le_v4SPD16_eabi.lib : memcpy_t2.obj (.text)
                  00004878    0000009c     sysbios.aem4f : BIOS.obj (.text:ti_sysbios_family_arm_m3_Hwi_Instance_init__E)
                  00004914    0000009c                   : BIOS.obj (.text:ti_sysbios_knl_Semaphore_Instance_init__E)
                  000049b0    0000009a     ti.targets.arm.rtsarm.aem4f : Text.oem4f (.text:xdc_runtime_Text_putSite__E)
                  00004a4a    00000002     main_pem4f.oem4f (.text:free)
                  00004a4c    00000098     sysbios.aem4f : BIOS.obj (.text:ti_sysbios_knl_Task_exit__E)
                  00004ae4    00000094     Boot.aem4f : Boot.oem4f (.text:ti_catalog_arm_cortexm4_tiva_ce_Boot_sysCtlClockSet__E)
                  00004b78    00000094     sysbios.aem4f : BIOS.obj (.text:ti_sysbios_knl_Task_unblockI__E)
                  00004c0c    00000094     ti.targets.arm.rtsarm.aem4f : Text.oem4f (.text:xdc_runtime_Text_putMod__E)
                  00004ca0    00000090     ti.uia.loggers.aem4f : LoggerStopMode.oem4f (.text:ti_uia_loggers_LoggerStopMode_initQueueDescriptor__E)
                  00004d30    0000008c     sysbios.aem4f : BIOS.obj (.text:ti_sysbios_family_arm_m3_Hwi_initNVIC__E)
                  00004dbc    0000008c                   : m3_TaskSupport_asm.obj (.text:ti_sysbios_family_arm_m3_TaskSupport_buildTaskStack)
                  00004e48    00000088     EK_TM4C123GXL.obj (.text:EK_TM4C123GXL_initGPIO)
                  00004ed0    00000088     motor.obj (.text:Motors_shift)
                  00004f58    00000080     line_sensor.obj (.text:LineSensorRead_ISR)
                  00004fd8    0000007a     driverlib.lib : adc.obj (.text:ADCSequenceStepConfigure)
                  00005052    00000078     rtsv7M4_T_le_v4SPD16_eabi.lib : memset_t2.obj (.text)
                  000050ca    00000002     main_pem4f.oem4f (.text:ti_sysbios_BIOS_nullFunc__I)
                  000050cc    00000078     sysbios.aem4f : BIOS.obj (.text:ti_sysbios_utils_Load_logLoads__I)
                  00005144    00000070                   : BIOS.obj (.text:ti_sysbios_family_arm_m3_Hwi_postInit__I)
                  000051b4    00000070     ti.uia.runtime.aem4f : QueueDescriptor.oem4f (.text:ti_uia_runtime_QueueDescriptor_addToList__E)
                  00005224    00000070     ti.targets.arm.rtsarm.aem4f : Memory.oem4f (.text:xdc_runtime_Memory_alloc__E)
                  00005294    0000006c     sysbios.aem4f : BIOS.obj (.text:ti_sysbios_utils_Load_updateThreadContexts__E)
                  00005300    0000006c     ti.targets.arm.rtsarm.aem4f : Error.oem4f (.text:xdc_runtime_Error_print__E)
                  0000536c    0000006a     ti.uia.loggers.aem4f : LoggerStopMode.oem4f (.text:ti_uia_loggers_LoggerStopMode_flush__E)
                  000053d6    00000066     ti.targets.arm.rtsarm.aem4f : Core-mem.oem4f (.text:xdc_runtime_Core_deleteObject__I)
                  0000543c    00000064     sysbios.aem4f : BIOS.obj (.text:ti_sysbios_utils_Load_logCPULoad__I)
                  000054a0    00000060     cmd_int.obj (.text:InterpretTask)
                  00005500    00000060     uart.obj (.text:UartInit)
                  00005560    00000060     rtsv7M4_T_le_v4SPD16_eabi.lib : trgmsg.obj (.text)
                  000055c0    00000060     sysbios.aem4f : BIOS.obj (.text:ti_sysbios_family_arm_lm4_Timer_isrStub__E)
                  00005620    00000060                   : BIOS.obj (.text:ti_sysbios_knl_Clock_logTick__E)
                  00005680    00000060                   : BIOS.obj (.text:ti_sysbios_knl_Task_Module_startup__E)
                  000056e0    00000060     ti.targets.arm.rtsarm.aem4f : System.oem4f (.text:xdc_runtime_System_formatNum__I)
                  00005740    0000005e     rtsv7M4_T_le_v4SPD16_eabi.lib : copy_decompress_rle.obj (.text)
                  0000579e    00000002     sysbios.aem4f : BIOS.obj (.text:ti_sysbios_family_arm_m3_Hwi_doSwiRestore__I)
                  000057a0    0000005c                   : BIOS.obj (.text:ti_sysbios_family_arm_lm4_Timer_Module_startup__E)
                  000057fc    0000005b     ti.targets.arm.rtsarm.aem4f : Text.oem4f (.text:xdc_runtime_Text_putLab__E)
                  00005857    00000001     --HOLE-- [fill = 0]
                  00005858    00000058     boot.aem4f : boot.oem4f (.text)
                  000058b0    00000058     main_pem4f.oem4f (.text:ti_sysbios_family_arm_m3_Hwi_construct)
                  00005908    00000058     sysbios.aem4f : m3_Hwi_asm_switch.obj (.text:ti_sysbios_family_arm_m3_Hwi_initStacks__E)
                  00005960    00000058     main_pem4f.oem4f (.text:xdc_runtime_HeapStd_Object__create__S)
                  000059b8    00000054     EK_TM4C123GXL.obj (.text:EK_TM4C123GXL_initUART)
                  00005a0c    00000050     sysbios.aem4f : BIOS.obj (.text:ti_sysbios_utils_Load_updateCurrentThreadTime__E)
                  00005a5c    00000050     ti.targets.arm.rtsarm.aem4f : Startup.oem4f (.text:xdc_runtime_Startup_exec__E)
                  00005aac    00000050                                 : Text.oem4f (.text:xdc_runtime_Text_visitRope2__I)
                  00005afc    0000004c     sysbios.aem4f : BIOS.obj (.text:ti_sysbios_family_arm_m3_Hwi_Module_startup__E)
                  00005b48    0000004c     ti.uia.loggers.aem4f : LoggerStopMode.oem4f (.text:ti_uia_loggers_LoggerStopMode_Module_startup__E)
                  00005b94    00000048     driverlib.lib : gpio.obj (.text:GPIOPinConfigure)
                  00005bdc    00000048     IRSensor.obj (.text:IRSensorInit)
                  00005c24    00000048     uart_tivaware.aem4f : UART.oem4f (.text:UART_open)
                  00005c6c    00000048     sysbios.aem4f : BIOS.obj (.text:ti_sysbios_family_arm_m3_Hwi_excReserved__I)
                  00005cb4    00000048     ti.uia.loggers.aem4f : LoggerStopMode.oem4f (.text:ti_uia_loggers_LoggerStopMode_initBuffer__I)
                  00005cfc    00000048     ti.targets.arm.rtsarm.aem4f : Assert.oem4f (.text:xdc_runtime_Assert_raise__I)
                  00005d44    00000046                                 : Core-params.oem4f (.text:xdc_runtime_Core_assignParams__I)
                  00005d8a    00000002     sysbios.aem4f : BIOS.obj (.text:ti_sysbios_gates_GateHwi_Instance_init__E)
                  00005d8c    00000044     rtsv7M4_T_le_v4SPD16_eabi.lib : cpy_tbl.obj (.text)
                  00005dd0    00000044                                   : exit.obj (.text)
                  00005e14    00000044     sysbios.aem4f : BIOS.obj (.text:ti_sysbios_family_arm_lm4_Timer_stop__E)
                  00005e58    00000044                   : BIOS.obj (.text:ti_sysbios_family_arm_m3_Hwi_disableInterrupt__E)
                  00005e9c    00000044                   : BIOS.obj (.text:ti_sysbios_family_arm_m3_Hwi_enableInterrupt__E)
                  00005ee0    00000044                   : BIOS.obj (.text:ti_sysbios_knl_Task_allBlockedFunction__I)
                  00005f24    00000044     ti.targets.arm.rtsarm.aem4f : Error.oem4f (.text:xdc_runtime_Error_setX__E)
                  00005f68    00000044                                 : SysMin.oem4f (.text:xdc_runtime_SysMin_flush__E)
                  00005fac    00000042     driverlib.lib : uart.obj (.text:UARTConfigSetExpClk)
                  00005fee    00000042     rtsv7M4_T_le_v4SPD16_eabi.lib : u_divt2.obj (.text)
                  00006030    00000040     EK_TM4C123GXL.obj (.text:EK_TM4C123GXL_initGeneral)
                  00006070    00000040     sysbios.aem4f : BIOS.obj (.text:ti_sysbios_family_arm_lm4_Timer_startup__E)
                  000060b0    0000003e     driverlib.lib : adc.obj (.text:ADCSequenceConfigure)
                  000060ee    00000002     main_pem4f.oem4f (.text:ti_uia_loggers_LoggerStopMode_setFilterLevel__E)
                  000060f0    0000003c     sysbios.aem4f : BIOS.obj (.text:ti_sysbios_family_arm_m3_Hwi_excSvCall__I)
                  0000612c    0000003c                   : BIOS.obj (.text:ti_sysbios_family_arm_m3_Hwi_getStackInfo__E)
                  00006168    0000003c     ti.targets.arm.rtsarm.aem4f : Text.oem4f (.text:xdc_runtime_Text_xprintf__I)
                  000061a4    00000038     uart_tivaware.aem4f : UART.oem4f (.text:UART_init)
                  000061dc    00000038     sysbios.aem4f : BIOS.obj (.text:ti_sysbios_family_arm_m3_Hwi_excNoIsr__I)
                  00006214    00000038                   : BIOS.obj (.text:ti_sysbios_family_arm_m3_TaskSupport_start__E)
                  0000624c    00000038                   : BIOS.obj (.text:ti_sysbios_knl_Task_processVitalTaskFlag__I)
                  00006284    00000038     ti.targets.arm.rtsarm.aem4f : SysMin.oem4f (.text:xdc_runtime_SysMin_putch__E)
                  000062bc    00000038                                 : System.oem4f (.text:xdc_runtime_System_atexit__E)
                  000062f4    00000034     driverlib.lib : sysctl.obj (.text:SysCtlPeripheralEnable)
                  00006328    00000034     uart_tivaware.aem4f : UART.oem4f (.text:UART_Params_init)
                  0000635c    00000034                         : UART.oem4f (.text:UART_read)
                  00006390    00000034     sysbios.aem4f : BIOS.obj (.text:ti_sysbios_family_arm_m3_Hwi_excNmi__I)
                  000063c4    00000034                   : BIOS.obj (.text:ti_sysbios_hal_Hwi_checkStack)
                  000063f8    00000034     ti.uia.loggers.aem4f : LoggerStopMode.oem4f (.text:ti_uia_loggers_LoggerStopMode_reset__E)
                  0000642c    00000034     ti.targets.arm.rtsarm.aem4f : Core-label.oem4f (.text:xdc_runtime_Core_assignLabel__I)
                  00006460    00000033                                 : Text.oem4f (.text:xdc_runtime_Text_printVisFxn__I)
                  00006493    00000001     --HOLE-- [fill = 0]
                  00006494    00000032     sysbios.aem4f : BIOS.obj (.text:ti_sysbios_knl_Semaphore_pendTimeout__I)
                  000064c6    00000002     ti.uia.loggers.aem4f : LoggerStopMode.oem4f (.text:ti_uia_loggers_LoggerStopMode_setPriority__E)
                  000064c8    00000030     cmd_int.obj (.text:InitialPinSet)
                  000064f8    00000030     line_sensor.obj (.text:LineInit)
                  00006528    00000030     cmd_int.obj (.text:ReversePinSet)
                  00006558    00000030     main_pem4f.oem4f (.text:ti_sysbios_gates_GateHwi_Object__create__S)
                  00006588    00000030     main_pem4f.oem4f (.text:ti_sysbios_gates_GateMutex_Object__create__S)
                  000065b8    00000030     main_pem4f.oem4f (.text:ti_sysbios_knl_Semaphore_construct)
                  000065e8    00000030     sysbios.aem4f : BIOS.obj (.text:ti_sysbios_utils_Load_getGlobalHwiLoad__E)
                  00006618    00000030     main_pem4f.oem4f (.text:ti_uia_loggers_LoggerStopMode_Object__create__S)
                  00006648    00000030     ti.targets.arm.rtsarm.aem4f : SysMin.oem4f (.text:xdc_runtime_SysMin_abort__E)
                  00006678    00000030                                 : System.oem4f (.text:xdc_runtime_System_processAtExit__E)
                  000066a8    0000002c     main_pem4f.oem4f (.text:ti_sysbios_BIOS_atExitFunc__I)
                  000066d4    0000002c     sysbios.aem4f : BIOS.obj (.text:ti_sysbios_family_arm_m3_Hwi_Instance_finalize__E)
                  00006700    0000002c                   : BIOS.obj (.text:ti_sysbios_hal_Hwi_initStack)
                  0000672c    0000002c     main_pem4f.oem4f (.text:ti_sysbios_knl_Clock_doTick__I)
                  00006758    0000002c     main_pem4f.oem4f (.text:ti_sysbios_knl_Queue_construct)
                  00006784    0000002c     ti.targets.arm.rtsarm.aem4f : Text.oem4f (.text:xdc_runtime_Text_cordText__E)
                  000067b0    0000002a     driverlib.lib : gpio.obj (.text:GPIODirModeSet)
                  000067da    0000002a     ti.targets.arm.rtsarm.aem4f : System.oem4f (.text:xdc_runtime_System_putchar__I)
                  00006804    00000028     line_sensor.obj (.text:LineSensorInput_ISR)
                  0000682c    00000028     sysbios.aem4f : BIOS.obj (.text:ti_sysbios_knl_Task_restore__E)
                  00006854    00000026                   : m3_Hwi_asm.obj (.text:ti_sysbios_family_arm_m3_Hwi_pendSV__I)
                  0000687a    00000026     ti.targets.arm.rtsarm.aem4f : System.oem4f (.text:xdc_runtime_System_avprintf__E)
                  000068a0    00000024     gpio_tivaware.aem4f : GPIO.oem4f (.text:GPIO_init)
                  000068c4    00000024     main_pem4f.oem4f (.text:ti_sysbios_BIOS_errorRaiseHook__I)
                  000068e8    00000024     main_pem4f.oem4f (.text:ti_sysbios_BIOS_registerRTSLock__I)
                  0000690c    00000024     main_pem4f.oem4f (.text:ti_sysbios_BIOS_removeRTSLock__I)
                  00006930    00000024     main_pem4f.oem4f (.text:ti_sysbios_gates_GateMutex_Object__delete__S)
                  00006954    00000024     sysbios.aem4f : BIOS.obj (.text:ti_sysbios_knl_Clock_Module_startup__E)
                  00006978    00000024     ti.targets.arm.rtsarm.aem4f : System.oem4f (.text:xdc_runtime_System_vprintf__E)
                  0000699c    00000022     driverlib.lib : pwm.obj (.text:PWMGenConfigure)
                  000069be    00000022     sysbios.aem4f : BIOS.obj (.text:ti_sysbios_family_arm_lm4_Timer_write__I)
                  000069e0    00000022     main_pem4f.oem4f (.text:xdc_runtime_SysMin_output__I)
                  00006a02    00000002     main_pem4f.oem4f (.text:xdc_runtime_Startup_reset__I)
                  00006a04    00000020     cmd_int.obj (.text:RXCmdTask)
                  00006a24    00000020     main_pem4f.oem4f (.text:ti_sysbios_BIOS_startFunc__I)
                  00006a44    00000020     sysbios.aem4f : BIOS.obj (.text:ti_sysbios_family_arm_m3_Hwi_doTaskRestore__I)
                  00006a64    00000020                   : m3_Hwi_asm.obj (.text:ti_sysbios_family_arm_m3_Hwi_excHandlerAsm__I)
                  00006a84    00000020                   : BIOS.obj (.text:ti_sysbios_family_arm_m3_Hwi_excHandler__I)
                  00006aa4    00000020     main_pem4f.oem4f (.text:ti_sysbios_gates_GateHwi_Object__delete__S)
                  00006ac4    00000020     sysbios.aem4f : BIOS.obj (.text:ti_sysbios_knl_Idle_run__E)
                  00006ae4    00000020     main_pem4f.oem4f (.text:ti_sysbios_knl_Semaphore_Object__destruct__S)
                  00006b04    00000020     sysbios.aem4f : BIOS.obj (.text:ti_sysbios_knl_Task_enter__I)
                  00006b24    00000020     main_pem4f.oem4f (.text:ti_uia_loggers_LoggerStopMode_Object__delete__S)
                  00006b44    00000020     ti.targets.arm.rtsarm.aem4f : Registry.oem4f (.text:xdc_runtime_Registry_findById__E)
                  00006b64    00000020                                 : SysMin.oem4f (.text:xdc_runtime_SysMin_Module_startup__E)
                  00006b84    0000001e     driverlib.lib : pwm.obj (.text:PWMPulseWidthSet)
                  00006ba2    00000002     --HOLE-- [fill = 0]
                  00006ba4    0000001c     motor.obj (.text:MotorStop)
                  00006bc0    0000001c     driverlib.lib : uart.obj (.text:UARTDisable)
                  00006bdc    0000001c     main_pem4f.oem4f (.text:ti_sysbios_BIOS_rtsLock__I)
                  00006bf8    0000001c     main_pem4f.oem4f (.text:ti_sysbios_family_arm_m3_Hwi_Object__destruct__S)
                  00006c14    0000001c     sysbios.aem4f : BIOS.obj (.text:ti_sysbios_gates_GateMutex_Instance_init__E)
                  00006c30    0000001c     main_pem4f.oem4f (.text:ti_sysbios_knl_Queue_Object__destruct__S)
                  00006c4c    0000001c     ti.targets.arm.rtsarm.aem4f : Error.oem4f (.text:xdc_runtime_Error_raiseX__E)
                  00006c68    0000001c     main_pem4f.oem4f (.text:xdc_runtime_HeapStd_Object__delete__S)
                  00006c84    0000001c     ti.targets.arm.rtsarm.aem4f : Memory.oem4f (.text:xdc_runtime_Memory_valloc__E)
                  00006ca0    0000001c                                 : SysMin.oem4f (.text:xdc_runtime_SysMin_exit__E)
                  00006cbc    0000001c                                 : System.oem4f (.text:xdc_runtime_System_abort__E)
                  00006cd8    0000001a     ti.uia.loggers.aem4f : LoggerStopMode.oem4f (.text:ti_uia_loggers_LoggerStopMode_Instance_init__E)
                  00006cf2    0000001a     main_pem4f.oem4f (.text:xdc_runtime_System_aprintf__E)
                  00006d0c    0000001a     main_pem4f.oem4f (.text:xdc_runtime_System_printf__E)
                  00006d26    00000018     driverlib.lib : gpio.obj (.text:GPIOPinTypeGPIOOutput)
                  00006d3e    00000002     --HOLE-- [fill = 0]
                  00006d40    00000018     rtsv7M4_T_le_v4SPD16_eabi.lib : args_main.obj (.text)
                  00006d58    00000018     main_pem4f.oem4f (.text:ti_sysbios_BIOS_rtsUnlock__I)
                  00006d70    00000018     main_pem4f.oem4f (.text:ti_sysbios_family_arm_lm4_Timer_Module__startupDone__F)
                  00006d88    00000018     main_pem4f.oem4f (.text:ti_sysbios_family_arm_m3_Hwi_Handle__label__S)
                  00006da0    00000018     main_pem4f.oem4f (.text:ti_sysbios_family_arm_m3_Hwi_Module__startupDone__F)
                  00006db8    00000018     sysbios.aem4f : m3_TaskSupport_asm.obj (.text:ti_sysbios_family_arm_m3_TaskSupport_swap__E)
                  00006dd0    00000018     main_pem4f.oem4f (.text:ti_sysbios_gates_GateHwi_Handle__label__S)
                  00006de8    00000018     main_pem4f.oem4f (.text:ti_sysbios_gates_GateMutex_Handle__label__S)
                  00006e00    00000018     sysbios.aem4f : BIOS.obj (.text:ti_sysbios_gates_GateMutex_leave__E)
                  00006e18    00000018     main_pem4f.oem4f (.text:ti_sysbios_knl_Task_Handle__label__S)
                  00006e30    00000018     main_pem4f.oem4f (.text:ti_uia_loggers_LoggerStopMode_Handle__label__S)
                  00006e48    00000018     ti.targets.arm.rtsarm.aem4f : Error.oem4f (.text:xdc_runtime_Error_check__E)
                  00006e60    00000018     main_pem4f.oem4f (.text:xdc_runtime_HeapStd_Handle__label__S)
                  00006e78    00000018     ti.targets.arm.rtsarm.aem4f : System.oem4f (.text:xdc_runtime_System_exit__E)
                  00006e90    00000018                                 : Text.oem4f (.text:xdc_runtime_Text_ropeText__E)
                  00006ea8    00000016     main_pem4f.oem4f (.text:ti_sysbios_BIOS_exitFunc__I)
                  00006ebe    00000016     ti.uia.loggers.aem4f : LoggerStopMode.oem4f (.text:ti_uia_loggers_LoggerStopMode_disable__E)
                  00006ed4    00000016                          : LoggerStopMode.oem4f (.text:ti_uia_loggers_LoggerStopMode_enable__E)
                  00006eea    00000002     --HOLE-- [fill = 0]
                  00006eec    00000014     driverlib.lib : sysctl.obj (.text:SysCtlPWMClockSet)
                  00006f00    00000014                   : uart.obj (.text:UARTEnable)
                  00006f14    00000014     rtsv7M4_T_le_v4SPD16_eabi.lib : _lock.obj (.text)
                  00006f28    00000014                                   : strlen.obj (.text)
                  00006f3c    00000014     main_pem4f.oem4f (.text:ti_sysbios_family_arm_m3_Hwi_Object__get__S)
                  00006f50    00000014     sysbios.aem4f : BIOS.obj (.text:ti_sysbios_family_arm_m3_Hwi_switchFromBootStack__E)
                  00006f64    00000012     driverlib.lib : gpio.obj (.text:GPIOPinTypeADC)
                  00006f76    00000012                   : gpio.obj (.text:GPIOPinTypeGPIOInput)
                  00006f88    00000012                   : gpio.obj (.text:GPIOPinTypePWM)
                  00006f9a    00000012                   : gpio.obj (.text:GPIOPinTypeUART)
                  00006fac    00000012                   : pwm.obj (.text:PWMOutputState)
                  00006fbe    00000012     rtsv7M4_T_le_v4SPD16_eabi.lib : copy_zero_init.obj (.text:decompress:ZI)
                  00006fd0    00000012     sysbios.aem4f : BIOS.obj (.text:ti_sysbios_hal_Hwi_Module_startup__E)
                  00006fe2    00000012                   : BIOS.obj (.text:ti_sysbios_hal_Timer_Module_startup__E)
                  00006ff4    00000012     main_pem4f.oem4f (.text:xdc_runtime_Startup_exec__I)
                  00007006    00000010     cmd_int.obj (.text:Forward)
                  00007016    00000010     cmd_int.obj (.text:Left1Test)
                  00007026    00000010     cmd_int.obj (.text:Left2Test)
                  00007036    00000002     --HOLE-- [fill = 0]
                  00007038    00000010     line_sensor.obj (.text:LineClock)
                  00007048    00000010     driverlib.lib : pwm.obj (.text:PWMGenPeriodSet)
                  00007058    00000010     cmd_int.obj (.text:Reverse)
                  00007068    00000010     cmd_int.obj (.text:Right1Test)
                  00007078    00000010     cmd_int.obj (.text:Right2Test)
                  00007088    00000010     rtsv7M4_T_le_v4SPD16_eabi.lib : strcpy.obj (.text)
                  00007098    00000010     sysbios.aem4f : BIOS.obj (.text:ti_sysbios_BIOS_getCpuFreq__E)
                  000070a8    00000010                   : BIOS.obj (.text:ti_sysbios_BIOS_setThreadType__E)
                  000070b8    00000010                   : BIOS.obj (.text:ti_sysbios_BIOS_start__E)
                  000070c8    00000010                   : BIOS.obj (.text:ti_sysbios_family_arm_lm4_TimestampProvider_rolloverFunc__E)
                  000070d8    00000010                   : m3_TaskSupport_asm.obj (.text:ti_sysbios_family_arm_m3_TaskSupport_glue)
                  000070e8    00000010                   : BIOS.obj (.text:ti_sysbios_gates_GateMutex_Instance_finalize__E)
                  000070f8    00000010                   : BIOS.obj (.text:ti_sysbios_knl_Semaphore_Instance_finalize__E)
                  00007108    00000010     main_pem4f.oem4f (.text:ti_sysbios_knl_Task_Object__get__S)
                  00007118    00000010     sysbios.aem4f : BIOS.obj (.text:ti_sysbios_knl_Task_disable__E)
                  00007128    00000010     main_pem4f.oem4f (.text:ti_uia_loggers_LoggerStopMode_Object__get__S)
                  00007138    00000010     ti.uia.loggers.aem4f : LoggerStopMode.oem4f (.text:ti_uia_loggers_LoggerStopMode_isEmpty__E)
                  00007148    00000010     ti.targets.arm.rtsarm.aem4f : Gate.oem4f (.text:xdc_runtime_Gate_leaveSystem__E)
                  00007158    00000010                                 : Memory.oem4f (.text:xdc_runtime_Memory_free__E)
                  00007168    00000010                                 : SysMin.oem4f (.text:xdc_runtime_SysMin_ready__E)
                  00007178    00000010                                 : System.oem4f (.text:xdc_runtime_System_vsnprintf__E)
                  00007188    0000000e     driverlib.lib : adc.obj (.text:ADCSequenceEnable)
                  00007196    0000000e                   : uart.obj (.text:UARTCharGetNonBlocking)
                  000071a4    0000000e                   : uart.obj (.text:UARTCharPutNonBlocking)
                  000071b2    0000000e     rtsv7M4_T_le_v4SPD16_eabi.lib : copy_decompress_none.obj (.text:decompress:none)
                  000071c0    0000000e     sysbios.aem4f : BIOS.obj (.text:ti_sysbios_knl_Queue_empty__E)
                  000071ce    0000000e     ti.targets.arm.rtsarm.aem4f : HeapStd.oem4f (.text:xdc_runtime_HeapStd_getStats__E)
                  000071dc    0000000c     main_pem4f.oem4f (.text:.bootCodeSection:ti_catalog_arm_cortexm4_tiva_ce_Boot_init__I)
                  000071e8    0000000c     driverlib.lib : pwm.obj (.text:PWMGenDisable)
                  000071f4    0000000c                   : pwm.obj (.text:PWMGenEnable)
                  00007200    0000000c     sysbios.aem4f : BIOS.obj (.text:ti_sysbios_family_arm_lm4_Timer_getMaxTicks__E)
                  0000720c    0000000c                   : BIOS.obj (.text:ti_sysbios_family_arm_lm4_TimestampProvider_startTimer__E)
                  00007218    0000000c     main_pem4f.oem4f (.text:ti_sysbios_family_arm_m3_Hwi_Params__init__S)
                  00007224    0000000c     sysbios.aem4f : BIOS.obj (.text:ti_sysbios_family_arm_m3_Hwi_disableFxn__E)
                  00007230    0000000c                   : BIOS.obj (.text:ti_sysbios_gates_GateHwi_enter__E)
                  0000723c    0000000c     main_pem4f.oem4f (.text:ti_sysbios_knl_Queue_Object__get__S)
                  00007248    0000000c     main_pem4f.oem4f (.text:ti_sysbios_knl_Semaphore_Params__init__S)
                  00007254    0000000c     ti.targets.arm.rtsarm.aem4f : Error.oem4f (.text:xdc_runtime_Error_init__E)
                  00007260    0000000c                                 : Gate.oem4f (.text:xdc_runtime_Gate_enterSystem__E)
                  0000726c    0000000c                                 : Memory.oem4f (.text:xdc_runtime_Memory_calloc__E)
                  00007278    0000000c                                 : Memory.oem4f (.text:xdc_runtime_Memory_getMaxDefaultTypeAlign__E)
                  00007284    0000000a     driverlib.lib : uart.obj (.text:UARTCharGet)
                  0000728e    0000000a                   : uart.obj (.text:UARTCharPut)
                  00007298    0000000a                   : uart.obj (.text:UARTIntDisable)
                  000072a2    0000000a                   : uart.obj (.text:UARTIntStatus)
                  000072ac    0000000a     main_pem4f.oem4f (.text:xdc_runtime_IHeap_alloc)
                  000072b6    0000000a     main_pem4f.oem4f (.text:xdc_runtime_IHeap_free)
                  000072c0    0000000a     main_pem4f.oem4f (.text:xdc_runtime_Text_visitRope__I)
                  000072ca    00000008     cmd_int.obj (.text:Brake)
                  000072d2    00000008     driverlib.lib : uart.obj (.text:UARTIntEnable)
                  000072da    00000008     uart_tivaware.aem4f : UARTTiva.oem4f (.text:UARTTiva_init)
                  000072e2    00000008     cmd_int.obj (.text:cmd_Init)
                  000072ea    00000008     uart_tivaware.aem4f : UARTTiva.oem4f (.text:readSemCallback)
                  000072f2    00000008     sysbios.aem4f : BIOS.obj (.text:ti_sysbios_family_arm_lm4_Timer_masterDisable__I)
                  000072fa    00000008                   : BIOS.obj (.text:ti_sysbios_family_arm_m3_Hwi_startup__E)
                  00007302    00000008                   : BIOS.obj (.text:ti_sysbios_knl_Idle_loop__E)
                  0000730a    00000008     uart_tivaware.aem4f : UARTTiva.oem4f (.text:writeSemCallback)
                  00007312    00000006     driverlib.lib : gpio.obj (.text:GPIOPinRead)
                  00007318    00000006                   : gpio.obj (.text:GPIOPinWrite)
                  0000731e    00000006                   : uart.obj (.text:UARTFIFOLevelSet)
                  00007324    00000006     uart_tivaware.aem4f : UARTTiva.oem4f (.text:UARTTiva_control)
                  0000732a    00000006     ti.targets.arm.rtsarm.aem4f : xdc_noinit.oem4f (.text:__xdc__init)
                  00007330    00000006     rtsv7M4_T_le_v4SPD16_eabi.lib : copy_decompress_rle.obj (.text:decompress:rle24)
                  00007336    00000006     Boot.aem4f : Boot_sysctl.oem4f (.text:ti_catalog_arm_cortexm4_tiva_ce_Boot_sysCtlDelayI__I)
                  0000733c    00000006     sysbios.aem4f : BIOS.obj (.text:ti_sysbios_family_arm_lm4_TimestampProvider_Module_startup__E)
                  00007342    00000006                   : BIOS.obj (.text:ti_sysbios_family_arm_m3_Hwi_restoreFxn__E)
                  00007348    00000006                   : BIOS.obj (.text:ti_sysbios_gates_GateHwi_leave__E)
                  0000734e    00000006                   : BIOS.obj (.text:ti_sysbios_hal_Timer_start__E)
                  00007354    00000006                   : BIOS.obj (.text:ti_sysbios_knl_Queue_Instance_init__E)
                  0000735a    00000006     ti.targets.arm.rtsarm.aem4f : System.oem4f (.text:xdc_runtime_System_Module_startup__E)
                  00007360    00000004     driverlib.lib : uart.obj (.text:UARTIntClear)
                  00007364    00000004     main_pem4f.oem4f (.text:malloc)
                  00007368    00000004     main_pem4f.oem4f (.text:ti_sysbios_BIOS_RtsGateProxy_enter__E)
                  0000736c    00000004     main_pem4f.oem4f (.text:ti_sysbios_BIOS_RtsGateProxy_leave__E)
                  00007370    00000004     sysbios.aem4f : BIOS.obj (.text:ti_sysbios_family_arm_lm4_Timer_getPeriod__E)
                  00007374    00000004                   : BIOS.obj (.text:ti_sysbios_family_arm_lm4_Timer_masterEnable__I)
                  00007378    00000004     main_pem4f.oem4f (.text:ti_sysbios_family_arm_m3_Hwi_destruct)
                  0000737c    00000004     main_pem4f.oem4f (.text:ti_sysbios_family_arm_m3_TaskSupport_Module__startupDone__S)
                  00007380    00000004     sysbios.aem4f : BIOS.obj (.text:ti_sysbios_gates_GateHwi_query__E)
                  00007384    00000004                   : BIOS.obj (.text:ti_sysbios_gates_GateMutex_query__E)
                  00007388    00000004     main_pem4f.oem4f (.text:ti_sysbios_hal_Hwi_HwiProxy_Module__startupDone__S)
                  0000738c    00000004     main_pem4f.oem4f (.text:ti_sysbios_hal_Timer_TimerProxy_Module__startupDone__S)
                  00007390    00000004     main_pem4f.oem4f (.text:ti_sysbios_hal_Timer_TimerProxy_start__E)
                  00007394    00000004     main_pem4f.oem4f (.text:ti_sysbios_knl_Clock_TimerProxy_Module__startupDone__S)
                  00007398    00000004     main_pem4f.oem4f (.text:ti_sysbios_knl_Clock_TimerProxy_getMaxTicks__E)
                  0000739c    00000004     main_pem4f.oem4f (.text:ti_sysbios_knl_Clock_TimerProxy_getPeriod__E)
                  000073a0    00000004     main_pem4f.oem4f (.text:ti_sysbios_knl_Queue_destruct)
                  000073a4    00000004     main_pem4f.oem4f (.text:ti_sysbios_knl_Semaphore_destruct)
                  000073a8    00000004     main_pem4f.oem4f (.text:ti_sysbios_knl_Task_SupportProxy_Module__startupDone__S)
                  000073ac    00000004     sysbios.aem4f : BIOS.obj (.text:ti_sysbios_knl_Task_startup__E)
                  000073b0    00000004     ti.uia.loggers.aem4f : LoggerStopMode.oem4f (.text:ti_uia_loggers_LoggerStopMode_getContents__E)
                  000073b4    00000004     main_pem4f.oem4f (.text:ti_uia_loggers_LoggerStopMode_getFilterLevel__E)
                  000073b8    00000004     ti.uia.loggers.aem4f : LoggerStopMode.oem4f (.text:ti_uia_loggers_LoggerStopMode_getInstanceId__E)
                  000073bc    00000004                          : LoggerStopMode.oem4f (.text:ti_uia_loggers_LoggerStopMode_getMaxLength__E)
                  000073c0    00000004                          : LoggerStopMode.oem4f (.text:ti_uia_loggers_LoggerStopMode_getPriority__E)
                  000073c4    00000004                          : LoggerStopMode.oem4f (.text:ti_uia_loggers_LoggerStopMode_getTransferType__E)
                  000073c8    00000004     ti.targets.arm.rtsarm.aem4f : Error.oem4f (.text:xdc_runtime_Error_getSite__E)
                  000073cc    00000004                                 : HeapStd.oem4f (.text:xdc_runtime_HeapStd_isBlocking__E)
                  000073d0    00000004     main_pem4f.oem4f (.text:xdc_runtime_Memory_HeapProxy_alloc__E)
                  000073d4    00000004     main_pem4f.oem4f (.text:xdc_runtime_Memory_HeapProxy_free__E)
                  000073d8    00000004     main_pem4f.oem4f (.text:xdc_runtime_System_Module_GateProxy_enter__E)
                  000073dc    00000004     main_pem4f.oem4f (.text:xdc_runtime_System_Module_GateProxy_leave__E)
                  000073e0    00000004     ti.targets.arm.rtsarm.aem4f : System.oem4f (.text:xdc_runtime_System_aprintf_va__F)
                  000073e4    00000004                                 : System.oem4f (.text:xdc_runtime_System_printf_va__F)

.const     0    000073e8    00002102     
                  000073e8    000018e5     main_pem4f.oem4f (.const:xdc_runtime_Text_charTab__A)
                  00008ccd    00000001     main_pem4f.oem4f (.const:xdc_runtime_Error_policy__C)
                  00008cce    00000002     main_pem4f.oem4f (.const:ti_catalog_arm_cortexm4_tiva_ce_Boot_Module__id__C)
                  00008cd0    00000090     driverlib.lib : gpio.obj (.const:g_pui32GPIOBaseAddrs)
                  00008d60    0000006c                   : sysctl.obj (.const:g_pui32Xtals)
                  00008dcc    00000060     main_pem4f.oem4f (.const:ti_uia_loggers_LoggerStopMode_Module__FXNS__C)
                  00008e2c    00000048     main_pem4f.oem4f (.const:.string)
                  00008e74    00000048     cmd_int.obj (.const:director)
                  00008ebc    0000003c     EK_TM4C123GXL.obj (.const:gpioHWAttrs)
                  00008ef8    00000030     main_pem4f.oem4f (.const:ti_sysbios_family_arm_m3_Hwi_Object__PARAMS__C)
                  00008f28    00000028     EK_TM4C123GXL.obj (.const)
                  00008f50    00000028     uart_tivaware.aem4f : UARTTiva.oem4f (.const:UARTTiva_fxnTable)
                  00008f78    00000028     main_pem4f.oem4f (.const:ti_uia_loggers_LoggerStopMode_Object__PARAMS__C)
                  00008fa0    00000028     main_pem4f.oem4f (.const:xdc_runtime_HeapStd_Module__FXNS__C)
                  00008fc8    00000028     main_pem4f.oem4f (.const:xdc_runtime_Startup_sfxnTab__A)
                  00008ff0    00000024     EK_TM4C123GXL.obj (.const:UART_config)
                  00009014    00000024     main_pem4f.oem4f (.const:ti_sysbios_gates_GateHwi_Module__FXNS__C)
                  00009038    00000024     main_pem4f.oem4f (.const:ti_sysbios_gates_GateMutex_Module__FXNS__C)
                  0000905c    00000024     main_pem4f.oem4f (.const:ti_sysbios_knl_Semaphore_Object__PARAMS__C)
                  00009080    00000020     main_pem4f.oem4f (.const)
                  000090a0    00000020     main_pem4f.oem4f (.const:ti_sysbios_family_arm_m3_Hwi_Object__DESC__C)
                  000090c0    00000020     main_pem4f.oem4f (.const:ti_sysbios_gates_GateHwi_Object__DESC__C)
                  000090e0    00000020     main_pem4f.oem4f (.const:ti_sysbios_gates_GateMutex_Object__DESC__C)
                  00009100    00000020     main_pem4f.oem4f (.const:ti_sysbios_knl_Queue_Object__DESC__C)
                  00009120    00000020     main_pem4f.oem4f (.const:ti_sysbios_knl_Semaphore_Object__DESC__C)
                  00009140    00000020     main_pem4f.oem4f (.const:ti_uia_loggers_LoggerStopMode_Object__DESC__C)
                  00009160    00000020     uart_tivaware.aem4f : UART.oem4f (.const)
                  00009180    00000020     main_pem4f.oem4f (.const:xdc_runtime_HeapStd_Object__DESC__C)
                  000091a0    0000001c     main_pem4f.oem4f (.const:xdc_runtime_HeapStd_Object__PARAMS__C)
                  000091bc    00000018     main_pem4f.oem4f (.const:ti_sysbios_gates_GateHwi_Object__PARAMS__C)
                  000091d4    00000018     main_pem4f.oem4f (.const:ti_sysbios_gates_GateMutex_Object__PARAMS__C)
                  000091ec    00000018     main_pem4f.oem4f (.const:ti_sysbios_knl_Queue_Object__PARAMS__C)
                  00009204    00000014     main_pem4f.oem4f (.const:xdc_runtime_Startup_sfxnRts__A)
                  00009218    00000011     ti.targets.arm.rtsarm.aem4f : System.oem4f (.const:.string)
                  00009229    00000001     --HOLE-- [fill = 0]
                  0000922a    00000002     main_pem4f.oem4f (.const:ti_sysbios_family_arm_lm4_TimestampProvider_useClockTimer__C)
                  0000922c    00000010     main_pem4f.oem4f (.const:xdc_runtime_Startup_firstFxns__A)
                  0000923c    00000010     main_pem4f.oem4f (.const:xdc_runtime_Text_nodeTab__A)
                  0000924c    00000008     main_pem4f.oem4f (.const:ti_sysbios_family_arm_m3_Hwi_excHookFuncs__A)
                  00009254    00000008     main_pem4f.oem4f (.const:ti_sysbios_knl_Idle_funcList__A)
                  0000925c    00000008     main_pem4f.oem4f (.const:ti_sysbios_knl_Idle_funcList__C)
                  00009264    00000008     main_pem4f.oem4f (.const:xdc_runtime_Startup_firstFxns__C)
                  0000926c    00000008     main_pem4f.oem4f (.const:xdc_runtime_Startup_lastFxns__C)
                  00009274    00000004     main_pem4f.oem4f (.const:ti_catalog_arm_cortexm4_tiva_ce_Boot_A_mustUseEnhancedClockMode__C)
                  00009278    00000004     main_pem4f.oem4f (.const:ti_catalog_arm_cortexm4_tiva_ce_Boot_Module__diagsEnabled__C)
                  0000927c    00000004     main_pem4f.oem4f (.const:ti_catalog_arm_cortexm4_tiva_ce_Boot_Module__diagsIncluded__C)
                  00009280    00000004     main_pem4f.oem4f (.const:ti_catalog_arm_cortexm4_tiva_ce_Boot_Module__diagsMask__C)
                  00009284    00000004     main_pem4f.oem4f (.const:ti_sysbios_family_arm_lm4_Timer_enableFunc__C)
                  00009288    00000004     main_pem4f.oem4f (.const:ti_sysbios_family_arm_lm4_Timer_numTimerDevices__C)
                  0000928c    00000004     main_pem4f.oem4f (.const:ti_sysbios_family_arm_lm4_Timer_startupNeeded__C)
                  00009290    00000004     main_pem4f.oem4f (.const:ti_sysbios_family_arm_m3_Hwi_E_NMI__C)
                  00009294    00000004     main_pem4f.oem4f (.const:ti_sysbios_family_arm_m3_Hwi_E_alreadyDefined__C)
                  00009298    00000004     main_pem4f.oem4f (.const:ti_sysbios_family_arm_m3_Hwi_E_busFault__C)
                  0000929c    00000004     main_pem4f.oem4f (.const:ti_sysbios_family_arm_m3_Hwi_E_debugMon__C)
                  000092a0    00000004     main_pem4f.oem4f (.const:ti_sysbios_family_arm_m3_Hwi_E_hardFault__C)
                  000092a4    00000004     main_pem4f.oem4f (.const:ti_sysbios_family_arm_m3_Hwi_E_memFault__C)
                  000092a8    00000004     main_pem4f.oem4f (.const:ti_sysbios_family_arm_m3_Hwi_E_noIsr__C)
                  000092ac    00000004     main_pem4f.oem4f (.const:ti_sysbios_family_arm_m3_Hwi_E_reserved__C)
                  000092b0    00000004     main_pem4f.oem4f (.const:ti_sysbios_family_arm_m3_Hwi_E_svCall__C)
                  000092b4    00000004     main_pem4f.oem4f (.const:ti_sysbios_family_arm_m3_Hwi_E_usageFault__C)
                  000092b8    00000004     main_pem4f.oem4f (.const:ti_sysbios_family_arm_m3_Hwi_LD_end__C)
                  000092bc    00000004     main_pem4f.oem4f (.const:ti_sysbios_family_arm_m3_Hwi_LM_begin__C)
                  000092c0    00000004     main_pem4f.oem4f (.const:ti_sysbios_family_arm_m3_Hwi_Module__diagsEnabled__C)
                  000092c4    00000004     main_pem4f.oem4f (.const:ti_sysbios_family_arm_m3_Hwi_Module__diagsIncluded__C)
                  000092c8    00000004     main_pem4f.oem4f (.const:ti_sysbios_family_arm_m3_Hwi_Module__diagsMask__C)
                  000092cc    00000004     main_pem4f.oem4f (.const:ti_sysbios_family_arm_m3_Hwi_Module__loggerFxn1__C)
                  000092d0    00000004     main_pem4f.oem4f (.const:ti_sysbios_family_arm_m3_Hwi_Module__loggerFxn8__C)
                  000092d4    00000004     main_pem4f.oem4f (.const:ti_sysbios_family_arm_m3_Hwi_Module__loggerObj__C)
                  000092d8    00000004     main_pem4f.oem4f (.const:ti_sysbios_family_arm_m3_Hwi_NUM_INTERRUPTS__C)
                  000092dc    00000004     main_pem4f.oem4f (.const:ti_sysbios_family_arm_m3_Hwi_Object__count__C)
                  000092e0    00000004     main_pem4f.oem4f (.const:ti_sysbios_family_arm_m3_Hwi_ccr__C)
                  000092e4    00000004     main_pem4f.oem4f (.const:ti_sysbios_family_arm_m3_Hwi_excHandlerFunc__C)
                  000092e8    00000004     main_pem4f.oem4f (.const:ti_sysbios_family_arm_m3_Hwi_excHookFuncs__C)
                  000092ec    00000004     main_pem4f.oem4f (.const:ti_sysbios_family_arm_m3_Hwi_nullIsrFunc__C)
                  000092f0    00000004     main_pem4f.oem4f (.const:ti_sysbios_family_arm_m3_Hwi_priGroup__C)
                  000092f4    00000004     main_pem4f.oem4f (.const:ti_sysbios_gates_GateMutex_A_badContext__C)
                  000092f8    00000004     main_pem4f.oem4f (.const:ti_sysbios_gates_GateMutex_Instance_State_sem__O)
                  000092fc    00000004     main_pem4f.oem4f (.const:ti_sysbios_gates_GateMutex_Module__diagsEnabled__C)
                  00009300    00000004     main_pem4f.oem4f (.const:ti_sysbios_gates_GateMutex_Module__diagsIncluded__C)
                  00009304    00000004     main_pem4f.oem4f (.const:ti_sysbios_gates_GateMutex_Module__diagsMask__C)
                  00009308    00000004     main_pem4f.oem4f (.const:ti_sysbios_hal_Hwi_E_stackOverflow__C)
                  0000930c    00000004     main_pem4f.oem4f (.const:ti_sysbios_knl_Clock_LM_begin__C)
                  00009310    00000004     main_pem4f.oem4f (.const:ti_sysbios_knl_Clock_LM_tick__C)
                  00009314    00000004     main_pem4f.oem4f (.const:ti_sysbios_knl_Clock_LW_delayed__C)
                  00009318    00000004     main_pem4f.oem4f (.const:ti_sysbios_knl_Clock_Module_State_clockQ__O)
                  0000931c    00000004     main_pem4f.oem4f (.const:ti_sysbios_knl_Clock_Module__diagsEnabled__C)
                  00009320    00000004     main_pem4f.oem4f (.const:ti_sysbios_knl_Clock_Module__diagsIncluded__C)
                  00009324    00000004     main_pem4f.oem4f (.const:ti_sysbios_knl_Clock_Module__diagsMask__C)
                  00009328    00000004     main_pem4f.oem4f (.const:ti_sysbios_knl_Clock_Module__loggerFxn1__C)
                  0000932c    00000004     main_pem4f.oem4f (.const:ti_sysbios_knl_Clock_Module__loggerFxn2__C)
                  00009330    00000004     main_pem4f.oem4f (.const:ti_sysbios_knl_Clock_Module__loggerObj__C)
                  00009334    00000004     main_pem4f.oem4f (.const:ti_sysbios_knl_Semaphore_A_badContext__C)
                  00009338    00000004     main_pem4f.oem4f (.const:ti_sysbios_knl_Semaphore_A_noEvents__C)
                  0000933c    00000004     main_pem4f.oem4f (.const:ti_sysbios_knl_Semaphore_A_overflow__C)
                  00009340    00000004     main_pem4f.oem4f (.const:ti_sysbios_knl_Semaphore_A_pendTaskDisabled__C)
                  00009344    00000004     main_pem4f.oem4f (.const:ti_sysbios_knl_Semaphore_Instance_State_pendQ__O)
                  00009348    00000004     main_pem4f.oem4f (.const:ti_sysbios_knl_Semaphore_LM_pend__C)
                  0000934c    00000004     main_pem4f.oem4f (.const:ti_sysbios_knl_Semaphore_LM_post__C)
                  00009350    00000004     main_pem4f.oem4f (.const:ti_sysbios_knl_Semaphore_Module__diagsEnabled__C)
                  00009354    00000004     main_pem4f.oem4f (.const:ti_sysbios_knl_Semaphore_Module__diagsIncluded__C)
                  00009358    00000004     main_pem4f.oem4f (.const:ti_sysbios_knl_Semaphore_Module__diagsMask__C)
                  0000935c    00000004     main_pem4f.oem4f (.const:ti_sysbios_knl_Semaphore_Module__loggerFxn2__C)
                  00009360    00000004     main_pem4f.oem4f (.const:ti_sysbios_knl_Semaphore_Module__loggerFxn4__C)
                  00009364    00000004     main_pem4f.oem4f (.const:ti_sysbios_knl_Semaphore_Module__loggerObj__C)
                  00009368    00000004     main_pem4f.oem4f (.const:ti_sysbios_knl_Task_LD_block__C)
                  0000936c    00000004     main_pem4f.oem4f (.const:ti_sysbios_knl_Task_LD_exit__C)
                  00009370    00000004     main_pem4f.oem4f (.const:ti_sysbios_knl_Task_LD_ready__C)
                  00009374    00000004     main_pem4f.oem4f (.const:ti_sysbios_knl_Task_LM_switch__C)
                  00009378    00000004     main_pem4f.oem4f (.const:ti_sysbios_knl_Task_Module_State_inactiveQ__O)
                  0000937c    00000004     main_pem4f.oem4f (.const:ti_sysbios_knl_Task_Module__diagsEnabled__C)
                  00009380    00000004     main_pem4f.oem4f (.const:ti_sysbios_knl_Task_Module__diagsIncluded__C)
                  00009384    00000004     main_pem4f.oem4f (.const:ti_sysbios_knl_Task_Module__diagsMask__C)
                  00009388    00000004     main_pem4f.oem4f (.const:ti_sysbios_knl_Task_Module__loggerFxn2__C)
                  0000938c    00000004     main_pem4f.oem4f (.const:ti_sysbios_knl_Task_Module__loggerFxn4__C)
                  00009390    00000004     main_pem4f.oem4f (.const:ti_sysbios_knl_Task_Module__loggerObj__C)
                  00009394    00000004     main_pem4f.oem4f (.const:ti_sysbios_knl_Task_Object__count__C)
                  00009398    00000004     main_pem4f.oem4f (.const:ti_sysbios_knl_Task_allBlockedFunc__C)
                  0000939c    00000004     main_pem4f.oem4f (.const:ti_sysbios_knl_Task_numConstructedTasks__C)
                  000093a0    00000004     main_pem4f.oem4f (.const:ti_sysbios_utils_Load_LS_cpuLoad__C)
                  000093a4    00000004     main_pem4f.oem4f (.const:ti_sysbios_utils_Load_LS_hwiLoad__C)
                  000093a8    00000004     main_pem4f.oem4f (.const:ti_sysbios_utils_Load_Module__diagsEnabled__C)
                  000093ac    00000004     main_pem4f.oem4f (.const:ti_sysbios_utils_Load_Module__diagsIncluded__C)
                  000093b0    00000004     main_pem4f.oem4f (.const:ti_sysbios_utils_Load_Module__diagsMask__C)
                  000093b4    00000004     main_pem4f.oem4f (.const:ti_sysbios_utils_Load_Module__loggerFxn1__C)
                  000093b8    00000004     main_pem4f.oem4f (.const:ti_sysbios_utils_Load_Module__loggerFxn2__C)
                  000093bc    00000004     main_pem4f.oem4f (.const:ti_sysbios_utils_Load_Module__loggerObj__C)
                  000093c0    00000004     main_pem4f.oem4f (.const:ti_sysbios_utils_Load_postUpdate__C)
                  000093c4    00000004     main_pem4f.oem4f (.const:ti_sysbios_utils_Load_windowInMs__C)
                  000093c8    00000004     main_pem4f.oem4f (.const:ti_uia_loggers_LoggerStopMode_Module__diagsEnabled__C)
                  000093cc    00000004     main_pem4f.oem4f (.const:ti_uia_loggers_LoggerStopMode_Module__diagsIncluded__C)
                  000093d0    00000004     main_pem4f.oem4f (.const:ti_uia_loggers_LoggerStopMode_Module__diagsMask__C)
                  000093d4    00000004     main_pem4f.oem4f (.const:ti_uia_loggers_LoggerStopMode_Object__count__C)
                  000093d8    00000004     main_pem4f.oem4f (.const:ti_uia_runtime_ILoggerSnapshot_Interface__BASE__C)
                  000093dc    00000004     main_pem4f.oem4f (.const:ti_uia_runtime_IUIATransfer_Interface__BASE__C)
                  000093e0    00000004     main_pem4f.oem4f (.const:xdc_runtime_Assert_E_assertFailed__C)
                  000093e4    00000004     main_pem4f.oem4f (.const:xdc_runtime_Core_A_initializedParams__C)
                  000093e8    00000004     main_pem4f.oem4f (.const:xdc_runtime_Core_Module__diagsEnabled__C)
                  000093ec    00000004     main_pem4f.oem4f (.const:xdc_runtime_Core_Module__diagsIncluded__C)
                  000093f0    00000004     main_pem4f.oem4f (.const:xdc_runtime_Core_Module__diagsMask__C)
                  000093f4    00000004     main_pem4f.oem4f (.const:xdc_runtime_Error_E_memory__C)
                  000093f8    00000004     main_pem4f.oem4f (.const:xdc_runtime_Error_Module__diagsEnabled__C)
                  000093fc    00000004     main_pem4f.oem4f (.const:xdc_runtime_Error_Module__diagsIncluded__C)
                  00009400    00000004     main_pem4f.oem4f (.const:xdc_runtime_Error_Module__diagsMask__C)
                  00009404    00000004     main_pem4f.oem4f (.const:xdc_runtime_Error_Module__loggerFxn8__C)
                  00009408    00000004     main_pem4f.oem4f (.const:xdc_runtime_Error_Module__loggerObj__C)
                  0000940c    00000004     main_pem4f.oem4f (.const:xdc_runtime_Error_policyFxn__C)
                  00009410    00000004     main_pem4f.oem4f (.const:xdc_runtime_Error_raiseHook__C)
                  00009414    00000004     main_pem4f.oem4f (.const:xdc_runtime_HeapStd_A_align__C)
                  00009418    00000004     main_pem4f.oem4f (.const:xdc_runtime_HeapStd_A_invalidTotalFreeSize__C)
                  0000941c    00000004     main_pem4f.oem4f (.const:xdc_runtime_HeapStd_A_zeroSize__C)
                  00009420    00000004     main_pem4f.oem4f (.const:xdc_runtime_HeapStd_E_noRTSMemory__C)
                  00009424    00000004     main_pem4f.oem4f (.const:xdc_runtime_HeapStd_Module__diagsEnabled__C)
                  00009428    00000004     main_pem4f.oem4f (.const:xdc_runtime_HeapStd_Module__diagsIncluded__C)
                  0000942c    00000004     main_pem4f.oem4f (.const:xdc_runtime_HeapStd_Module__diagsMask__C)
                  00009430    00000004     main_pem4f.oem4f (.const:xdc_runtime_IFilterLogger_Interface__BASE__C)
                  00009434    00000004     main_pem4f.oem4f (.const:xdc_runtime_IGateProvider_Interface__BASE__C)
                  00009438    00000004     main_pem4f.oem4f (.const:xdc_runtime_IHeap_Interface__BASE__C)
                  0000943c    00000004     main_pem4f.oem4f (.const:xdc_runtime_ILogger_Interface__BASE__C)
                  00009440    00000004     main_pem4f.oem4f (.const:xdc_runtime_IModule_Interface__BASE__C)
                  00009444    00000004     main_pem4f.oem4f (.const:xdc_runtime_Log_L_error__C)
                  00009448    00000004     main_pem4f.oem4f (.const:xdc_runtime_Log_L_warning__C)
                  0000944c    00000004     main_pem4f.oem4f (.const:xdc_runtime_Main_Module__diagsEnabled__C)
                  00009450    00000004     main_pem4f.oem4f (.const:xdc_runtime_Main_Module__diagsIncluded__C)
                  00009454    00000004     main_pem4f.oem4f (.const:xdc_runtime_Main_Module__diagsMask__C)
                  00009458    00000004     main_pem4f.oem4f (.const:xdc_runtime_Main_Module__loggerFxn2__C)
                  0000945c    00000004     main_pem4f.oem4f (.const:xdc_runtime_Main_Module__loggerFxn4__C)
                  00009460    00000004     main_pem4f.oem4f (.const:xdc_runtime_Main_Module__loggerObj__C)
                  00009464    00000004     main_pem4f.oem4f (.const:xdc_runtime_Memory_defaultHeapInstance__C)
                  00009468    00000004     main_pem4f.oem4f (.const:xdc_runtime_Startup_execImpl__C)
                  0000946c    00000004     main_pem4f.oem4f (.const:xdc_runtime_Startup_lastFxns__A)
                  00009470    00000004     main_pem4f.oem4f (.const:xdc_runtime_Startup_maxPasses__C)
                  00009474    00000004     main_pem4f.oem4f (.const:xdc_runtime_Startup_sfxnRts__C)
                  00009478    00000004     main_pem4f.oem4f (.const:xdc_runtime_Startup_sfxnTab__C)
                  0000947c    00000004     main_pem4f.oem4f (.const:xdc_runtime_SysMin_bufSize__C)
                  00009480    00000004     main_pem4f.oem4f (.const:xdc_runtime_SysMin_outputFunc__C)
                  00009484    00000004     main_pem4f.oem4f (.const:xdc_runtime_System_Module__gateObj__C)
                  00009488    00000004     main_pem4f.oem4f (.const:xdc_runtime_System_abortFxn__C)
                  0000948c    00000004     main_pem4f.oem4f (.const:xdc_runtime_System_exitFxn__C)
                  00009490    00000004     main_pem4f.oem4f (.const:xdc_runtime_System_extendFxn__C)
                  00009494    00000004     main_pem4f.oem4f (.const:xdc_runtime_System_maxAtexitHandlers__C)
                  00009498    00000004     main_pem4f.oem4f (.const:xdc_runtime_Text_charTab__C)
                  0000949c    00000004     main_pem4f.oem4f (.const:xdc_runtime_Text_nameEmpty__C)
                  000094a0    00000004     main_pem4f.oem4f (.const:xdc_runtime_Text_nameStatic__C)
                  000094a4    00000004     main_pem4f.oem4f (.const:xdc_runtime_Text_nameUnknown__C)
                  000094a8    00000004     main_pem4f.oem4f (.const:xdc_runtime_Text_nodeTab__C)
                  000094ac    00000004     main_pem4f.oem4f (.const:xdc_runtime_Text_visitRopeFxn__C)
                  000094b0    00000002     main_pem4f.oem4f (.const:ti_sysbios_family_arm_m3_Hwi_Module__id__C)
                  000094b2    00000002     main_pem4f.oem4f (.const:ti_sysbios_family_arm_m3_Hwi_Module__loggerDefined__C)
                  000094b4    00000002     main_pem4f.oem4f (.const:ti_sysbios_gates_GateMutex_Module__id__C)
                  000094b6    00000002     main_pem4f.oem4f (.const:ti_sysbios_hal_Hwi_Module__id__C)
                  000094b8    00000002     main_pem4f.oem4f (.const:ti_sysbios_knl_Clock_Module__id__C)
                  000094ba    00000002     main_pem4f.oem4f (.const:ti_sysbios_knl_Clock_Module__loggerDefined__C)
                  000094bc    00000002     main_pem4f.oem4f (.const:ti_sysbios_knl_Semaphore_Module__id__C)
                  000094be    00000002     main_pem4f.oem4f (.const:ti_sysbios_knl_Semaphore_Module__loggerDefined__C)
                  000094c0    00000002     main_pem4f.oem4f (.const:ti_sysbios_knl_Task_Module__id__C)
                  000094c2    00000002     main_pem4f.oem4f (.const:ti_sysbios_knl_Task_Module__loggerDefined__C)
                  000094c4    00000002     main_pem4f.oem4f (.const:ti_sysbios_knl_Task_initStackFlag__C)
                  000094c6    00000002     main_pem4f.oem4f (.const:ti_sysbios_utils_Load_Module__id__C)
                  000094c8    00000002     main_pem4f.oem4f (.const:ti_sysbios_utils_Load_Module__loggerDefined__C)
                  000094ca    00000002     main_pem4f.oem4f (.const:ti_sysbios_utils_Load_hwiEnabled__C)
                  000094cc    00000002     main_pem4f.oem4f (.const:ti_sysbios_utils_Load_updateInIdle__C)
                  000094ce    00000002     main_pem4f.oem4f (.const:ti_uia_loggers_LoggerStopMode_Module__id__C)
                  000094d0    00000002     main_pem4f.oem4f (.const:ti_uia_loggers_LoggerStopMode_isTimestampEnabled__C)
                  000094d2    00000002     main_pem4f.oem4f (.const:xdc_runtime_Core_Module__id__C)
                  000094d4    00000002     main_pem4f.oem4f (.const:xdc_runtime_Error_Module__loggerDefined__C)
                  000094d6    00000002     main_pem4f.oem4f (.const:xdc_runtime_Error_maxDepth__C)
                  000094d8    00000002     main_pem4f.oem4f (.const:xdc_runtime_HeapStd_Module__id__C)
                  000094da    00000002     main_pem4f.oem4f (.const:xdc_runtime_Main_Module__id__C)
                  000094dc    00000002     main_pem4f.oem4f (.const:xdc_runtime_Main_Module__loggerDefined__C)
                  000094de    00000002     main_pem4f.oem4f (.const:xdc_runtime_Memory_Module__id__C)
                  000094e0    00000002     main_pem4f.oem4f (.const:xdc_runtime_SysMin_flushAtExit__C)
                  000094e2    00000002     main_pem4f.oem4f (.const:xdc_runtime_Text_charCnt__C)
                  000094e4    00000002     main_pem4f.oem4f (.const:xdc_runtime_Text_isLoaded__C)
                  000094e6    00000002     main_pem4f.oem4f (.const:xdc_runtime_Text_registryModsLastId__C)
                  000094e8    00000002     main_pem4f.oem4f (.const:xdc_runtime_Text_unnamedModsLastId__C)

.cinit     0    000094f0    00000420     
                  000094f0    000003e6     (.cinit..data.load) [load image, compression = rle]
                  000098d6    00000002     --HOLE-- [fill = 0]
                  000098d8    0000000c     (__TI_handler_table)
                  000098e4    00000004     --HOLE-- [fill = 0]
                  000098e8    00000008     (.cinit..bss.load) [load image, compression = zero_init]
                  000098f0    00000008     (.cinit..vecs.load) [load image, compression = zero_init]
                  000098f8    00000018     (__TI_cinit_table)

.vecs      0    20000000    00000360     UNINITIALIZED
                  20000000    00000360     main_pem4f.oem4f (.vecs)

.bss       0    20000380    00001eb0     UNINITIALIZED
                  20000380    00001000     main_pem4f.oem4f (.bss:taskStackSection)
                  20001380    00000400     main_pem4f.oem4f (.bss:ti_uia_loggers_LoggerStopMode_Instance_State_2_packetArray__A)
                  20001780    00000360     main_pem4f.oem4f (.bss:ti_sysbios_family_arm_m3_Hwi_dispatchTable)
                  20001ae0    00000020     (.common:uartParams)
                  20001b00    00000200     main_pem4f.oem4f (.bss:ti_uia_loggers_LoggerStopMode_Instance_State_1_packetArray__A)
                  20001d00    00000120     rtsv7M4_T_le_v4SPD16_eabi.lib : trgmsg.obj (.bss:__CIOBUF_)
                  20001e20    00000110     EK_TM4C123GXL.obj (.bss:uartTivaObjects)
                  20001f30    0000002c     uart.obj (.bss:Buffer1)
                  20001f5c    00000008     (.common:parmbuf)
                  20001f64    00000004     (.common:C)
                  20001f68    00000004     (.common:L)
                  20001f6c    00000004     (.common:R)
                  20001f70    00000004     (.common:inputC1)
                  20001f74    00000004     (.common:uart)
                  20001f78    00000004     (.common:ulPeriod)
                  20001f7c    00000004     --HOLE--
                  20001f80    00000100     main_pem4f.oem4f (.bss:ti_uia_loggers_LoggerStopMode_Instance_State_0_packetArray__A)
                  20002080    00000080     main_pem4f.oem4f (.bss:xdc_runtime_SysMin_Module_State_0_outbuf__A)
                  20002100    00000030     main_pem4f.oem4f (.bss:ti_uia_loggers_LoggerStopMode_Instance_State_0_hdr__A)
                  20002130    00000050     --HOLE--
                  20002180    00000030     main_pem4f.oem4f (.bss:ti_uia_loggers_LoggerStopMode_Instance_State_1_hdr__A)
                  200021b0    00000050     --HOLE--
                  20002200    00000030     main_pem4f.oem4f (.bss:ti_uia_loggers_LoggerStopMode_Instance_State_2_hdr__A)

.data      0    20002230    00000648     UNINITIALIZED
                  20002230    0000019c     main_pem4f.oem4f (.data)
                  200023cc    00000100     main_pem4f.oem4f (.data:ti_sysbios_family_arm_lm4_Timer_Object__table__V)
                  200024cc    0000009c     main_pem4f.oem4f (.data:ti_uia_loggers_LoggerStopMode_Object__table__V)
                  20002568    00000098     main_pem4f.oem4f (.data:ti_sysbios_knl_Task_Object__table__V)
                  20002600    00000098     main_pem4f.oem4f (.data:ti_sysbios_utils_Load_Module__state__V)
                  20002698    00000060     main_pem4f.oem4f (.data:ti_sysbios_family_arm_m3_Hwi_Object__table__V)
                  200026f8    00000050     main_pem4f.oem4f (.data:ti_sysbios_knl_Semaphore_Object__table__V)
                  20002748    00000044     main_pem4f.oem4f (.data:ti_sysbios_knl_Task_Module__state__V)
                  2000278c    00000034     main_pem4f.oem4f (.data:ti_sysbios_family_arm_m3_Hwi_Module__state__V)
                  200027c0    00000030     main_pem4f.oem4f (.data:ti_sysbios_family_arm_lm4_Timer_Module_State_0_device__A)
                  200027f0    0000002c     main_pem4f.oem4f (.data:ti_sysbios_knl_Clock_Module__state__V)
                  2000281c    00000024     main_pem4f.oem4f (.data:ti_sysbios_BIOS_Module__state__V)
                  20002840    00000010     uart.obj (.data)
                  20002850    00000008     gpio_tivaware.aem4f : GPIO.oem4f (.data)
                  20002858    00000008     rtsv7M4_T_le_v4SPD16_eabi.lib : _lock.obj (.data)
                  20002860    00000008                                   : exit.obj (.data)
                  20002868    00000008     ti.uia.runtime.aem4f : QueueDescriptor.oem4f (.data)
                  20002870    00000004     rtsv7M4_T_le_v4SPD16_eabi.lib : stkdepth_vars.obj (.data)
                  20002874    00000004     uart_tivaware.aem4f : UART.oem4f (.data)

.stack     0    20002878    00000400     UNINITIALIZED
                  20002878    00000400     --HOLE--


LINKER GENERATED COPY TABLES

__TI_cinit_table @ 000098f8 records: 3, size/record: 8, table size: 24
	.data: load addr=000094f0, load size=000003e6 bytes, run addr=20002230, run size=00000648 bytes, compression=rle
	.bss: load addr=000098e8, load size=00000008 bytes, run addr=20000380, run size=00001eb0 bytes, compression=zero_init
	.vecs: load addr=000098f0, load size=00000008 bytes, run addr=20000000, run size=00000360 bytes, compression=zero_init


LINKER GENERATED HANDLER TABLE

__TI_handler_table @ 000098d8 records: 3, size/record: 4, table size: 12
	index: 0, handler: __TI_zero_init
	index: 1, handler: __TI_decompress_rle24
	index: 2, handler: __TI_decompress_none


GLOBAL SYMBOLS: SORTED ALPHABETICALLY BY Name 

address    name
--------   ----
000060b1   ADCSequenceConfigure
00007189   ADCSequenceEnable
00004fd9   ADCSequenceStepConfigure
000072cb   Brake
20001f30   Buffer1
20001f64   C
00005dd1   C$$EXIT
0000558b   C$$IO$$
00009084   CmdSema
00004e49   EK_TM4C123GXL_initGPIO
00006031   EK_TM4C123GXL_initGeneral
000059b9   EK_TM4C123GXL_initUART
20002848   Fillptr
00007007   Forward
000067b1   GPIODirModeSet
0000292d   GPIOPadConfigSet
00005b95   GPIOPinConfigure
00007313   GPIOPinRead
00006f65   GPIOPinTypeADC
00006f77   GPIOPinTypeGPIOInput
00006d27   GPIOPinTypeGPIOOutput
00006f89   GPIOPinTypePWM
00006f9b   GPIOPinTypeUART
00007319   GPIOPinWrite
00008f28   GPIO_config
000068a1   GPIO_init
000037e9   GPIO_write
00000d29   HOSTclock
00000cf1   HOSTclose
00000cb3   HOSTgetenv
00000c57   HOSTlseek
00000c05   HOSTopen
00000bb9   HOSTread
00000b5b   HOSTrename
00000b21   HOSTtime
00000ae9   HOSTunlink
00000a9d   HOSTwrite
00005bdd   IRSensorInit
000064c9   InitialPinSet
000054a1   InterpretTask
20001f68   L
00007017   Left1Test
00007027   Left2Test
00007039   LineClock
000064f9   LineInit
00006805   LineSensorInput_ISR
00004f59   LineSensorRead_ISR
00006ba5   MotorStop
0000243d   Motors_Init
00004ed1   Motors_shift
0000699d   PWMGenConfigure
000071e9   PWMGenDisable
000071f5   PWMGenEnable
00007049   PWMGenPeriodSet
00006fad   PWMOutputState
00006b85   PWMPulseWidthSet
20001f6c   R
00006a05   RXCmdTask
00009088   RXSema
00007059   Reverse
00006529   ReversePinSet
00007069   Right1Test
00007079   Right2Test
UNDEFED    SHT$$INIT_ARRAY$$Base
UNDEFED    SHT$$INIT_ARRAY$$Limit
00009094   SensorSema
00009098   SensorSemaAlpha
00002ee9   SysCtlClockGet
00006eed   SysCtlPWMClockSet
000062f5   SysCtlPeripheralEnable
200025b4   TSK_idle
2000284c   Txptr
00007285   UARTCharGet
00007197   UARTCharGetNonBlocking
0000728f   UARTCharPut
000071a5   UARTCharPutNonBlocking
00005fad   UARTConfigSetExpClk
00006bc1   UARTDisable
00006f01   UARTEnable
0000731f   UARTFIFOLevelSet
00007361   UARTIntClear
00007299   UARTIntDisable
000072d3   UARTIntEnable
000072a3   UARTIntStatus
0000469d   UARTTiva_close
00007325   UARTTiva_control
00008f50   UARTTiva_fxnTable
000072db   UARTTiva_init
00000d71   UARTTiva_open
00001229   UARTTiva_read
00003e6d   UARTTiva_readCancel
0000194d   UARTTiva_readPolling
00001015   UARTTiva_write
00003c2d   UARTTiva_writeCancel
00001eed   UARTTiva_writePolling
00006329   UART_Params_init
00008ff0   UART_config
00009160   UART_defaultParams
000061a5   UART_init
00005c25   UART_open
0000635d   UART_read
00005501   UartInit
00000000   __ASM__
20001d00   __CIOBUF_
0000007d   __ISA__
00000090   __PLAT__
20002c78   __STACK_END
00000400   __STACK_SIZE
20002978   __STACK_TOP
000000b1   __TARG__
000098f8   __TI_CINIT_Base
00009910   __TI_CINIT_Limit
000098d8   __TI_Handler_Table_Base
000098e4   __TI_Handler_Table_Limit
00000001   __TI_args_main
0000473d   __TI_auto_init
20002860   __TI_cleanup_ptr
000071b3   __TI_decompress_none
00007331   __TI_decompress_rle24
20002864   __TI_dtors_ptr
0000558f   __TI_readmsg
00000000   __TI_static_base__
00005561   __TI_writemsg
00006fbf   __TI_zero_init
000000d7   __TRDR__
00005053   __aeabi_memclr
00005053   __aeabi_memclr4
00005053   __aeabi_memclr8
000047dd   __aeabi_memcpy
000047dd   __aeabi_memcpy4
000047dd   __aeabi_memcpy8
00005055   __aeabi_memset
00005055   __aeabi_memset4
00005055   __aeabi_memset8
00005fef   __aeabi_uidivmod
ffffffff   __binit__
ffffffff   __c_args__
20002878   __stack
0000732b   __xdc__init
200023c8   __xdc__init__addr
00006d41   _args_main
00005859   _c_int00
20002858   _lock
00006f23   _nop
00006f1b   _register_lock
00006f15   _register_unlock
2000285c   _unlock
00005dd5   abort
ffffffff   binit
0000909c   clock0
000072e3   cmd_Init
00005d8d   copy_in
20002844   ct
00008e74   director
00005ddd   exit
00004a4b   free
00008ebc   gpioHWAttrs
20002840   h
20001f70   inputC1
000039b9   main
20002870   main_func_sp
00007365   malloc
000047dd   memcpy
0000505b   memset
00007089   strcpy
00006f29   strlen
00009080   task0
00009274   ti_catalog_arm_cortexm4_tiva_ce_Boot_A_mustUseEnhancedClockMode__C
00009278   ti_catalog_arm_cortexm4_tiva_ce_Boot_Module__diagsEnabled__C
0000927c   ti_catalog_arm_cortexm4_tiva_ce_Boot_Module__diagsIncluded__C
00009280   ti_catalog_arm_cortexm4_tiva_ce_Boot_Module__diagsMask__C
00008cce   ti_catalog_arm_cortexm4_tiva_ce_Boot_Module__id__C
000071dd   ti_catalog_arm_cortexm4_tiva_ce_Boot_init__I
0000330d   ti_catalog_arm_cortexm4_tiva_ce_Boot_sysCtlClockSetI__I
00004ae5   ti_catalog_arm_cortexm4_tiva_ce_Boot_sysCtlClockSet__E
00007337   ti_catalog_arm_cortexm4_tiva_ce_Boot_sysCtlDelayI__I
2000281c   ti_sysbios_BIOS_Module__state__V
00007369   ti_sysbios_BIOS_RtsGateProxy_enter__E
0000736d   ti_sysbios_BIOS_RtsGateProxy_leave__E
00007385   ti_sysbios_BIOS_RtsGateProxy_query__E
000066a9   ti_sysbios_BIOS_atExitFunc__I
000068c5   ti_sysbios_BIOS_errorRaiseHook__I
00006ea9   ti_sysbios_BIOS_exitFunc__I
00007099   ti_sysbios_BIOS_getCpuFreq__E
000050cb   ti_sysbios_BIOS_nullFunc__I
000068e9   ti_sysbios_BIOS_registerRTSLock__I
0000690d   ti_sysbios_BIOS_removeRTSLock__I
00006bdd   ti_sysbios_BIOS_rtsLock__I
00006d59   ti_sysbios_BIOS_rtsUnlock__I
000070a9   ti_sysbios_BIOS_setThreadType__E
00006a25   ti_sysbios_BIOS_startFunc__I
000070b9   ti_sysbios_BIOS_start__E
200027c0   ti_sysbios_family_arm_lm4_Timer_Module_State_0_device__A
20002248   ti_sysbios_family_arm_lm4_Timer_Module_State_0_handles__A
20002240   ti_sysbios_family_arm_lm4_Timer_Module__root__V
00006d71   ti_sysbios_family_arm_lm4_Timer_Module__startupDone__F
00006d71   ti_sysbios_family_arm_lm4_Timer_Module__startupDone__S
20002260   ti_sysbios_family_arm_lm4_Timer_Module__state__V
000057a1   ti_sysbios_family_arm_lm4_Timer_Module_startup__E
200023cc   ti_sysbios_family_arm_lm4_Timer_Object__table__V
00009284   ti_sysbios_family_arm_lm4_Timer_enableFunc__C
00004359   ti_sysbios_family_arm_lm4_Timer_enableTimers__I
000042ad   ti_sysbios_family_arm_lm4_Timer_enableTiva__I
00007201   ti_sysbios_family_arm_lm4_Timer_getMaxTicks__E
00007371   ti_sysbios_family_arm_lm4_Timer_getPeriod__E
000055c1   ti_sysbios_family_arm_lm4_Timer_isrStub__E
000072f3   ti_sysbios_family_arm_lm4_Timer_masterDisable__I
00007375   ti_sysbios_family_arm_lm4_Timer_masterEnable__I
00009288   ti_sysbios_family_arm_lm4_Timer_numTimerDevices__C
00002049   ti_sysbios_family_arm_lm4_Timer_start__E
0000928c   ti_sysbios_family_arm_lm4_Timer_startupNeeded__C
00006071   ti_sysbios_family_arm_lm4_Timer_startup__E
00005e15   ti_sysbios_family_arm_lm4_Timer_stop__E
000069bf   ti_sysbios_family_arm_lm4_Timer_write__I
2000226c   ti_sysbios_family_arm_lm4_TimestampProvider_Module__state__V
0000733d   ti_sysbios_family_arm_lm4_TimestampProvider_Module_startup__E
00003ced   ti_sysbios_family_arm_lm4_TimestampProvider_get32__E
00001c1d   ti_sysbios_family_arm_lm4_TimestampProvider_get64__E
00007099   ti_sysbios_family_arm_lm4_TimestampProvider_getFreq__E
000070c9   ti_sysbios_family_arm_lm4_TimestampProvider_rolloverFunc__E
0000720d   ti_sysbios_family_arm_lm4_TimestampProvider_startTimer__E
0000922a   ti_sysbios_family_arm_lm4_TimestampProvider_useClockTimer__C
00009290   ti_sysbios_family_arm_m3_Hwi_E_NMI__C
00009294   ti_sysbios_family_arm_m3_Hwi_E_alreadyDefined__C
00009298   ti_sysbios_family_arm_m3_Hwi_E_busFault__C
0000929c   ti_sysbios_family_arm_m3_Hwi_E_debugMon__C
000092a0   ti_sysbios_family_arm_m3_Hwi_E_hardFault__C
000092a4   ti_sysbios_family_arm_m3_Hwi_E_memFault__C
000092a8   ti_sysbios_family_arm_m3_Hwi_E_noIsr__C
000092ac   ti_sysbios_family_arm_m3_Hwi_E_reserved__C
000092b0   ti_sysbios_family_arm_m3_Hwi_E_svCall__C
000092b4   ti_sysbios_family_arm_m3_Hwi_E_usageFault__C
00006d89   ti_sysbios_family_arm_m3_Hwi_Handle__label__S
000066d5   ti_sysbios_family_arm_m3_Hwi_Instance_finalize__E
00004879   ti_sysbios_family_arm_m3_Hwi_Instance_init__E
000092b8   ti_sysbios_family_arm_m3_Hwi_LD_end__C
000092bc   ti_sysbios_family_arm_m3_Hwi_LM_begin__C
2000227c   ti_sysbios_family_arm_m3_Hwi_Module_State_0_excActive__A
20002280   ti_sysbios_family_arm_m3_Hwi_Module_State_0_excContext__A
20002284   ti_sysbios_family_arm_m3_Hwi_Module_State_0_excStack__A
000092c0   ti_sysbios_family_arm_m3_Hwi_Module__diagsEnabled__C
000092c4   ti_sysbios_family_arm_m3_Hwi_Module__diagsIncluded__C
000092c8   ti_sysbios_family_arm_m3_Hwi_Module__diagsMask__C
000094b0   ti_sysbios_family_arm_m3_Hwi_Module__id__C
000094b2   ti_sysbios_family_arm_m3_Hwi_Module__loggerDefined__C
000092cc   ti_sysbios_family_arm_m3_Hwi_Module__loggerFxn1__C
000092d0   ti_sysbios_family_arm_m3_Hwi_Module__loggerFxn8__C
000092d4   ti_sysbios_family_arm_m3_Hwi_Module__loggerObj__C
20002274   ti_sysbios_family_arm_m3_Hwi_Module__root__V
00006da1   ti_sysbios_family_arm_m3_Hwi_Module__startupDone__F
00006da1   ti_sysbios_family_arm_m3_Hwi_Module__startupDone__S
2000278c   ti_sysbios_family_arm_m3_Hwi_Module__state__V
00005afd   ti_sysbios_family_arm_m3_Hwi_Module_startup__E
000092d8   ti_sysbios_family_arm_m3_Hwi_NUM_INTERRUPTS__C
000090a0   ti_sysbios_family_arm_m3_Hwi_Object__DESC__C
00008ef8   ti_sysbios_family_arm_m3_Hwi_Object__PARAMS__C
000092dc   ti_sysbios_family_arm_m3_Hwi_Object__count__C
00006bf9   ti_sysbios_family_arm_m3_Hwi_Object__destruct__S
00006f3d   ti_sysbios_family_arm_m3_Hwi_Object__get__S
20002698   ti_sysbios_family_arm_m3_Hwi_Object__table__V
00007219   ti_sysbios_family_arm_m3_Hwi_Params__init__S
000092e0   ti_sysbios_family_arm_m3_Hwi_ccr__C
000058b1   ti_sysbios_family_arm_m3_Hwi_construct
00007379   ti_sysbios_family_arm_m3_Hwi_destruct
00007225   ti_sysbios_family_arm_m3_Hwi_disableFxn__E
00005e59   ti_sysbios_family_arm_m3_Hwi_disableInterrupt__E
00002b89   ti_sysbios_family_arm_m3_Hwi_dispatchC__I
20001780   ti_sysbios_family_arm_m3_Hwi_dispatchTable
00003601   ti_sysbios_family_arm_m3_Hwi_dispatch__I
0000579f   ti_sysbios_family_arm_m3_Hwi_doSwiRestore__I
00006a45   ti_sysbios_family_arm_m3_Hwi_doTaskRestore__I
00005e9d   ti_sysbios_family_arm_m3_Hwi_enableInterrupt__E
00001d85   ti_sysbios_family_arm_m3_Hwi_excBusFault__I
0000414d   ti_sysbios_family_arm_m3_Hwi_excDebugMon__I
0000003d   ti_sysbios_family_arm_m3_Hwi_excDumpRegs__I
00006a65   ti_sysbios_family_arm_m3_Hwi_excHandlerAsm__I
000092e4   ti_sysbios_family_arm_m3_Hwi_excHandlerFunc__C
[...]
00007099   xdc_runtime_Timestamp_getFreq__E
000070a9   ti_sysbios_BIOS_setThreadType__E
000070b9   ti_sysbios_BIOS_start__E
000070c9   ti_sysbios_family_arm_lm4_TimestampProvider_rolloverFunc__E
000070d9   ti_sysbios_family_arm_m3_TaskSupport_glue
000070e9   ti_sysbios_gates_GateMutex_Instance_finalize__E
000070f9   ti_sysbios_knl_Semaphore_Instance_finalize__E
00007109   ti_sysbios_knl_Task_Object__get__S
00007119   ti_sysbios_knl_Task_disable__E
00007129   ti_uia_loggers_LoggerStopMode_Object__get__S
00007139   ti_uia_loggers_LoggerStopMode_isEmpty__E
00007149   xdc_runtime_Gate_leaveSystem__E
00007159   xdc_runtime_Memory_free__E
00007169   xdc_runtime_SysMin_ready__E
00007169   xdc_runtime_System_SupportProxy_ready__E
00007179   xdc_runtime_System_vsnprintf__E
00007189   ADCSequenceEnable
00007197   UARTCharGetNonBlocking
000071a5   UARTCharPutNonBlocking
000071b3   __TI_decompress_none
000071c1   ti_sysbios_knl_Queue_empty__E
000071cf   xdc_runtime_HeapStd_getStats__E
000071dd   ti_catalog_arm_cortexm4_tiva_ce_Boot_init__I
000071e9   PWMGenDisable
000071f5   PWMGenEnable
00007201   ti_sysbios_family_arm_lm4_Timer_getMaxTicks__E
0000720d   ti_sysbios_family_arm_lm4_TimestampProvider_startTimer__E
00007219   ti_sysbios_family_arm_m3_Hwi_Params__init__S
00007225   ti_sysbios_family_arm_m3_Hwi_disableFxn__E
00007225   ti_sysbios_hal_Hwi_HwiProxy_disable__E
00007225   ti_sysbios_hal_Hwi_disable__E
00007231   ti_sysbios_gates_GateHwi_enter__E
0000723d   ti_sysbios_knl_Queue_Object__get__S
00007249   ti_sysbios_knl_Semaphore_Params__init__S
00007255   xdc_runtime_Error_init__E
00007261   xdc_runtime_Gate_enterSystem__E
0000726d   xdc_runtime_Memory_calloc__E
00007279   xdc_runtime_Memory_getMaxDefaultTypeAlign__E
00007285   UARTCharGet
0000728f   UARTCharPut
00007299   UARTIntDisable
000072a3   UARTIntStatus
000072c1   xdc_runtime_Text_visitRope__I
000072cb   Brake
000072d3   UARTIntEnable
000072db   UARTTiva_init
000072e3   cmd_Init
000072f3   ti_sysbios_family_arm_lm4_Timer_masterDisable__I
000072fb   ti_sysbios_family_arm_m3_Hwi_startup__E
000072fb   ti_sysbios_hal_Hwi_HwiProxy_startup__E
000072fb   ti_sysbios_hal_Hwi_startup__E
00007303   ti_sysbios_knl_Idle_loop__E
00007313   GPIOPinRead
00007319   GPIOPinWrite
0000731f   UARTFIFOLevelSet
00007325   UARTTiva_control
0000732b   __xdc__init
00007331   __TI_decompress_rle24
00007337   ti_catalog_arm_cortexm4_tiva_ce_Boot_sysCtlDelayI__I
0000733d   ti_sysbios_family_arm_lm4_TimestampProvider_Module_startup__E
00007343   ti_sysbios_family_arm_m3_Hwi_restoreFxn__E
00007343   ti_sysbios_hal_Hwi_HwiProxy_restore__E
00007343   ti_sysbios_hal_Hwi_restore__E
00007349   ti_sysbios_gates_GateHwi_leave__E
0000734f   ti_sysbios_hal_Timer_start__E
00007355   ti_sysbios_knl_Queue_Instance_init__E
0000735b   xdc_runtime_System_Module_startup__E
00007361   UARTIntClear
00007365   malloc
00007369   ti_sysbios_BIOS_RtsGateProxy_enter__E
0000736d   ti_sysbios_BIOS_RtsGateProxy_leave__E
00007371   ti_sysbios_family_arm_lm4_Timer_getPeriod__E
00007375   ti_sysbios_family_arm_lm4_Timer_masterEnable__I
00007379   ti_sysbios_family_arm_m3_Hwi_destruct
0000737d   ti_sysbios_family_arm_m3_TaskSupport_Module__startupDone__S
00007381   ti_sysbios_gates_GateHwi_query__E
00007381   xdc_runtime_Main_Module_GateProxy_query__E
00007381   xdc_runtime_System_Module_GateProxy_query__E
00007385   ti_sysbios_BIOS_RtsGateProxy_query__E
00007385   ti_sysbios_gates_GateMutex_query__E
00007389   ti_sysbios_hal_Hwi_HwiProxy_Module__startupDone__S
0000738d   ti_sysbios_hal_Timer_TimerProxy_Module__startupDone__S
00007391   ti_sysbios_hal_Timer_TimerProxy_start__E
00007395   ti_sysbios_knl_Clock_TimerProxy_Module__startupDone__S
00007399   ti_sysbios_knl_Clock_TimerProxy_getMaxTicks__E
0000739d   ti_sysbios_knl_Clock_TimerProxy_getPeriod__E
000073a1   ti_sysbios_knl_Queue_destruct
000073a5   ti_sysbios_knl_Semaphore_destruct
000073a9   ti_sysbios_knl_Task_SupportProxy_Module__startupDone__S
000073ad   ti_sysbios_knl_Task_startup__E
000073b1   ti_uia_loggers_LoggerStopMode_getContents__E
000073b5   ti_uia_loggers_LoggerStopMode_getFilterLevel__E
000073b9   ti_uia_loggers_LoggerStopMode_getInstanceId__E
000073bd   ti_uia_loggers_LoggerStopMode_getMaxLength__E
000073c1   ti_uia_loggers_LoggerStopMode_getPriority__E
000073c5   ti_uia_loggers_LoggerStopMode_getTransferType__E
000073c9   xdc_runtime_Error_getSite__E
000073cd   xdc_runtime_HeapStd_isBlocking__E
000073d1   xdc_runtime_Memory_HeapProxy_alloc__E
000073d5   xdc_runtime_Memory_HeapProxy_free__E
000073d9   xdc_runtime_System_Module_GateProxy_enter__E
000073dd   xdc_runtime_System_Module_GateProxy_leave__E
000073e1   xdc_runtime_System_aprintf_va__F
000073e5   xdc_runtime_System_printf_va__F
000073e8   xdc_runtime_Text_charTab__A
00008ccd   xdc_runtime_Error_policy__C
00008cce   ti_catalog_arm_cortexm4_tiva_ce_Boot_Module__id__C
00008dcc   ti_uia_loggers_LoggerStopMode_Module__FXNS__C
00008e74   director
00008ebc   gpioHWAttrs
00008ef8   ti_sysbios_family_arm_m3_Hwi_Object__PARAMS__C
00008f28   GPIO_config
00008f40   uartTivaHWAttrs
00008f50   UARTTiva_fxnTable
00008f78   ti_uia_loggers_LoggerStopMode_Object__PARAMS__C
00008fa0   xdc_runtime_HeapStd_Module__FXNS__C
00008fc8   xdc_runtime_Startup_sfxnTab__A
00008ff0   UART_config
00009014   ti_sysbios_gates_GateHwi_Module__FXNS__C
00009038   ti_sysbios_gates_GateMutex_Module__FXNS__C
0000905c   ti_sysbios_knl_Semaphore_Object__PARAMS__C
00009080   task0
00009084   CmdSema
00009088   RXSema
0000908c   timer1
00009090   timer2
00009094   SensorSema
00009098   SensorSemaAlpha
0000909c   clock0
000090a0   ti_sysbios_family_arm_m3_Hwi_Object__DESC__C
000090c0   ti_sysbios_gates_GateHwi_Object__DESC__C
000090e0   ti_sysbios_gates_GateMutex_Object__DESC__C
00009100   ti_sysbios_knl_Queue_Object__DESC__C
00009120   ti_sysbios_knl_Semaphore_Object__DESC__C
00009140   ti_uia_loggers_LoggerStopMode_Object__DESC__C
00009160   UART_defaultParams
00009180   xdc_runtime_HeapStd_Object__DESC__C
000091a0   xdc_runtime_HeapStd_Object__PARAMS__C
000091bc   ti_sysbios_gates_GateHwi_Object__PARAMS__C
000091d4   ti_sysbios_gates_GateMutex_Object__PARAMS__C
000091ec   ti_sysbios_knl_Queue_Object__PARAMS__C
00009204   xdc_runtime_Startup_sfxnRts__A
0000922a   ti_sysbios_family_arm_lm4_TimestampProvider_useClockTimer__C
0000922c   xdc_runtime_Startup_firstFxns__A
0000923c   xdc_runtime_Text_nodeTab__A
0000924c   ti_sysbios_family_arm_m3_Hwi_excHookFuncs__A
00009254   ti_sysbios_knl_Idle_funcList__A
0000925c   ti_sysbios_knl_Idle_funcList__C
00009264   xdc_runtime_Startup_firstFxns__C
0000926c   xdc_runtime_Startup_lastFxns__C
00009274   ti_catalog_arm_cortexm4_tiva_ce_Boot_A_mustUseEnhancedClockMode__C
00009278   ti_catalog_arm_cortexm4_tiva_ce_Boot_Module__diagsEnabled__C
0000927c   ti_catalog_arm_cortexm4_tiva_ce_Boot_Module__diagsIncluded__C
00009280   ti_catalog_arm_cortexm4_tiva_ce_Boot_Module__diagsMask__C
00009284   ti_sysbios_family_arm_lm4_Timer_enableFunc__C
00009288   ti_sysbios_family_arm_lm4_Timer_numTimerDevices__C
0000928c   ti_sysbios_family_arm_lm4_Timer_startupNeeded__C
00009290   ti_sysbios_family_arm_m3_Hwi_E_NMI__C
00009294   ti_sysbios_family_arm_m3_Hwi_E_alreadyDefined__C
00009298   ti_sysbios_family_arm_m3_Hwi_E_busFault__C
0000929c   ti_sysbios_family_arm_m3_Hwi_E_debugMon__C
000092a0   ti_sysbios_family_arm_m3_Hwi_E_hardFault__C
000092a4   ti_sysbios_family_arm_m3_Hwi_E_memFault__C
000092a8   ti_sysbios_family_arm_m3_Hwi_E_noIsr__C
000092ac   ti_sysbios_family_arm_m3_Hwi_E_reserved__C
000092b0   ti_sysbios_family_arm_m3_Hwi_E_svCall__C
000092b4   ti_sysbios_family_arm_m3_Hwi_E_usageFault__C
000092b8   ti_sysbios_family_arm_m3_Hwi_LD_end__C
000092bc   ti_sysbios_family_arm_m3_Hwi_LM_begin__C
000092c0   ti_sysbios_family_arm_m3_Hwi_Module__diagsEnabled__C
000092c4   ti_sysbios_family_arm_m3_Hwi_Module__diagsIncluded__C
000092c8   ti_sysbios_family_arm_m3_Hwi_Module__diagsMask__C
000092cc   ti_sysbios_family_arm_m3_Hwi_Module__loggerFxn1__C
000092d0   ti_sysbios_family_arm_m3_Hwi_Module__loggerFxn8__C
000092d4   ti_sysbios_family_arm_m3_Hwi_Module__loggerObj__C
000092d8   ti_sysbios_family_arm_m3_Hwi_NUM_INTERRUPTS__C
000092dc   ti_sysbios_family_arm_m3_Hwi_Object__count__C
000092e0   ti_sysbios_family_arm_m3_Hwi_ccr__C
000092e4   ti_sysbios_family_arm_m3_Hwi_excHandlerFunc__C
000092e8   ti_sysbios_family_arm_m3_Hwi_excHookFuncs__C
000092ec   ti_sysbios_family_arm_m3_Hwi_nullIsrFunc__C
000092f0   ti_sysbios_family_arm_m3_Hwi_priGroup__C
000092f4   ti_sysbios_gates_GateMutex_A_badContext__C
000092f8   ti_sysbios_gates_GateMutex_Instance_State_sem__O
000092fc   ti_sysbios_gates_GateMutex_Module__diagsEnabled__C
00009300   ti_sysbios_gates_GateMutex_Module__diagsIncluded__C
00009304   ti_sysbios_gates_GateMutex_Module__diagsMask__C
00009308   ti_sysbios_hal_Hwi_E_stackOverflow__C
0000930c   ti_sysbios_knl_Clock_LM_begin__C
00009310   ti_sysbios_knl_Clock_LM_tick__C
00009314   ti_sysbios_knl_Clock_LW_delayed__C
00009318   ti_sysbios_knl_Clock_Module_State_clockQ__O
0000931c   ti_sysbios_knl_Clock_Module__diagsEnabled__C
00009320   ti_sysbios_knl_Clock_Module__diagsIncluded__C
00009324   ti_sysbios_knl_Clock_Module__diagsMask__C
00009328   ti_sysbios_knl_Clock_Module__loggerFxn1__C
0000932c   ti_sysbios_knl_Clock_Module__loggerFxn2__C
00009330   ti_sysbios_knl_Clock_Module__loggerObj__C
00009334   ti_sysbios_knl_Semaphore_A_badContext__C
00009338   ti_sysbios_knl_Semaphore_A_noEvents__C
0000933c   ti_sysbios_knl_Semaphore_A_overflow__C
00009340   ti_sysbios_knl_Semaphore_A_pendTaskDisabled__C
00009344   ti_sysbios_knl_Semaphore_Instance_State_pendQ__O
00009348   ti_sysbios_knl_Semaphore_LM_pend__C
0000934c   ti_sysbios_knl_Semaphore_LM_post__C
00009350   ti_sysbios_knl_Semaphore_Module__diagsEnabled__C
00009354   ti_sysbios_knl_Semaphore_Module__diagsIncluded__C
00009358   ti_sysbios_knl_Semaphore_Module__diagsMask__C
0000935c   ti_sysbios_knl_Semaphore_Module__loggerFxn2__C
00009360   ti_sysbios_knl_Semaphore_Module__loggerFxn4__C
00009364   ti_sysbios_knl_Semaphore_Module__loggerObj__C
00009368   ti_sysbios_knl_Task_LD_block__C
0000936c   ti_sysbios_knl_Task_LD_exit__C
00009370   ti_sysbios_knl_Task_LD_ready__C
00009374   ti_sysbios_knl_Task_LM_switch__C
00009378   ti_sysbios_knl_Task_Module_State_inactiveQ__O
0000937c   ti_sysbios_knl_Task_Module__diagsEnabled__C
00009380   ti_sysbios_knl_Task_Module__diagsIncluded__C
00009384   ti_sysbios_knl_Task_Module__diagsMask__C
00009388   ti_sysbios_knl_Task_Module__loggerFxn2__C
0000938c   ti_sysbios_knl_Task_Module__loggerFxn4__C
00009390   ti_sysbios_knl_Task_Module__loggerObj__C
00009394   ti_sysbios_knl_Task_Object__count__C
00009398   ti_sysbios_knl_Task_allBlockedFunc__C
0000939c   ti_sysbios_knl_Task_numConstructedTasks__C
000093a0   ti_sysbios_utils_Load_LS_cpuLoad__C
000093a4   ti_sysbios_utils_Load_LS_hwiLoad__C
000093a8   ti_sysbios_utils_Load_Module__diagsEnabled__C
000093ac   ti_sysbios_utils_Load_Module__diagsIncluded__C
000093b0   ti_sysbios_utils_Load_Module__diagsMask__C
000093b4   ti_sysbios_utils_Load_Module__loggerFxn1__C
000093b8   ti_sysbios_utils_Load_Module__loggerFxn2__C
000093bc   ti_sysbios_utils_Load_Module__loggerObj__C
000093c0   ti_sysbios_utils_Load_postUpdate__C
000093c4   ti_sysbios_utils_Load_windowInMs__C
000093c8   ti_uia_loggers_LoggerStopMode_Module__diagsEnabled__C
000093cc   ti_uia_loggers_LoggerStopMode_Module__diagsIncluded__C
000093d0   ti_uia_loggers_LoggerStopMode_Module__diagsMask__C
000093d4   ti_uia_loggers_LoggerStopMode_Object__count__C
000093d8   ti_uia_runtime_ILoggerSnapshot_Interface__BASE__C
000093dc   ti_uia_runtime_IUIATransfer_Interface__BASE__C
000093e0   xdc_runtime_Assert_E_assertFailed__C
000093e4   xdc_runtime_Core_A_initializedParams__C
000093e8   xdc_runtime_Core_Module__diagsEnabled__C
000093ec   xdc_runtime_Core_Module__diagsIncluded__C
000093f0   xdc_runtime_Core_Module__diagsMask__C
000093f4   xdc_runtime_Error_E_memory__C
000093f8   xdc_runtime_Error_Module__diagsEnabled__C
000093fc   xdc_runtime_Error_Module__diagsIncluded__C
00009400   xdc_runtime_Error_Module__diagsMask__C
00009404   xdc_runtime_Error_Module__loggerFxn8__C
00009408   xdc_runtime_Error_Module__loggerObj__C
0000940c   xdc_runtime_Error_policyFxn__C
00009410   xdc_runtime_Error_raiseHook__C
00009414   xdc_runtime_HeapStd_A_align__C
00009418   xdc_runtime_HeapStd_A_invalidTotalFreeSize__C
0000941c   xdc_runtime_HeapStd_A_zeroSize__C
00009420   xdc_runtime_HeapStd_E_noRTSMemory__C
00009424   xdc_runtime_HeapStd_Module__diagsEnabled__C
00009428   xdc_runtime_HeapStd_Module__diagsIncluded__C
0000942c   xdc_runtime_HeapStd_Module__diagsMask__C
00009430   xdc_runtime_IFilterLogger_Interface__BASE__C
00009434   xdc_runtime_IGateProvider_Interface__BASE__C
00009438   xdc_runtime_IHeap_Interface__BASE__C
0000943c   xdc_runtime_ILogger_Interface__BASE__C
00009440   xdc_runtime_IModule_Interface__BASE__C
00009444   xdc_runtime_Log_L_error__C
00009448   xdc_runtime_Log_L_warning__C
0000944c   xdc_runtime_Main_Module__diagsEnabled__C
00009450   xdc_runtime_Main_Module__diagsIncluded__C
00009454   xdc_runtime_Main_Module__diagsMask__C
00009458   xdc_runtime_Main_Module__loggerFxn2__C
0000945c   xdc_runtime_Main_Module__loggerFxn4__C
00009460   xdc_runtime_Main_Module__loggerObj__C
00009464   xdc_runtime_Memory_defaultHeapInstance__C
00009468   xdc_runtime_Startup_execImpl__C
0000946c   xdc_runtime_Startup_lastFxns__A
00009470   xdc_runtime_Startup_maxPasses__C
00009474   xdc_runtime_Startup_sfxnRts__C
00009478   xdc_runtime_Startup_sfxnTab__C
0000947c   xdc_runtime_SysMin_bufSize__C
00009480   xdc_runtime_SysMin_outputFunc__C
00009484   xdc_runtime_System_Module__gateObj__C
00009488   xdc_runtime_System_abortFxn__C
0000948c   xdc_runtime_System_exitFxn__C
00009490   xdc_runtime_System_extendFxn__C
00009494   xdc_runtime_System_maxAtexitHandlers__C
00009498   xdc_runtime_Text_charTab__C
0000949c   xdc_runtime_Text_nameEmpty__C
000094a0   xdc_runtime_Text_nameStatic__C
000094a4   xdc_runtime_Text_nameUnknown__C
000094a8   xdc_runtime_Text_nodeTab__C
000094ac   xdc_runtime_Text_visitRopeFxn__C
000094b0   ti_sysbios_family_arm_m3_Hwi_Module__id__C
000094b2   ti_sysbios_family_arm_m3_Hwi_Module__loggerDefined__C
000094b4   ti_sysbios_gates_GateMutex_Module__id__C
000094b6   ti_sysbios_hal_Hwi_Module__id__C
000094b8   ti_sysbios_knl_Clock_Module__id__C
000094ba   ti_sysbios_knl_Clock_Module__loggerDefined__C
000094bc   ti_sysbios_knl_Semaphore_Module__id__C
000094be   ti_sysbios_knl_Semaphore_Module__loggerDefined__C
000094c0   ti_sysbios_knl_Task_Module__id__C
000094c2   ti_sysbios_knl_Task_Module__loggerDefined__C
000094c4   ti_sysbios_knl_Task_initStackFlag__C
000094c6   ti_sysbios_utils_Load_Module__id__C
000094c8   ti_sysbios_utils_Load_Module__loggerDefined__C
000094ca   ti_sysbios_utils_Load_hwiEnabled__C
000094cc   ti_sysbios_utils_Load_updateInIdle__C
000094ce   ti_uia_loggers_LoggerStopMode_Module__id__C
000094d0   ti_uia_loggers_LoggerStopMode_isTimestampEnabled__C
000094d2   xdc_runtime_Core_Module__id__C
000094d4   xdc_runtime_Error_Module__loggerDefined__C
000094d6   xdc_runtime_Error_maxDepth__C
000094d8   xdc_runtime_HeapStd_Module__id__C
000094da   xdc_runtime_Main_Module__id__C
000094dc   xdc_runtime_Main_Module__loggerDefined__C
000094de   xdc_runtime_Memory_Module__id__C
000094e0   xdc_runtime_SysMin_flushAtExit__C
000094e2   xdc_runtime_Text_charCnt__C
000094e4   xdc_runtime_Text_isLoaded__C
000094e6   xdc_runtime_Text_registryModsLastId__C
000094e8   xdc_runtime_Text_unnamedModsLastId__C
000098d8   __TI_Handler_Table_Base
000098e4   __TI_Handler_Table_Limit
000098f8   __TI_CINIT_Base
00009910   __TI_CINIT_Limit
20000000   ti_sysbios_family_arm_m3_Hwi_ramVectors
20000380   ti_sysbios_knl_Task_Instance_State_0_stack__A
20000b80   ti_sysbios_knl_Task_Instance_State_1_stack__A
20001380   ti_uia_loggers_LoggerStopMode_Instance_State_2_packetArray__A
20001780   ti_sysbios_family_arm_m3_Hwi_dispatchTable
20001ae0   uartParams
20001b00   ti_uia_loggers_LoggerStopMode_Instance_State_1_packetArray__A
20001d00   __CIOBUF_
20001e20   uartTivaObjects
20001f30   Buffer1
20001f64   C
20001f68   L
20001f6c   R
20001f70   inputC1
20001f74   uart
20001f78   ulPeriod
20001f80   ti_uia_loggers_LoggerStopMode_Instance_State_0_packetArray__A
20002080   xdc_runtime_SysMin_Module_State_0_outbuf__A
20002100   ti_uia_loggers_LoggerStopMode_Instance_State_0_hdr__A
20002180   ti_uia_loggers_LoggerStopMode_Instance_State_1_hdr__A
20002200   ti_uia_loggers_LoggerStopMode_Instance_State_2_hdr__A
20002230   xdc_runtime_Diags_dictElems
20002240   ti_sysbios_family_arm_lm4_Timer_Module__root__V
20002248   ti_sysbios_family_arm_lm4_Timer_Module_State_0_handles__A
20002260   ti_sysbios_family_arm_lm4_Timer_Module__state__V
2000226c   ti_sysbios_family_arm_lm4_TimestampProvider_Module__state__V
20002274   ti_sysbios_family_arm_m3_Hwi_Module__root__V
2000227c   ti_sysbios_family_arm_m3_Hwi_Module_State_0_excActive__A
20002280   ti_sysbios_family_arm_m3_Hwi_Module_State_0_excContext__A
20002284   ti_sysbios_family_arm_m3_Hwi_Module_State_0_excStack__A
20002288   ti_sysbios_gates_GateHwi_Module__root__V
20002290   ti_sysbios_gates_GateHwi_Object__table__V
20002294   ti_sysbios_gates_GateMutex_Module__root__V
2000229c   ti_sysbios_gates_GateMutex_Object__table__V
200022b8   ti_sysbios_hal_Hwi_Module__root__V
200022c0   ti_sysbios_hal_Timer_Module__root__V
200022c8   ti_sysbios_hal_Timer_Object__table__V
200022d8   ti_sysbios_knl_Clock_Module__root__V
200022e0   ti_sysbios_knl_Clock_Object__table__V
20002300   ti_sysbios_knl_Event_Module__root__V
2000230c   ti_sysbios_knl_Queue_Module__root__V
20002314   ti_sysbios_knl_Semaphore_Module__root__V
2000231c   ti_sysbios_knl_Task_Module__root__V
20002328   ti_sysbios_knl_Task_Module_State_0_readyQ__A
20002348   ti_sysbios_knl_Task_Module_State_0_idleTask__A
2000234c   ti_sysbios_utils_Load_Module_State_0_taskStartTime__A
20002350   ti_sysbios_utils_Load_Module_State_0_runningTask__A
20002354   ti_uia_loggers_LoggerStopMode_Module__root__V
2000235c   ti_uia_loggers_LoggerStopMode_Module__state__V
20002364   ti_uia_runtime_QueueDescriptor_Module__state__V
20002370   xdc_runtime_Error_Module__state__V
20002374   xdc_runtime_HeapStd_Module__root__V
2000237c   xdc_runtime_HeapStd_Object__table__V
20002388   xdc_runtime_HeapStd_Module__state__V
2000238c   xdc_runtime_Main_Module__root__V
20002390   xdc_runtime_Memory_Module__state__V
20002394   xdc_runtime_Registry_Module__state__V
2000239c   xdc_runtime_Startup_Module__state__V
200023a4   xdc_runtime_SysMin_Module__state__V
200023b0   xdc_runtime_System_Module_State_0_atexitHandlers__A
200023b8   xdc_runtime_System_Module__state__V
200023c0   xdc_runtime_Text_Module__state__V
200023c8   __xdc__init__addr
200023cc   ti_sysbios_family_arm_lm4_Timer_Object__table__V
200024cc   ti_uia_loggers_LoggerStopMode_Object__table__V
20002568   ti_sysbios_knl_Task_Object__table__V
200025b4   TSK_idle
20002600   ti_sysbios_utils_Load_Module__state__V
20002698   ti_sysbios_family_arm_m3_Hwi_Object__table__V
200026f8   ti_sysbios_knl_Semaphore_Object__table__V
20002748   ti_sysbios_knl_Task_Module__state__V
2000278c   ti_sysbios_family_arm_m3_Hwi_Module__state__V
200027c0   ti_sysbios_family_arm_lm4_Timer_Module_State_0_device__A
200027f0   ti_sysbios_knl_Clock_Module__state__V
2000281c   ti_sysbios_BIOS_Module__state__V
20002840   h
20002844   ct
20002848   Fillptr
2000284c   Txptr
20002858   _lock
2000285c   _unlock
20002860   __TI_cleanup_ptr
20002864   __TI_dtors_ptr
20002868   ti_uia_runtime_QueueDescriptor_gPtrToFirstDescriptor
2000286c   ti_uia_runtime_QueueDescriptor_gUpdateCount
20002870   main_func_sp
20002878   __stack
20002978   __STACK_TOP
20002c78   __STACK_END
e000e000   ti_sysbios_family_arm_m3_Hwi_nvic
ffffffff   __binit__
ffffffff   __c_args__
ffffffff   binit
UNDEFED    SHT$$INIT_ARRAY$$Base
UNDEFED    SHT$$INIT_ARRAY$$Limit

[733 symbols]
