******************************************************************************
                  TI ARM Linker PC v5.2.2                      
******************************************************************************
>> Linked Wed Mar 18 00:10:18 2015

OUTPUT FILE NAME:   <IEEER5CHAD.out>
ENTRY POINT SYMBOL: "_c_int00"  address: 00004bf1


MEMORY CONFIGURATION

         name            origin    length      used     unused   attr    fill
----------------------  --------  ---------  --------  --------  ----  --------
  FLASH                 00000000   00040000  00008d54  000372ac  R  X
  SRAM                  20000000   00008000  00004808  000037f8  RW X


SEGMENT ALLOCATION MAP

run origin  load origin   length   init length attrs members
----------  ----------- ---------- ----------- ----- -------
00000000    00000000    00008d60   00008d60    r-x
  00000000    00000000    0000003c   0000003c    r-- .resetVecs
  00000040    00000040    00006332   00006332    r-x .text
  00006374    00006374    00002576   00002576    r-- .const
  000088f0    000088f0    00000470   00000470    r-- .cinit
20000000    20000000    00000360   00000000    rw-
  20000000    20000000    00000360   00000000    rw- .vecs
20000380    20000380    000044a8   00000000    rw-
  20000380    20000380    00002e30   00000000    rw- .bss
  200031b0    200031b0    00001000   00000000    rw- .stack
  200041b0    200041b0    00000678   00000000    rw- .data


SECTION ALLOCATION MAP

 output                                  attributes/
section   page    origin      length       input sections
--------  ----  ----------  ----------   ----------------
.resetVecs 
*          0    00000000    0000003c     
                  00000000    0000003c     main_pem4f.oem4f (.resetVecs)

.text      0    00000040    00006332     
                  00000040    00000430     sysbios.aem4f : BIOS.obj (.text:ti_sysbios_family_arm_m3_Hwi_excDumpRegs__I)
                  00000470    0000033c     ti.targets.arm.rtsarm.aem4f : System.oem4f (.text:xdc_runtime_System_doPrint__I)
                  000007ac    00000004     main_pem4f.oem4f (.text:ti_sysbios_BIOS_RtsGateProxy_enter__E)
                  000007b0    00000314     sysbios.aem4f : BIOS.obj (.text:ti_sysbios_knl_Semaphore_pend__E)
                  00000ac4    000002d4     rtsv7M4_T_le_v4SPD16_eabi.lib : trgdrv.obj (.text)
                  00000d98    00000254     sysbios.aem4f : BIOS.obj (.text:ti_sysbios_heaps_HeapMem_free__E)
                  00000fec    00000004     main_pem4f.oem4f (.text:ti_sysbios_BIOS_RtsGateProxy_leave__E)
                  00000ff0    00000240     sysbios.aem4f : BIOS.obj (.text:ti_sysbios_heaps_HeapMem_alloc__E)
                  00001230    00000200                   : BIOS.obj (.text:ti_sysbios_knl_Task_sleep__E)
                  00001430    000001fc                   : BIOS.obj (.text:ti_sysbios_family_arm_m3_Hwi_excHandlerMax__I)
                  0000162c    00000004                   : BIOS.obj (.text:ti_sysbios_family_arm_lm4_Timer_masterEnable__I)
                  00001630    0000017c                   : BIOS.obj (.text:ti_sysbios_family_arm_lm4_TimestampProvider_get64__E)
                  000017ac    00000004     main_pem4f.oem4f (.text:ti_sysbios_family_arm_m3_TaskSupport_Module__startupDone__S)
                  000017b0    00000174     sysbios.aem4f : BIOS.obj (.text:ti_sysbios_family_arm_m3_Hwi_excBusFault__I)
                  00001924    00000004     main_pem4f.oem4f (.text:ti_sysbios_heaps_HeapMem_Module_GateProxy_enter__E)
                  00001928    00000168     sysbios.aem4f : BIOS.obj (.text:ti_sysbios_family_arm_lm4_Timer_start__E)
                  00001a90    00000164                   : BIOS.obj (.text:ti_sysbios_family_arm_m3_Hwi_excUsageFault__I)
                  00001bf4    00000004     main_pem4f.oem4f (.text:ti_sysbios_heaps_HeapMem_Module_GateProxy_leave__E)
                  00001bf8    00000148     sysbios.aem4f : BIOS.obj (.text:ti_sysbios_family_arm_m3_Hwi_excMemFault__I)
                  00001d40    00000140                   : BIOS.obj (.text:ti_sysbios_knl_Semaphore_post__E)
                  00001e80    0000013c                   : BIOS.obj (.text:ti_sysbios_heaps_HeapMem_Instance_init__E)
                  00001fbc    00000004     main_pem4f.oem4f (.text:ti_sysbios_knl_Clock_TimerProxy_getMaxTicks__E)
                  00001fc0    00000138     sysbios.aem4f : BIOS.obj (.text:ti_sysbios_family_arm_m3_Hwi_dispatchC__I)
                  000020f8    00000138     main_pem4f.oem4f (.text:ti_uia_loggers_LoggerStopMode_writeMemoryRange__E)
                  00002230    00000134     sysbios.aem4f : BIOS.obj (.text:ti_sysbios_knl_Clock_workFunc__E)
                  00002364    00000130     driverlib.lib : gpio.obj (.text:GPIOPadConfigSet)
                  00002494    00000120     ti.targets.arm.rtsarm.aem4f : Error.oem4f (.text:xdc_runtime_Error_policyDefault__E)
                  000025b4    00000004     main_pem4f.oem4f (.text:ti_sysbios_knl_Clock_TimerProxy_getPeriod__E)
                  000025b8    0000011c     sysbios.aem4f : BIOS.obj (.text:ti_sysbios_knl_Swi_run__I)
                  000026d4    0000010c     main_pem4f.oem4f (.text:ti_uia_loggers_LoggerStopMode_write8__E)
                  000027e0    00000104     sysbios.aem4f : BIOS.obj (.text:ti_sysbios_knl_Task_Module_startup__E)
                  000028e4    00000104     ti.targets.arm.rtsarm.aem4f : Core-mem.oem4f (.text:xdc_runtime_Core_createObject__I)
                  000029e8    00000100     Boot.aem4f : Boot_sysctl.oem4f (.text:ti_catalog_arm_cortexm4_tiva_ce_Boot_sysCtlClockSetI__I)
                  00002ae8    000000fc     ti.targets.arm.rtsarm.aem4f : Startup.oem4f (.text:xdc_runtime_Startup_startMods__I)
                  00002be4    000000f8     main_pem4f.oem4f (.text:xdc_runtime_System_printfExtend__I)
                  00002cdc    000000f4     sysbios.aem4f : m3_Hwi_asm.obj (.text:ti_sysbios_family_arm_m3_Hwi_dispatch__I)
                  00002dd0    000000f4     main_pem4f.oem4f (.text:ti_uia_loggers_LoggerStopMode_write4__E)
                  00002ec4    000000e8     main_pem4f.oem4f (.text:ti_uia_loggers_LoggerStopMode_write2__E)
                  00002fac    000000e4     main_pem4f.oem4f (.text:ti_uia_loggers_LoggerStopMode_write1__E)
                  00003090    000000d8     sysbios.aem4f : BIOS.obj (.text:ti_sysbios_family_arm_lm4_TimestampProvider_get32__E)
                  00003168    000000d8     main_pem4f.oem4f (.text:ti_uia_loggers_LoggerStopMode_write0__E)
                  00003240    000000cc     sysbios.aem4f : BIOS.obj (.text:ti_sysbios_knl_Task_schedule__I)
                  0000330c    000000cc     ti.targets.arm.rtsarm.aem4f : Core-smem.oem4f (.text:xdc_runtime_Core_constructObject__I)
                  000033d8    000000c4     sysbios.aem4f : BIOS.obj (.text:ti_sysbios_family_arm_m3_Hwi_Module_startup__E)
                  0000349c    00000004     main_pem4f.oem4f (.text:ti_sysbios_knl_Queue_destruct)
                  000034a0    000000bc     sysbios.aem4f : BIOS.obj (.text:ti_sysbios_family_arm_m3_Hwi_excDebugMon__I)
                  0000355c    00000004     main_pem4f.oem4f (.text:ti_sysbios_knl_Semaphore_destruct)
                  00003560    000000bc     sysbios.aem4f : BIOS.obj (.text:ti_sysbios_family_arm_m3_Hwi_excHardFault__I)
                  0000361c    00000004     ti.uia.loggers.aem4f : LoggerStopMode.oem4f (.text:ti_uia_loggers_LoggerStopMode_getContents__E)
                  00003620    000000bc     sysbios.aem4f : BIOS.obj (.text:ti_sysbios_knl_Task_startCore__E)
                  000036dc    00000004     main_pem4f.oem4f (.text:ti_uia_loggers_LoggerStopMode_getFilterLevel__E)
                  000036e0    000000b4     sysbios.aem4f : BIOS.obj (.text:ti_sysbios_gates_GateMutex_enter__E)
                  00003794    00000004     ti.uia.loggers.aem4f : LoggerStopMode.oem4f (.text:ti_uia_loggers_LoggerStopMode_getInstanceId__E)
                  00003798    000000b4     sysbios.aem4f : BIOS.obj (.text:ti_sysbios_knl_Task_checkStacks__E)
                  0000384c    00000004     ti.uia.loggers.aem4f : LoggerStopMode.oem4f (.text:ti_uia_loggers_LoggerStopMode_getMaxLength__E)
                  00003850    000000b0     sysbios.aem4f : BIOS.obj (.text:ti_sysbios_utils_Load_idleFxn__E)
                  00003900    000000ac                   : BIOS.obj (.text:ti_sysbios_family_arm_lm4_Timer_enableTiva__I)
                  000039ac    00000004     ti.uia.loggers.aem4f : LoggerStopMode.oem4f (.text:ti_uia_loggers_LoggerStopMode_getPriority__E)
                  000039b0    000000ac     sysbios.aem4f : BIOS.obj (.text:ti_sysbios_knl_Swi_post__E)
                  00003a5c    00000004     ti.uia.loggers.aem4f : LoggerStopMode.oem4f (.text:ti_uia_loggers_LoggerStopMode_getTransferType__E)
                  00003a60    000000ac     sysbios.aem4f : BIOS.obj (.text:ti_sysbios_utils_Load_updateLoads__E)
                  00003b0c    00000004     ti.targets.arm.rtsarm.aem4f : Error.oem4f (.text:xdc_runtime_Error_getSite__E)
                  00003b10    000000a8     sysbios.aem4f : BIOS.obj (.text:ti_sysbios_family_arm_lm4_Timer_enableTimers__I)
                  00003bb8    000000a8                   : BIOS.obj (.text:ti_sysbios_knl_Task_blockI__E)
                  00003c60    000000a8                   : BIOS.obj (.text:ti_sysbios_knl_Task_postInit__I)
                  00003d08    000000a0     auto_init.aem4f : auto_init.oem4f (.text)
                  00003da8    0000009c     rtsv7M4_T_le_v4SPD16_eabi.lib : memcpy_t2.obj (.text)
                  00003e44    00000004     main_pem4f.oem4f (.text:xdc_runtime_System_Module_GateProxy_enter__E)
                  00003e48    0000009c     sysbios.aem4f : BIOS.obj (.text:ti_sysbios_knl_Semaphore_Instance_init__E)
                  00003ee4    0000009a     ti.targets.arm.rtsarm.aem4f : Text.oem4f (.text:xdc_runtime_Text_putSite__E)
                  00003f7e    00000002     main_pem4f.oem4f (.text:ti_sysbios_BIOS_nullFunc__I)
                  00003f80    00000094     main.obj (.text:main)
                  00004014    00000094     Boot.aem4f : Boot.oem4f (.text:ti_catalog_arm_cortexm4_tiva_ce_Boot_sysCtlClockSet__E)
                  000040a8    00000094     sysbios.aem4f : BIOS.obj (.text:ti_sysbios_family_arm_m3_Hwi_initNVIC__E)
                  0000413c    00000004     main_pem4f.oem4f (.text:xdc_runtime_System_Module_GateProxy_leave__E)
                  00004140    00000094     sysbios.aem4f : BIOS.obj (.text:ti_sysbios_knl_Task_exit__E)
                  000041d4    00000094     ti.targets.arm.rtsarm.aem4f : Text.oem4f (.text:xdc_runtime_Text_putMod__E)
                  00004268    00000090     sysbios.aem4f : BIOS.obj (.text:ti_sysbios_knl_Task_unblockI__E)
                  000042f8    00000090     ti.uia.loggers.aem4f : LoggerStopMode.oem4f (.text:ti_uia_loggers_LoggerStopMode_initQueueDescriptor__E)
                  00004388    0000008c     sysbios.aem4f : m3_TaskSupport_asm.obj (.text:ti_sysbios_family_arm_m3_TaskSupport_buildTaskStack)
                  00004414    00000088     EK_TM4C123GXL.obj (.text:EK_TM4C123GXL_initGPIO)
                  0000449c    00000004     ti.targets.arm.rtsarm.aem4f : System.oem4f (.text:xdc_runtime_System_aprintf_va__F)
                  000044a0    0000007c     sysbios.aem4f : BIOS.obj (.text:ti_sysbios_utils_Load_logLoads__I)
                  0000451c    0000007a     rtsv7M4_T_le_v4SPD16_eabi.lib : memset_t2.obj (.text)
                  00004596    00000002     main_pem4f.oem4f (.text:ti_uia_loggers_LoggerStopMode_setFilterLevel__E)
                  00004598    00000070     ti.uia.runtime.aem4f : QueueDescriptor.oem4f (.text:ti_uia_runtime_QueueDescriptor_addToList__E)
                  00004608    00000070     ti.targets.arm.rtsarm.aem4f : Memory.oem4f (.text:xdc_runtime_Memory_alloc__E)
                  00004678    0000006c     sysbios.aem4f : BIOS.obj (.text:ti_sysbios_utils_Load_updateThreadContexts__E)
                  000046e4    0000006c     ti.targets.arm.rtsarm.aem4f : Error.oem4f (.text:xdc_runtime_Error_print__E)
                  00004750    0000006a     rtsv7M4_T_le_v4SPD16_eabi.lib : copy_decompress_rle.obj (.text)
                  000047ba    00000002     ti.uia.loggers.aem4f : LoggerStopMode.oem4f (.text:ti_uia_loggers_LoggerStopMode_setPriority__E)
                  000047bc    00000068     rtsv7M4_T_le_v4SPD16_eabi.lib : trgmsg.obj (.text)
                  00004824    00000066     ti.targets.arm.rtsarm.aem4f : Core-mem.oem4f (.text:xdc_runtime_Core_deleteObject__I)
                  0000488a    00000006     driverlib.lib : gpio.obj (.text:GPIOPinRead)
                  00004890    00000064     sysbios.aem4f : BIOS.obj (.text:ti_sysbios_family_arm_lm4_Timer_Module_startup__E)
                  000048f4    00000062     ti.uia.loggers.aem4f : LoggerStopMode.oem4f (.text:ti_uia_loggers_LoggerStopMode_flush__E)
                  00004956    00000002     main_pem4f.oem4f (.text:xdc_runtime_Startup_reset__I)
                  00004958    00000060     sysbios.aem4f : BIOS.obj (.text:ti_sysbios_family_arm_lm4_Timer_isrStub__E)
                  000049b8    00000060                   : BIOS.obj (.text:ti_sysbios_knl_Clock_logTick__E)
                  00004a18    00000060                   : BIOS.obj (.text:ti_sysbios_utils_Load_logCPULoad__I)
                  00004a78    00000060     ti.targets.arm.rtsarm.aem4f : System.oem4f (.text:xdc_runtime_System_formatNum__I)
                  00004ad8    0000005c     sysbios.aem4f : BIOS.obj (.text:ti_sysbios_knl_Swi_restoreHwi__E)
                  00004b34    00000004     ti.targets.arm.rtsarm.aem4f : System.oem4f (.text:xdc_runtime_System_printf_va__F)
                  00004b38    0000005c     sysbios.aem4f : BIOS.obj (.text:ti_sysbios_knl_Swi_schedule__I)
                  00004b94    0000005b     ti.targets.arm.rtsarm.aem4f : Text.oem4f (.text:xdc_runtime_Text_putLab__E)
                  00004bef    00000001     --HOLE-- [fill = 0]
                  00004bf0    00000058     boot.aem4f : boot.oem4f (.text)
                  00004c48    00000058     sysbios.aem4f : m3_Hwi_asm_switch.obj (.text:ti_sysbios_family_arm_m3_Hwi_initStacks__E)
                  00004ca0    00000054                   : BIOS.obj (.text:ti_sysbios_utils_Load_updateCurrentThreadTime__E)
                  00004cf4    00000050     ti.targets.arm.rtsarm.aem4f : Startup.oem4f (.text:xdc_runtime_Startup_exec__E)
                  00004d44    00000050                                 : Text.oem4f (.text:xdc_runtime_Text_visitRope2__I)
                  00004d94    0000004c     rtsv7M4_T_le_v4SPD16_eabi.lib : cpy_tbl.obj (.text)
                  00004de0    0000004c     sysbios.aem4f : BIOS.obj (.text:ti_sysbios_heaps_HeapMem_getStats__E)
                  00004e2c    00000004     --HOLE-- [fill = 0]
                  00004e30    0000004c                   : BIOS.obj (.text:ti_sysbios_knl_Swi_runLoop__I)
                  00004e7c    00000004     --HOLE-- [fill = 0]
                  00004e80    0000004c                   : BIOS.obj (.text:ti_sysbios_knl_Task_allBlockedFunction__I)
                  00004ecc    0000004c     ti.uia.loggers.aem4f : LoggerStopMode.oem4f (.text:ti_uia_loggers_LoggerStopMode_Module_startup__E)
                  00004f18    00000048     sysbios.aem4f : BIOS.obj (.text:ti_sysbios_family_arm_m3_Hwi_disableInterrupt__E)
                  00004f60    00000048                   : BIOS.obj (.text:ti_sysbios_family_arm_m3_Hwi_enableInterrupt__E)
                  00004fa8    00000048                   : BIOS.obj (.text:ti_sysbios_family_arm_m3_Hwi_excReserved__I)
                  00004ff0    00000048     ti.uia.loggers.aem4f : LoggerStopMode.oem4f (.text:ti_uia_loggers_LoggerStopMode_initBuffer__I)
                  00005038    00000048     ti.targets.arm.rtsarm.aem4f : Assert.oem4f (.text:xdc_runtime_Assert_raise__I)
                  00005080    00000046                                 : Core-params.oem4f (.text:xdc_runtime_Core_assignParams__I)
                  000050c6    00000002     --HOLE-- [fill = 0]
                  000050c8    00000044     rtsv7M4_T_le_v4SPD16_eabi.lib : exit.obj (.text)
                  0000510c    00000004     --HOLE-- [fill = 0]
                  00005110    00000044     sysbios.aem4f : BIOS.obj (.text:ti_sysbios_family_arm_lm4_Timer_stop__E)
                  00005154    00000004     --HOLE-- [fill = 0]
                  00005158    00000044                   : BIOS.obj (.text:ti_sysbios_family_arm_m3_Hwi_getStackInfo__E)
                  0000519c    00000044     ti.targets.arm.rtsarm.aem4f : Error.oem4f (.text:xdc_runtime_Error_setX__E)
                  000051e0    00000044                                 : SysMin.oem4f (.text:xdc_runtime_SysMin_flush__E)
                  00005224    00000042     rtsv7M4_T_le_v4SPD16_eabi.lib : u_divt2.obj (.text)
                  00005266    00000002     --HOLE-- [fill = 0]
                  00005268    00000040     EK_TM4C123GXL.obj (.text:EK_TM4C123GXL_initGeneral)
                  000052a8    00000040     sysbios.aem4f : BIOS.obj (.text:ti_sysbios_family_arm_lm4_Timer_startup__E)
                  000052e8    0000003c     drivers_tivaware.aem4f : GPIOTiva.oem4f (.text:GPIO_toggle)
                  00005324    00000004     --HOLE-- [fill = 0]
                  00005328    0000003c     sysbios.aem4f : BIOS.obj (.text:ti_sysbios_family_arm_m3_Hwi_excSvCall__I)
                  00005364    00000004     --HOLE-- [fill = 0]
                  00005368    0000003c                   : BIOS.obj (.text:ti_sysbios_family_arm_m3_TaskSupport_start__E)
                  000053a4    00000004     --HOLE-- [fill = 0]
                  000053a8    0000003c                   : BIOS.obj (.text:ti_sysbios_heaps_HeapMem_init__I)
                  000053e4    00000004     --HOLE-- [fill = 0]
                  000053e8    0000003c                   : BIOS.obj (.text:ti_sysbios_knl_Swi_restore__E)
                  00005424    0000003c     ti.targets.arm.rtsarm.aem4f : Text.oem4f (.text:xdc_runtime_Text_xprintf__I)
                  00005460    00000038     sysbios.aem4f : BIOS.obj (.text:ti_sysbios_family_arm_m3_Hwi_excNoIsr__I)
                  00005498    00000038                   : BIOS.obj (.text:ti_sysbios_knl_Task_processVitalTaskFlag__I)
                  000054d0    00000038     ti.targets.arm.rtsarm.aem4f : SysMin.oem4f (.text:xdc_runtime_SysMin_putch__E)
                  00005508    00000038                                 : System.oem4f (.text:xdc_runtime_System_atexit__E)
                  00005540    00000034     driverlib.lib : sysctl.obj (.text:SysCtlPeripheralEnable)
                  00005574    00000004     --HOLE-- [fill = 0]
                  00005578    00000034     sysbios.aem4f : BIOS.obj (.text:ti_sysbios_family_arm_m3_Hwi_excNmi__I)
                  000055ac    00000004     --HOLE-- [fill = 0]
                  000055b0    00000034                   : BIOS.obj (.text:ti_sysbios_hal_Hwi_checkStack)
                  000055e4    00000034     ti.uia.loggers.aem4f : LoggerStopMode.oem4f (.text:ti_uia_loggers_LoggerStopMode_reset__E)
                  00005618    00000034     ti.targets.arm.rtsarm.aem4f : Core-label.oem4f (.text:xdc_runtime_Core_assignLabel__I)
                  0000564c    00000033                                 : Text.oem4f (.text:xdc_runtime_Text_printVisFxn__I)
                  0000567f    00000001     --HOLE-- [fill = 0]
                  00005680    00000032     sysbios.aem4f : BIOS.obj (.text:ti_sysbios_hal_Hwi_initStack)
                  000056b2    00000006     driverlib.lib : gpio.obj (.text:GPIOPinWrite)
                  000056b8    00000032     sysbios.aem4f : BIOS.obj (.text:ti_sysbios_knl_Semaphore_pendTimeout__I)
                  000056ea    00000002     --HOLE-- [fill = 0]
                  000056ec    00000030     main_pem4f.oem4f (.text:ti_sysbios_BIOS_atExitFunc__I)
                  0000571c    00000030     main_pem4f.oem4f (.text:ti_sysbios_gates_GateHwi_Object__create__S)
                  0000574c    00000030     main_pem4f.oem4f (.text:ti_sysbios_gates_GateMutex_Object__create__S)
                  0000577c    00000030     main_pem4f.oem4f (.text:ti_sysbios_heaps_HeapMem_Object__create__S)
                  000057ac    00000030     main_pem4f.oem4f (.text:ti_sysbios_knl_Semaphore_construct)
                  000057dc    00000030     main_pem4f.oem4f (.text:ti_uia_loggers_LoggerStopMode_Object__create__S)
                  0000580c    00000030     ti.targets.arm.rtsarm.aem4f : SysMin.oem4f (.text:xdc_runtime_SysMin_abort__E)
                  0000583c    00000030                                 : System.oem4f (.text:xdc_runtime_System_processAtExit__E)
                  0000586c    0000002c     main_pem4f.oem4f (.text:ti_sysbios_knl_Clock_doTick__I)
                  00005898    0000002c     main_pem4f.oem4f (.text:ti_sysbios_knl_Queue_construct)
                  000058c4    00000004     --HOLE-- [fill = 0]
                  000058c8    0000002c     sysbios.aem4f : BIOS.obj (.text:ti_sysbios_knl_Task_restore__E)
                  000058f4    0000002c     ti.targets.arm.rtsarm.aem4f : Text.oem4f (.text:xdc_runtime_Text_cordText__E)
                  00005920    0000002a     driverlib.lib : gpio.obj (.text:GPIODirModeSet)
                  0000594a    0000002a     ti.targets.arm.rtsarm.aem4f : System.oem4f (.text:xdc_runtime_System_putchar__I)
                  00005974    00000028     drivers_tivaware.aem4f : GPIOTiva.oem4f (.text:GPIO_write)
                  0000599c    00000004     --HOLE-- [fill = 0]
                  000059a0    00000028     sysbios.aem4f : BIOS.obj (.text:ti_sysbios_knl_Swi_Module_startup__E)
                  000059c8    00000026                   : m3_Hwi_asm.obj (.text:ti_sysbios_family_arm_m3_Hwi_pendSV__I)
                  000059ee    00000026     ti.targets.arm.rtsarm.aem4f : System.oem4f (.text:xdc_runtime_System_avprintf__E)
                  00005a14    00000024     drivers_tivaware.aem4f : GPIOTiva.oem4f (.text:GPIO_init)
                  00005a38    00000024     main_pem4f.oem4f (.text:ti_sysbios_BIOS_errorRaiseHook__I)
                  00005a5c    00000024     main_pem4f.oem4f (.text:ti_sysbios_BIOS_registerRTSLock__I)
                  00005a80    00000024     main_pem4f.oem4f (.text:ti_sysbios_BIOS_removeRTSLock__I)
                  00005aa4    00000024     main_pem4f.oem4f (.text:ti_sysbios_BIOS_startFunc__I)
                  00005ac8    00000024     sysbios.aem4f : BIOS.obj (.text:ti_sysbios_family_arm_m3_Hwi_doTaskRestore__I)
                  00005aec    00000024     main_pem4f.oem4f (.text:ti_sysbios_gates_GateMutex_Object__delete__S)
                  00005b10    00000024     sysbios.aem4f : BIOS.obj (.text:ti_sysbios_knl_Clock_Module_startup__E)
                  00005b34    00000024     ti.targets.arm.rtsarm.aem4f : System.oem4f (.text:xdc_runtime_System_vprintf__E)
                  00005b58    00000022     sysbios.aem4f : BIOS.obj (.text:ti_sysbios_family_arm_lm4_Timer_write__I)
                  00005b7a    00000022     main_pem4f.oem4f (.text:xdc_runtime_SysMin_output__I)
                  00005b9c    00000020     main_pem4f.oem4f (.text:ti_sysbios_BIOS_rtsLock__I)
                  00005bbc    00000020     sysbios.aem4f : m3_Hwi_asm.obj (.text:ti_sysbios_family_arm_m3_Hwi_excHandlerAsm__I)
                  00005bdc    00000004     --HOLE-- [fill = 0]
                  00005be0    00000020                   : BIOS.obj (.text:ti_sysbios_family_arm_m3_Hwi_excHandler__I)
                  00005c00    00000020     main_pem4f.oem4f (.text:ti_sysbios_gates_GateHwi_Object__delete__S)
                  00005c20    00000020     main_pem4f.oem4f (.text:ti_sysbios_heaps_HeapMem_Object__delete__S)
                  00005c40    00000020     sysbios.aem4f : BIOS.obj (.text:ti_sysbios_knl_Idle_run__E)
                  00005c60    00000020     main_pem4f.oem4f (.text:ti_sysbios_knl_Semaphore_Object__destruct__S)
                  00005c80    00000020     main_pem4f.oem4f (.text:ti_uia_loggers_LoggerStopMode_Object__delete__S)
                  00005ca0    00000020     ti.targets.arm.rtsarm.aem4f : Registry.oem4f (.text:xdc_runtime_Registry_findById__E)
                  00005cc0    00000020                                 : SysMin.oem4f (.text:xdc_runtime_SysMin_Module_startup__E)
                  00005ce0    0000001e     sysbios.aem4f : m3_Hwi_asm_switch.obj (.text:ti_sysbios_family_xxx_Hwi_switchAndRunFunc)
                  00005cfe    00000002     --HOLE-- [fill = 0]
                  00005d00    0000001c                   : BIOS.obj (.text:ti_sysbios_gates_GateMutex_Instance_init__E)
                  00005d1c    0000001c     main_pem4f.oem4f (.text:ti_sysbios_knl_Queue_Object__destruct__S)
                  00005d38    0000001c     sysbios.aem4f : BIOS.obj (.text:ti_sysbios_knl_Task_enter__I)
                  00005d54    0000001c     ti.targets.arm.rtsarm.aem4f : Error.oem4f (.text:xdc_runtime_Error_raiseX__E)
                  00005d70    0000001c                                 : Memory.oem4f (.text:xdc_runtime_Memory_valloc__E)
                  00005d8c    0000001c                                 : SysMin.oem4f (.text:xdc_runtime_SysMin_exit__E)
                  00005da8    0000001c                                 : System.oem4f (.text:xdc_runtime_System_abort__E)
                  00005dc4    0000001a     main_pem4f.oem4f (.text:ti_sysbios_family_arm_m3_Hwi_Handle__label__S)
                  00005dde    0000001a     main_pem4f.oem4f (.text:ti_sysbios_gates_GateHwi_Handle__label__S)
                  00005df8    0000001a     main_pem4f.oem4f (.text:ti_sysbios_gates_GateMutex_Handle__label__S)
                  00005e12    0000001a     main_pem4f.oem4f (.text:ti_sysbios_heaps_HeapMem_Handle__label__S)
                  00005e2c    0000001a     main_pem4f.oem4f (.text:ti_sysbios_knl_Swi_Handle__label__S)
                  00005e46    0000001a     main_pem4f.oem4f (.text:ti_sysbios_knl_Task_Handle__label__S)
                  00005e60    0000001a     sysbios.aem4f : BIOS.obj (.text:ti_sysbios_knl_Task_sleepTimeout__I)
                  00005e7a    0000001a     main_pem4f.oem4f (.text:ti_uia_loggers_LoggerStopMode_Handle__label__S)
                  00005e94    0000001a     ti.uia.loggers.aem4f : LoggerStopMode.oem4f (.text:ti_uia_loggers_LoggerStopMode_Instance_init__E)
                  00005eae    0000001a     main_pem4f.oem4f (.text:xdc_runtime_System_aprintf__E)
                  00005ec8    0000001a     main_pem4f.oem4f (.text:xdc_runtime_System_printf__E)
                  00005ee2    00000018     driverlib.lib : gpio.obj (.text:GPIOPinTypeGPIOOutput)
                  00005efa    00000002     --HOLE-- [fill = 0]
                  00005efc    00000018     rtsv7M4_T_le_v4SPD16_eabi.lib : args_main.obj (.text)
                  00005f14    00000018     main_pem4f.oem4f (.text:ti_sysbios_BIOS_rtsUnlock__I)
                  00005f2c    00000018     main_pem4f.oem4f (.text:ti_sysbios_family_arm_lm4_Timer_Module__startupDone__F)
                  00005f44    00000018     main_pem4f.oem4f (.text:ti_sysbios_family_arm_m3_Hwi_Module__startupDone__F)
                  00005f5c    00000018     sysbios.aem4f : m3_TaskSupport_asm.obj (.text:ti_sysbios_family_arm_m3_TaskSupport_swap__E)
                  00005f74    00000004     --HOLE-- [fill = 0]
                  00005f78    00000018                   : BIOS.obj (.text:ti_sysbios_gates_GateMutex_leave__E)
                  00005f90    00000018     ti.targets.arm.rtsarm.aem4f : Error.oem4f (.text:xdc_runtime_Error_check__E)
                  00005fa8    00000018                                 : System.oem4f (.text:xdc_runtime_System_exit__E)
                  00005fc0    00000018                                 : Text.oem4f (.text:xdc_runtime_Text_ropeText__E)
                  00005fd8    00000016     main_pem4f.oem4f (.text:ti_sysbios_BIOS_exitFunc__I)
                  00005fee    00000016     ti.uia.loggers.aem4f : LoggerStopMode.oem4f (.text:ti_uia_loggers_LoggerStopMode_disable__E)
                  00006004    00000016                          : LoggerStopMode.oem4f (.text:ti_uia_loggers_LoggerStopMode_enable__E)
                  0000601a    00000014     main.obj (.text:heartBeatFxn)
                  0000602e    00000002     --HOLE-- [fill = 0]
                  00006030    00000014     rtsv7M4_T_le_v4SPD16_eabi.lib : _lock.obj (.text)
                  00006044    00000014                                   : strcpy.obj (.text)
                  00006058    00000014                                   : strlen.obj (.text)
                  0000606c    00000014     main_pem4f.oem4f (.text:ti_sysbios_family_arm_m3_Hwi_Object__get__S)
                  00006080    00000014     sysbios.aem4f : BIOS.obj (.text:ti_sysbios_family_arm_m3_Hwi_switchFromBootStack__E)
                  00006094    00000014     main_pem4f.oem4f (.text:ti_sysbios_heaps_HeapMem_Object__get__S)
                  000060a8    00000014     main_pem4f.oem4f (.text:ti_sysbios_knl_Swi_Object__get__S)
                  000060bc    00000012     driverlib.lib : gpio.obj (.text:GPIOPinTypeGPIOInput)
                  000060ce    00000002     --HOLE-- [fill = 0]
                  000060d0    00000012     sysbios.aem4f : BIOS.obj (.text:ti_sysbios_hal_Hwi_Module_startup__E)
                  000060e2    00000012     main_pem4f.oem4f (.text:xdc_runtime_Startup_exec__I)
                  000060f4    00000004     --HOLE-- [fill = 0]
                  000060f8    00000010     sysbios.aem4f : BIOS.obj (.text:ti_sysbios_BIOS_getCpuFreq__E)
                  00006108    00000010                   : BIOS.obj (.text:ti_sysbios_BIOS_setThreadType__E)
                  00006118    00000010                   : BIOS.obj (.text:ti_sysbios_BIOS_start__E)
                  00006128    00000010                   : BIOS.obj (.text:ti_sysbios_family_arm_lm4_TimestampProvider_rolloverFunc__E)
                  00006138    00000010                   : m3_TaskSupport_asm.obj (.text:ti_sysbios_family_arm_m3_TaskSupport_glue)
                  00006148    00000010                   : BIOS.obj (.text:ti_sysbios_gates_GateMutex_Instance_finalize__E)
                  00006158    00000010                   : BIOS.obj (.text:ti_sysbios_knl_Semaphore_Instance_finalize__E)
                  00006168    00000010                   : BIOS.obj (.text:ti_sysbios_knl_Swi_disable__E)
                  00006178    00000010     main_pem4f.oem4f (.text:ti_sysbios_knl_Task_Object__get__S)
                  00006188    00000010     sysbios.aem4f : BIOS.obj (.text:ti_sysbios_knl_Task_disable__E)
                  00006198    00000010     main_pem4f.oem4f (.text:ti_uia_loggers_LoggerStopMode_Object__get__S)
                  000061a8    00000010     ti.uia.loggers.aem4f : LoggerStopMode.oem4f (.text:ti_uia_loggers_LoggerStopMode_isEmpty__E)
                  000061b8    00000010     ti.targets.arm.rtsarm.aem4f : Gate.oem4f (.text:xdc_runtime_Gate_leaveSystem__E)
                  000061c8    00000010                                 : Memory.oem4f (.text:xdc_runtime_Memory_free__E)
                  000061d8    00000010                                 : SysMin.oem4f (.text:xdc_runtime_SysMin_ready__E)
                  000061e8    00000010                                 : System.oem4f (.text:xdc_runtime_System_vsnprintf__E)
                  000061f8    00000010     main_pem4f.oem4f (.text:xdc_runtime_Text_visitRope__I)
                  00006208    0000000e     rtsv7M4_T_le_v4SPD16_eabi.lib : copy_decompress_none.obj (.text:decompress:none)
                  00006216    00000002     --HOLE-- [fill = 0]
                  00006218    0000000e     sysbios.aem4f : BIOS.obj (.text:ti_sysbios_knl_Idle_loop__E)
                  00006226    00000002     --HOLE-- [fill = 0]
                  00006228    0000000e                   : BIOS.obj (.text:ti_sysbios_knl_Queue_empty__E)
                  00006236    00000002     --HOLE-- [fill = 0]
                  00006238    0000000c     main_pem4f.oem4f (.text:.bootCodeSection:ti_catalog_arm_cortexm4_tiva_ce_Boot_init__I)
                  00006244    0000000c     rtsv7M4_T_le_v4SPD16_eabi.lib : copy_zero_init.obj (.text:decompress:ZI)
                  00006250    0000000c     sysbios.aem4f : BIOS.obj (.text:ti_sysbios_family_arm_lm4_Timer_getMaxTicks__E)
                  0000625c    00000004     --HOLE-- [fill = 0]
                  00006260    0000000c                   : BIOS.obj (.text:ti_sysbios_family_arm_lm4_TimestampProvider_startTimer__E)
                  0000626c    00000004     --HOLE-- [fill = 0]
                  00006270    0000000c                   : BIOS.obj (.text:ti_sysbios_family_arm_m3_Hwi_disableFxn__E)
                  0000627c    00000004     --HOLE-- [fill = 0]
                  00006280    0000000c                   : BIOS.obj (.text:ti_sysbios_family_arm_m3_TaskSupport_checkStack__E)
                  0000628c    00000004     --HOLE-- [fill = 0]
                  00006290    0000000c                   : BIOS.obj (.text:ti_sysbios_gates_GateHwi_enter__E)
                  0000629c    0000000c     main_pem4f.oem4f (.text:ti_sysbios_knl_Queue_Object__get__S)
                  000062a8    0000000c     ti.targets.arm.rtsarm.aem4f : Error.oem4f (.text:xdc_runtime_Error_init__E)
                  000062b4    0000000c                                 : Gate.oem4f (.text:xdc_runtime_Gate_enterSystem__E)
                  000062c0    0000000c                                 : Memory.oem4f (.text:xdc_runtime_Memory_calloc__E)
                  000062cc    0000000c                                 : Memory.oem4f (.text:xdc_runtime_Memory_getMaxDefaultTypeAlign__E)
                  000062d8    0000000a     main_pem4f.oem4f (.text:xdc_runtime_IHeap_alloc)
                  000062e2    0000000a     main_pem4f.oem4f (.text:xdc_runtime_IHeap_free)
                  000062ec    00000008     sysbios.aem4f : BIOS.obj (.text:ti_sysbios_family_arm_lm4_Timer_masterDisable__I)
                  000062f4    00000004     --HOLE-- [fill = 0]
                  000062f8    00000008                   : BIOS.obj (.text:ti_sysbios_family_arm_m3_Hwi_doSwiRestore__I)
                  00006300    00000008                   : BIOS.obj (.text:ti_sysbios_family_arm_m3_Hwi_startup__E)
                  00006308    00000006     ti.targets.arm.rtsarm.aem4f : xdc_noinit.oem4f (.text:__xdc__init)
                  0000630e    00000006     rtsv7M4_T_le_v4SPD16_eabi.lib : copy_decompress_rle.obj (.text:decompress:rle24)
                  00006314    00000006     Boot.aem4f : Boot_sysctl.oem4f (.text:ti_catalog_arm_cortexm4_tiva_ce_Boot_sysCtlDelayI__I)
                  0000631a    00000006     ti.targets.arm.rtsarm.aem4f : System.oem4f (.text:xdc_runtime_System_Module_startup__E)
                  00006320    00000006     sysbios.aem4f : BIOS.obj (.text:ti_sysbios_family_arm_lm4_TimestampProvider_Module_startup__E)
                  00006326    00000002     --HOLE-- [fill = 0]
                  00006328    00000006                   : BIOS.obj (.text:ti_sysbios_family_arm_m3_Hwi_restoreFxn__E)
                  0000632e    00000002     --HOLE-- [fill = 0]
                  00006330    00000006                   : BIOS.obj (.text:ti_sysbios_gates_GateHwi_leave__E)
                  00006336    00000002     --HOLE-- [fill = 0]
                  00006338    00000006                   : BIOS.obj (.text:ti_sysbios_heaps_HeapMem_isBlocking__E)
                  0000633e    00000002     --HOLE-- [fill = 0]
                  00006340    00000006                   : BIOS.obj (.text:ti_sysbios_knl_Queue_Instance_init__E)
                  00006346    00000002     --HOLE-- [fill = 0]
                  00006348    00000006                   : BIOS.obj (.text:ti_sysbios_knl_Swi_startup__E)
                  0000634e    00000002     --HOLE-- [fill = 0]
                  00006350    00000004                   : BIOS.obj (.text:ti_sysbios_family_arm_lm4_Timer_getPeriod__E)
                  00006354    00000004     --HOLE-- [fill = 0]
                  00006358    00000004                   : BIOS.obj (.text:ti_sysbios_gates_GateHwi_query__E)
                  0000635c    00000004     --HOLE-- [fill = 0]
                  00006360    00000004                   : BIOS.obj (.text:ti_sysbios_gates_GateMutex_query__E)
                  00006364    00000004     --HOLE-- [fill = 0]
                  00006368    00000004                   : BIOS.obj (.text:ti_sysbios_knl_Task_startup__E)
                  0000636c    00000004     --HOLE-- [fill = 0]
                  00006370    00000002                   : BIOS.obj (.text:ti_sysbios_gates_GateHwi_Instance_init__E)

.const     0    00006374    00002576     
                  00006374    00001e62     main_pem4f.oem4f (.const:xdc_runtime_Text_charTab__A)
                  000081d6    00000100     main_pem4f.oem4f (.const:xdc_runtime_Text_nodeTab__A)
                  000082d6    00000002     main_pem4f.oem4f (.const:ti_catalog_arm_cortexm4_tiva_ce_Boot_Module__id__C)
                  000082d8    00000060     main_pem4f.oem4f (.const:ti_uia_loggers_LoggerStopMode_Module__FXNS__C)
                  00008338    00000048     main_pem4f.oem4f (.const:.string)
                  00008380    0000003c     EK_TM4C123GXL.obj (.const:gpioHWAttrs)
                  000083bc    00000028     main_pem4f.oem4f (.const:ti_sysbios_heaps_HeapMem_Module__FXNS__C)
                  000083e4    00000028     main_pem4f.oem4f (.const:ti_uia_loggers_LoggerStopMode_Object__PARAMS__C)
                  0000840c    00000028     main_pem4f.oem4f (.const:xdc_runtime_Startup_sfxnTab__A)
                  00008434    00000024     main_pem4f.oem4f (.const:ti_sysbios_gates_GateHwi_Module__FXNS__C)
                  00008458    00000024     main_pem4f.oem4f (.const:ti_sysbios_gates_GateMutex_Module__FXNS__C)
                  0000847c    00000024     main_pem4f.oem4f (.const:ti_sysbios_heaps_HeapMem_Object__PARAMS__C)
                  000084a0    00000024     main_pem4f.oem4f (.const:ti_sysbios_knl_Semaphore_Object__PARAMS__C)
                  000084c4    00000020     main_pem4f.oem4f (.const:ti_sysbios_gates_GateHwi_Object__DESC__C)
                  000084e4    00000020     main_pem4f.oem4f (.const:ti_sysbios_gates_GateMutex_Object__DESC__C)
                  00008504    00000020     main_pem4f.oem4f (.const:ti_sysbios_heaps_HeapMem_Object__DESC__C)
                  00008524    00000020     main_pem4f.oem4f (.const:ti_sysbios_knl_Queue_Object__DESC__C)
                  00008544    00000020     main_pem4f.oem4f (.const:ti_sysbios_knl_Semaphore_Object__DESC__C)
                  00008564    00000020     main_pem4f.oem4f (.const:ti_uia_loggers_LoggerStopMode_Object__DESC__C)
                  00008584    00000018     EK_TM4C123GXL.obj (.const:GPIO_config)
                  0000859c    00000018     main_pem4f.oem4f (.const:ti_sysbios_gates_GateHwi_Object__PARAMS__C)
                  000085b4    00000018     main_pem4f.oem4f (.const:ti_sysbios_gates_GateMutex_Object__PARAMS__C)
                  000085cc    00000018     main_pem4f.oem4f (.const:ti_sysbios_knl_Queue_Object__PARAMS__C)
                  000085e4    00000014     main_pem4f.oem4f (.const:xdc_runtime_Startup_firstFxns__A)
                  000085f8    00000014     main_pem4f.oem4f (.const:xdc_runtime_Startup_sfxnRts__A)
                  0000860c    00000011     ti.targets.arm.rtsarm.aem4f : System.oem4f (.const:.string)
                  0000861d    00000001     main_pem4f.oem4f (.const:xdc_runtime_Error_policy__C)
                  0000861e    00000002     main_pem4f.oem4f (.const:ti_sysbios_family_arm_lm4_TimestampProvider_useClockTimer__C)
                  00008620    00000008     main_pem4f.oem4f (.const:ti_sysbios_family_arm_m3_Hwi_excHookFuncs__A)
                  00008628    00000008     main_pem4f.oem4f (.const:ti_sysbios_knl_Idle_funcList__A)
                  00008630    00000008     main_pem4f.oem4f (.const:ti_sysbios_knl_Idle_funcList__C)
                  00008638    00000008     main_pem4f.oem4f (.const:xdc_runtime_Startup_firstFxns__C)
                  00008640    00000008     main_pem4f.oem4f (.const:xdc_runtime_Startup_lastFxns__C)
                  00008648    00000004     main_pem4f.oem4f (.const:ti_catalog_arm_cortexm4_tiva_ce_Boot_A_mustUseEnhancedClockMode__C)
                  0000864c    00000004     main_pem4f.oem4f (.const:ti_catalog_arm_cortexm4_tiva_ce_Boot_Module__diagsEnabled__C)
                  00008650    00000004     main_pem4f.oem4f (.const:ti_catalog_arm_cortexm4_tiva_ce_Boot_Module__diagsIncluded__C)
                  00008654    00000004     main_pem4f.oem4f (.const:ti_catalog_arm_cortexm4_tiva_ce_Boot_Module__diagsMask__C)
                  00008658    00000004     main_pem4f.oem4f (.const:ti_sysbios_family_arm_lm4_Timer_enableFunc__C)
                  0000865c    00000004     main_pem4f.oem4f (.const:ti_sysbios_family_arm_lm4_Timer_numTimerDevices__C)
                  00008660    00000004     main_pem4f.oem4f (.const:ti_sysbios_family_arm_lm4_Timer_startupNeeded__C)
                  00008664    00000004     main_pem4f.oem4f (.const:ti_sysbios_family_arm_m3_Hwi_E_NMI__C)
                  00008668    00000004     main_pem4f.oem4f (.const:ti_sysbios_family_arm_m3_Hwi_E_busFault__C)
                  0000866c    00000004     main_pem4f.oem4f (.const:ti_sysbios_family_arm_m3_Hwi_E_debugMon__C)
                  00008670    00000004     main_pem4f.oem4f (.const:ti_sysbios_family_arm_m3_Hwi_E_hardFault__C)
                  00008674    00000004     main_pem4f.oem4f (.const:ti_sysbios_family_arm_m3_Hwi_E_memFault__C)
                  00008678    00000004     main_pem4f.oem4f (.const:ti_sysbios_family_arm_m3_Hwi_E_noIsr__C)
                  0000867c    00000004     main_pem4f.oem4f (.const:ti_sysbios_family_arm_m3_Hwi_E_reserved__C)
                  00008680    00000004     main_pem4f.oem4f (.const:ti_sysbios_family_arm_m3_Hwi_E_svCall__C)
                  00008684    00000004     main_pem4f.oem4f (.const:ti_sysbios_family_arm_m3_Hwi_E_usageFault__C)
                  00008688    00000004     main_pem4f.oem4f (.const:ti_sysbios_family_arm_m3_Hwi_LD_end__C)
                  0000868c    00000004     main_pem4f.oem4f (.const:ti_sysbios_family_arm_m3_Hwi_LM_begin__C)
                  00008690    00000004     main_pem4f.oem4f (.const:ti_sysbios_family_arm_m3_Hwi_Module__diagsEnabled__C)
                  00008694    00000004     main_pem4f.oem4f (.const:ti_sysbios_family_arm_m3_Hwi_Module__diagsIncluded__C)
                  00008698    00000004     main_pem4f.oem4f (.const:ti_sysbios_family_arm_m3_Hwi_Module__diagsMask__C)
                  0000869c    00000004     main_pem4f.oem4f (.const:ti_sysbios_family_arm_m3_Hwi_Module__loggerFxn1__C)
                  000086a0    00000004     main_pem4f.oem4f (.const:ti_sysbios_family_arm_m3_Hwi_Module__loggerFxn8__C)
                  000086a4    00000004     main_pem4f.oem4f (.const:ti_sysbios_family_arm_m3_Hwi_Module__loggerObj__C)
                  000086a8    00000004     main_pem4f.oem4f (.const:ti_sysbios_family_arm_m3_Hwi_NUM_INTERRUPTS__C)
                  000086ac    00000004     main_pem4f.oem4f (.const:ti_sysbios_family_arm_m3_Hwi_Object__count__C)
                  000086b0    00000004     main_pem4f.oem4f (.const:ti_sysbios_family_arm_m3_Hwi_ccr__C)
                  000086b4    00000004     main_pem4f.oem4f (.const:ti_sysbios_family_arm_m3_Hwi_excHandlerFunc__C)
                  000086b8    00000004     main_pem4f.oem4f (.const:ti_sysbios_family_arm_m3_Hwi_excHookFuncs__C)
                  000086bc    00000004     main_pem4f.oem4f (.const:ti_sysbios_family_arm_m3_Hwi_nullIsrFunc__C)
                  000086c0    00000004     main_pem4f.oem4f (.const:ti_sysbios_family_arm_m3_Hwi_priGroup__C)
                  000086c4    00000004     main_pem4f.oem4f (.const:ti_sysbios_gates_GateMutex_A_badContext__C)
                  000086c8    00000004     main_pem4f.oem4f (.const:ti_sysbios_gates_GateMutex_Instance_State_sem__O)
                  000086cc    00000004     main_pem4f.oem4f (.const:ti_sysbios_gates_GateMutex_Module__diagsEnabled__C)
                  000086d0    00000004     main_pem4f.oem4f (.const:ti_sysbios_gates_GateMutex_Module__diagsIncluded__C)
                  000086d4    00000004     main_pem4f.oem4f (.const:ti_sysbios_gates_GateMutex_Module__diagsMask__C)
                  000086d8    00000004     main_pem4f.oem4f (.const:ti_sysbios_hal_Hwi_E_stackOverflow__C)
                  000086dc    00000004     main_pem4f.oem4f (.const:ti_sysbios_heaps_HeapMem_A_align__C)
                  000086e0    00000004     main_pem4f.oem4f (.const:ti_sysbios_heaps_HeapMem_A_heapSize__C)
                  000086e4    00000004     main_pem4f.oem4f (.const:ti_sysbios_heaps_HeapMem_A_invalidFree__C)
                  000086e8    00000004     main_pem4f.oem4f (.const:ti_sysbios_heaps_HeapMem_A_zeroBlock__C)
                  000086ec    00000004     main_pem4f.oem4f (.const:ti_sysbios_heaps_HeapMem_E_memory__C)
                  000086f0    00000004     main_pem4f.oem4f (.const:ti_sysbios_heaps_HeapMem_Module__diagsEnabled__C)
                  000086f4    00000004     main_pem4f.oem4f (.const:ti_sysbios_heaps_HeapMem_Module__diagsIncluded__C)
                  000086f8    00000004     main_pem4f.oem4f (.const:ti_sysbios_heaps_HeapMem_Module__diagsMask__C)
                  000086fc    00000004     main_pem4f.oem4f (.const:ti_sysbios_heaps_HeapMem_Module__gateObj__C)
                  00008700    00000004     main_pem4f.oem4f (.const:ti_sysbios_heaps_HeapMem_Object__count__C)
                  00008704    00000004     main_pem4f.oem4f (.const:ti_sysbios_heaps_HeapMem_reqAlign__C)
                  00008708    00000004     main_pem4f.oem4f (.const:ti_sysbios_knl_Clock_LM_begin__C)
                  0000870c    00000004     main_pem4f.oem4f (.const:ti_sysbios_knl_Clock_LM_tick__C)
                  00008710    00000004     main_pem4f.oem4f (.const:ti_sysbios_knl_Clock_LW_delayed__C)
                  00008714    00000004     main_pem4f.oem4f (.const:ti_sysbios_knl_Clock_Module_State_clockQ__O)
                  00008718    00000004     main_pem4f.oem4f (.const:ti_sysbios_knl_Clock_Module__diagsEnabled__C)
                  0000871c    00000004     main_pem4f.oem4f (.const:ti_sysbios_knl_Clock_Module__diagsIncluded__C)
                  00008720    00000004     main_pem4f.oem4f (.const:ti_sysbios_knl_Clock_Module__diagsMask__C)
                  00008724    00000004     main_pem4f.oem4f (.const:ti_sysbios_knl_Clock_Module__loggerFxn1__C)
                  00008728    00000004     main_pem4f.oem4f (.const:ti_sysbios_knl_Clock_Module__loggerFxn2__C)
                  0000872c    00000004     main_pem4f.oem4f (.const:ti_sysbios_knl_Clock_Module__loggerObj__C)
                  00008730    00000004     main_pem4f.oem4f (.const:ti_sysbios_knl_Semaphore_A_badContext__C)
                  00008734    00000004     main_pem4f.oem4f (.const:ti_sysbios_knl_Semaphore_A_noEvents__C)
                  00008738    00000004     main_pem4f.oem4f (.const:ti_sysbios_knl_Semaphore_A_overflow__C)
                  0000873c    00000004     main_pem4f.oem4f (.const:ti_sysbios_knl_Semaphore_A_pendTaskDisabled__C)
                  00008740    00000004     main_pem4f.oem4f (.const:ti_sysbios_knl_Semaphore_Instance_State_pendQ__O)
                  00008744    00000004     main_pem4f.oem4f (.const:ti_sysbios_knl_Semaphore_LM_pend__C)
                  00008748    00000004     main_pem4f.oem4f (.const:ti_sysbios_knl_Semaphore_LM_post__C)
                  0000874c    00000004     main_pem4f.oem4f (.const:ti_sysbios_knl_Semaphore_Module__diagsEnabled__C)
                  00008750    00000004     main_pem4f.oem4f (.const:ti_sysbios_knl_Semaphore_Module__diagsIncluded__C)
                  00008754    00000004     main_pem4f.oem4f (.const:ti_sysbios_knl_Semaphore_Module__diagsMask__C)
                  00008758    00000004     main_pem4f.oem4f (.const:ti_sysbios_knl_Semaphore_Module__loggerFxn2__C)
                  0000875c    00000004     main_pem4f.oem4f (.const:ti_sysbios_knl_Semaphore_Module__loggerFxn4__C)
                  00008760    00000004     main_pem4f.oem4f (.const:ti_sysbios_knl_Semaphore_Module__loggerObj__C)
                  00008764    00000004     main_pem4f.oem4f (.const:ti_sysbios_knl_Swi_LD_end__C)
                  00008768    00000004     main_pem4f.oem4f (.const:ti_sysbios_knl_Swi_LM_begin__C)
                  0000876c    00000004     main_pem4f.oem4f (.const:ti_sysbios_knl_Swi_LM_post__C)
                  00008770    00000004     main_pem4f.oem4f (.const:ti_sysbios_knl_Swi_Module__diagsEnabled__C)
                  00008774    00000004     main_pem4f.oem4f (.const:ti_sysbios_knl_Swi_Module__diagsIncluded__C)
                  00008778    00000004     main_pem4f.oem4f (.const:ti_sysbios_knl_Swi_Module__diagsMask__C)
                  0000877c    00000004     main_pem4f.oem4f (.const:ti_sysbios_knl_Swi_Module__loggerFxn1__C)
                  00008780    00000004     main_pem4f.oem4f (.const:ti_sysbios_knl_Swi_Module__loggerFxn4__C)
                  00008784    00000004     main_pem4f.oem4f (.const:ti_sysbios_knl_Swi_Module__loggerObj__C)
                  00008788    00000004     main_pem4f.oem4f (.const:ti_sysbios_knl_Swi_Object__count__C)
                  0000878c    00000004     main_pem4f.oem4f (.const:ti_sysbios_knl_Task_A_badTimeout__C)
                  00008790    00000004     main_pem4f.oem4f (.const:ti_sysbios_knl_Task_A_sleepTaskDisabled__C)
                  00008794    00000004     main_pem4f.oem4f (.const:ti_sysbios_knl_Task_E_spOutOfBounds__C)
                  00008798    00000004     main_pem4f.oem4f (.const:ti_sysbios_knl_Task_E_stackOverflow__C)
                  0000879c    00000004     main_pem4f.oem4f (.const:ti_sysbios_knl_Task_LD_block__C)
                  000087a0    00000004     main_pem4f.oem4f (.const:ti_sysbios_knl_Task_LD_exit__C)
                  000087a4    00000004     main_pem4f.oem4f (.const:ti_sysbios_knl_Task_LD_ready__C)
                  000087a8    00000004     main_pem4f.oem4f (.const:ti_sysbios_knl_Task_LM_sleep__C)
                  000087ac    00000004     main_pem4f.oem4f (.const:ti_sysbios_knl_Task_LM_switch__C)
                  000087b0    00000004     main_pem4f.oem4f (.const:ti_sysbios_knl_Task_Module_State_inactiveQ__O)
                  000087b4    00000004     main_pem4f.oem4f (.const:ti_sysbios_knl_Task_Module__diagsEnabled__C)
                  000087b8    00000004     main_pem4f.oem4f (.const:ti_sysbios_knl_Task_Module__diagsIncluded__C)
                  000087bc    00000004     main_pem4f.oem4f (.const:ti_sysbios_knl_Task_Module__diagsMask__C)
                  000087c0    00000004     main_pem4f.oem4f (.const:ti_sysbios_knl_Task_Module__loggerFxn2__C)
                  000087c4    00000004     main_pem4f.oem4f (.const:ti_sysbios_knl_Task_Module__loggerFxn4__C)
                  000087c8    00000004     main_pem4f.oem4f (.const:ti_sysbios_knl_Task_Module__loggerObj__C)
                  000087cc    00000004     main_pem4f.oem4f (.const:ti_sysbios_knl_Task_Object__count__C)
                  000087d0    00000004     main_pem4f.oem4f (.const:ti_sysbios_knl_Task_allBlockedFunc__C)
                  000087d4    00000004     main_pem4f.oem4f (.const:ti_sysbios_knl_Task_numConstructedTasks__C)
                  000087d8    00000004     main_pem4f.oem4f (.const:ti_sysbios_utils_Load_LS_cpuLoad__C)
                  000087dc    00000004     main_pem4f.oem4f (.const:ti_sysbios_utils_Load_LS_hwiLoad__C)
                  000087e0    00000004     main_pem4f.oem4f (.const:ti_sysbios_utils_Load_Module__diagsEnabled__C)
                  000087e4    00000004     main_pem4f.oem4f (.const:ti_sysbios_utils_Load_Module__diagsIncluded__C)
                  000087e8    00000004     main_pem4f.oem4f (.const:ti_sysbios_utils_Load_Module__diagsMask__C)
                  000087ec    00000004     main_pem4f.oem4f (.const:ti_sysbios_utils_Load_Module__loggerFxn1__C)
                  000087f0    00000004     main_pem4f.oem4f (.const:ti_sysbios_utils_Load_Module__loggerFxn2__C)
                  000087f4    00000004     main_pem4f.oem4f (.const:ti_sysbios_utils_Load_Module__loggerObj__C)
                  000087f8    00000004     main_pem4f.oem4f (.const:ti_sysbios_utils_Load_postUpdate__C)
                  000087fc    00000004     main_pem4f.oem4f (.const:ti_sysbios_utils_Load_windowInMs__C)
                  00008800    00000004     main_pem4f.oem4f (.const:ti_uia_loggers_LoggerStopMode_Module__diagsEnabled__C)
                  00008804    00000004     main_pem4f.oem4f (.const:ti_uia_loggers_LoggerStopMode_Module__diagsIncluded__C)
                  00008808    00000004     main_pem4f.oem4f (.const:ti_uia_loggers_LoggerStopMode_Module__diagsMask__C)
                  0000880c    00000004     main_pem4f.oem4f (.const:ti_uia_loggers_LoggerStopMode_Object__count__C)
                  00008810    00000004     main_pem4f.oem4f (.const:ti_uia_runtime_ILoggerSnapshot_Interface__BASE__C)
                  00008814    00000004     main_pem4f.oem4f (.const:ti_uia_runtime_IUIATransfer_Interface__BASE__C)
                  00008818    00000004     main_pem4f.oem4f (.const:xdc_runtime_Assert_E_assertFailed__C)
                  0000881c    00000004     main_pem4f.oem4f (.const:xdc_runtime_Core_A_initializedParams__C)
                  00008820    00000004     main_pem4f.oem4f (.const:xdc_runtime_Core_Module__diagsEnabled__C)
                  00008824    00000004     main_pem4f.oem4f (.const:xdc_runtime_Core_Module__diagsIncluded__C)
                  00008828    00000004     main_pem4f.oem4f (.const:xdc_runtime_Core_Module__diagsMask__C)
                  0000882c    00000004     main_pem4f.oem4f (.const:xdc_runtime_Error_E_memory__C)
                  00008830    00000004     main_pem4f.oem4f (.const:xdc_runtime_Error_Module__diagsEnabled__C)
                  00008834    00000004     main_pem4f.oem4f (.const:xdc_runtime_Error_Module__diagsIncluded__C)
                  00008838    00000004     main_pem4f.oem4f (.const:xdc_runtime_Error_Module__diagsMask__C)
                  0000883c    00000004     main_pem4f.oem4f (.const:xdc_runtime_Error_Module__loggerFxn8__C)
                  00008840    00000004     main_pem4f.oem4f (.const:xdc_runtime_Error_Module__loggerObj__C)
                  00008844    00000004     main_pem4f.oem4f (.const:xdc_runtime_Error_policyFxn__C)
                  00008848    00000004     main_pem4f.oem4f (.const:xdc_runtime_Error_raiseHook__C)
                  0000884c    00000004     main_pem4f.oem4f (.const:xdc_runtime_IFilterLogger_Interface__BASE__C)
                  00008850    00000004     main_pem4f.oem4f (.const:xdc_runtime_IGateProvider_Interface__BASE__C)
                  00008854    00000004     main_pem4f.oem4f (.const:xdc_runtime_IHeap_Interface__BASE__C)
                  00008858    00000004     main_pem4f.oem4f (.const:xdc_runtime_ILogger_Interface__BASE__C)
                  0000885c    00000004     main_pem4f.oem4f (.const:xdc_runtime_IModule_Interface__BASE__C)
                  00008860    00000004     main_pem4f.oem4f (.const:xdc_runtime_Log_L_error__C)
                  00008864    00000004     main_pem4f.oem4f (.const:xdc_runtime_Memory_defaultHeapInstance__C)
                  00008868    00000004     main_pem4f.oem4f (.const:xdc_runtime_Startup_execImpl__C)
                  0000886c    00000004     main_pem4f.oem4f (.const:xdc_runtime_Startup_lastFxns__A)
                  00008870    00000004     main_pem4f.oem4f (.const:xdc_runtime_Startup_maxPasses__C)
                  00008874    00000004     main_pem4f.oem4f (.const:xdc_runtime_Startup_sfxnRts__C)
                  00008878    00000004     main_pem4f.oem4f (.const:xdc_runtime_Startup_sfxnTab__C)
                  0000887c    00000004     main_pem4f.oem4f (.const:xdc_runtime_SysMin_bufSize__C)
                  00008880    00000004     main_pem4f.oem4f (.const:xdc_runtime_SysMin_outputFunc__C)
                  00008884    00000004     main_pem4f.oem4f (.const:xdc_runtime_System_Module__gateObj__C)
                  00008888    00000004     main_pem4f.oem4f (.const:xdc_runtime_System_abortFxn__C)
                  0000888c    00000004     main_pem4f.oem4f (.const:xdc_runtime_System_exitFxn__C)
                  00008890    00000004     main_pem4f.oem4f (.const:xdc_runtime_System_extendFxn__C)
                  00008894    00000004     main_pem4f.oem4f (.const:xdc_runtime_System_maxAtexitHandlers__C)
                  00008898    00000004     main_pem4f.oem4f (.const:xdc_runtime_Text_charTab__C)
                  0000889c    00000004     main_pem4f.oem4f (.const:xdc_runtime_Text_nameEmpty__C)
                  000088a0    00000004     main_pem4f.oem4f (.const:xdc_runtime_Text_nameStatic__C)
                  000088a4    00000004     main_pem4f.oem4f (.const:xdc_runtime_Text_nameUnknown__C)
                  000088a8    00000004     main_pem4f.oem4f (.const:xdc_runtime_Text_nodeTab__C)
                  000088ac    00000004     main_pem4f.oem4f (.const:xdc_runtime_Text_visitRopeFxn__C)
                  000088b0    00000002     main_pem4f.oem4f (.const:ti_sysbios_family_arm_m3_Hwi_Module__id__C)
                  000088b2    00000002     main_pem4f.oem4f (.const:ti_sysbios_family_arm_m3_Hwi_Module__loggerDefined__C)
                  000088b4    00000002     main_pem4f.oem4f (.const:ti_sysbios_gates_GateMutex_Module__id__C)
                  000088b6    00000002     main_pem4f.oem4f (.const:ti_sysbios_hal_Hwi_Module__id__C)
                  000088b8    00000002     main_pem4f.oem4f (.const:ti_sysbios_heaps_HeapMem_Module__id__C)
                  000088ba    00000002     main_pem4f.oem4f (.const:ti_sysbios_knl_Clock_Module__id__C)
                  000088bc    00000002     main_pem4f.oem4f (.const:ti_sysbios_knl_Clock_Module__loggerDefined__C)
                  000088be    00000002     main_pem4f.oem4f (.const:ti_sysbios_knl_Semaphore_Module__id__C)
                  000088c0    00000002     main_pem4f.oem4f (.const:ti_sysbios_knl_Semaphore_Module__loggerDefined__C)
                  000088c2    00000002     main_pem4f.oem4f (.const:ti_sysbios_knl_Swi_Module__id__C)
                  000088c4    00000002     main_pem4f.oem4f (.const:ti_sysbios_knl_Swi_Module__loggerDefined__C)
                  000088c6    00000002     main_pem4f.oem4f (.const:ti_sysbios_knl_Task_Module__id__C)
                  000088c8    00000002     main_pem4f.oem4f (.const:ti_sysbios_knl_Task_Module__loggerDefined__C)
                  000088ca    00000002     main_pem4f.oem4f (.const:ti_sysbios_knl_Task_initStackFlag__C)
                  000088cc    00000002     main_pem4f.oem4f (.const:ti_sysbios_utils_Load_Module__id__C)
                  000088ce    00000002     main_pem4f.oem4f (.const:ti_sysbios_utils_Load_Module__loggerDefined__C)
                  000088d0    00000002     main_pem4f.oem4f (.const:ti_sysbios_utils_Load_hwiEnabled__C)
                  000088d2    00000002     main_pem4f.oem4f (.const:ti_sysbios_utils_Load_updateInIdle__C)
                  000088d4    00000002     main_pem4f.oem4f (.const:ti_uia_loggers_LoggerStopMode_Module__id__C)
                  000088d6    00000002     main_pem4f.oem4f (.const:ti_uia_loggers_LoggerStopMode_isTimestampEnabled__C)
                  000088d8    00000002     main_pem4f.oem4f (.const:xdc_runtime_Core_Module__id__C)
                  000088da    00000002     main_pem4f.oem4f (.const:xdc_runtime_Error_Module__loggerDefined__C)
                  000088dc    00000002     main_pem4f.oem4f (.const:xdc_runtime_Error_maxDepth__C)
                  000088de    00000002     main_pem4f.oem4f (.const:xdc_runtime_Memory_Module__id__C)
                  000088e0    00000002     main_pem4f.oem4f (.const:xdc_runtime_SysMin_flushAtExit__C)
                  000088e2    00000002     main_pem4f.oem4f (.const:xdc_runtime_Text_charCnt__C)
                  000088e4    00000002     main_pem4f.oem4f (.const:xdc_runtime_Text_isLoaded__C)
                  000088e6    00000002     main_pem4f.oem4f (.const:xdc_runtime_Text_registryModsLastId__C)
                  000088e8    00000002     main_pem4f.oem4f (.const:xdc_runtime_Text_unnamedModsLastId__C)

.cinit     0    000088f0    00000470     
                  000088f0    00000437     (.cinit..data.load) [load image, compression = rle]
                  00008d27    00000001     --HOLE-- [fill = 0]
                  00008d28    0000000c     (__TI_handler_table)
                  00008d34    00000004     --HOLE-- [fill = 0]
                  00008d38    00000008     (.cinit..bss.load) [load image, compression = zero_init]
                  00008d40    00000008     (.cinit..vecs.load) [load image, compression = zero_init]
                  00008d48    00000018     (__TI_cinit_table)

.vecs      0    20000000    00000360     UNINITIALIZED
                  20000000    00000360     main_pem4f.oem4f (.vecs)

.bss       0    20000380    00002e30     UNINITIALIZED
                  20000380    00001000     main_pem4f.oem4f (.bss:ti_sysbios_heaps_HeapMem_Instance_State_0_buf__A)
                  20001380    00000a00     main_pem4f.oem4f (.bss:taskStackSection)
                  20001d80    00000400     main_pem4f.oem4f (.bss:ti_uia_loggers_LoggerStopMode_Instance_State_1_packetArray__A)
                  20002180    00000400     main_pem4f.oem4f (.bss:ti_uia_loggers_LoggerStopMode_Instance_State_2_packetArray__A)
                  20002580    00000400     main_pem4f.oem4f (.bss:xdc_runtime_SysMin_Module_State_0_outbuf__A)
                  20002980    00000360     main_pem4f.oem4f (.bss:ti_sysbios_family_arm_m3_Hwi_dispatchTable)
                  20002ce0    00000008     (.common:parmbuf)
                  20002ce8    00000018     --HOLE--
                  20002d00    00000200     main_pem4f.oem4f (.bss:ti_uia_loggers_LoggerStopMode_Instance_State_0_packetArray__A)
                  20002f00    00000120     rtsv7M4_T_le_v4SPD16_eabi.lib : trgmsg.obj (.bss:__CIOBUF_)
                  20003020    00000060     --HOLE--
                  20003080    00000030     main_pem4f.oem4f (.bss:ti_uia_loggers_LoggerStopMode_Instance_State_0_hdr__A)
                  200030b0    00000050     --HOLE--
                  20003100    00000030     main_pem4f.oem4f (.bss:ti_uia_loggers_LoggerStopMode_Instance_State_1_hdr__A)
                  20003130    00000050     --HOLE--
                  20003180    00000030     main_pem4f.oem4f (.bss:ti_uia_loggers_LoggerStopMode_Instance_State_2_hdr__A)

.TI.noinit 
*          0    20000380    00000000     UNINITIALIZED

.stack     0    200031b0    00001000     UNINITIALIZED
                  200031b0    00001000     --HOLE--

.data      0    200041b0    00000678     UNINITIALIZED
                  200041b0    00000178     main_pem4f.oem4f (.data)
                  20004328    0000009c     main_pem4f.oem4f (.data:ti_uia_loggers_LoggerStopMode_Object__table__V)
                  200043c4    00000098     main_pem4f.oem4f (.data:ti_sysbios_knl_Task_Object__table__V)
                  2000445c    00000098     main_pem4f.oem4f (.data:ti_sysbios_utils_Load_Module__state__V)
                  200044f4    00000080     main_pem4f.oem4f (.data:ti_sysbios_family_arm_lm4_Timer_Object__table__V)
                  20004574    00000080     main_pem4f.oem4f (.data:ti_sysbios_knl_Swi_Module_State_0_readyQ__A)
                  200045f4    00000080     main_pem4f.oem4f (.data:ti_sysbios_knl_Task_Module_State_0_readyQ__A)
                  20004674    00000044     main_pem4f.oem4f (.data:ti_sysbios_knl_Task_Module__state__V)
                  200046b8    00000038     main_pem4f.oem4f (.data:ti_sysbios_gates_GateMutex_Object__table__V)
                  200046f0    00000034     main_pem4f.oem4f (.data:ti_sysbios_family_arm_m3_Hwi_Module__state__V)
                  20004724    00000030     main_pem4f.oem4f (.data:ti_sysbios_family_arm_lm4_Timer_Module_State_0_device__A)
                  20004754    00000030     main_pem4f.oem4f (.data:ti_sysbios_family_arm_m3_Hwi_Object__table__V)
                  20004784    00000030     main_pem4f.oem4f (.data:ti_sysbios_knl_Swi_Object__table__V)
                  200047b4    0000002c     main_pem4f.oem4f (.data:ti_sysbios_knl_Clock_Module__state__V)
                  200047e0    00000024     main_pem4f.oem4f (.data:ti_sysbios_BIOS_Module__state__V)
                  20004804    00000008     drivers_tivaware.aem4f : GPIOTiva.oem4f (.data)
                  2000480c    00000008     rtsv7M4_T_le_v4SPD16_eabi.lib : _lock.obj (.data)
                  20004814    00000008                                   : exit.obj (.data)
                  2000481c    00000008     ti.uia.runtime.aem4f : QueueDescriptor.oem4f (.data)
                  20004824    00000004     rtsv7M4_T_le_v4SPD16_eabi.lib : stkdepth_vars.obj (.data)

.bootVecs 
*          0    00000000    00000008     DSECT
                  00000000    00000008     boot.aem4f : boot.oem4f (.bootVecs)

xdc.meta   0    00000000    000000e0     COPY SECTION
                  00000000    000000e0     main_pem4f.oem4f (xdc.meta)

.TI.persistent 
*          0    200041b0    00000000     UNINITIALIZED


LINKER GENERATED COPY TABLES

__TI_cinit_table @ 00008d48 records: 3, size/record: 8, table size: 24
	.data: load addr=000088f0, load size=00000437 bytes, run addr=200041b0, run size=00000678 bytes, compression=rle
	.bss: load addr=00008d38, load size=00000008 bytes, run addr=20000380, run size=00002e30 bytes, compression=zero_init
	.vecs: load addr=00008d40, load size=00000008 bytes, run addr=20000000, run size=00000360 bytes, compression=zero_init


LINKER GENERATED HANDLER TABLE

__TI_handler_table @ 00008d28 records: 3, size/record: 4, table size: 12
	index: 0, handler: __TI_decompress_rle24
	index: 1, handler: __TI_decompress_none
	index: 2, handler: __TI_zero_init


GLOBAL SYMBOLS: SORTED ALPHABETICALLY BY Name 

address   name                                                              
-------   ----                                                              
000050c9  C$$EXIT                                                           
000047eb  C$$IO$$                                                           
00004415  EK_TM4C123GXL_initGPIO                                            
00005269  EK_TM4C123GXL_initGeneral                                         
00005921  GPIODirModeSet                                                    
00002365  GPIOPadConfigSet                                                  
0000488b  GPIOPinRead                                                       
000060bd  GPIOPinTypeGPIOInput                                              
00005ee3  GPIOPinTypeGPIOOutput                                             
000056b3  GPIOPinWrite                                                      
00008584  GPIO_config                                                       
00005a15  GPIO_init                                                         
000052e9  GPIO_toggle                                                       
00005975  GPIO_write                                                        
00000d51  HOSTclock                                                         
00000d19  HOSTclose                                                         
00000cdb  HOSTgetenv                                                        
00000c7f  HOSTlseek                                                         
00000c2d  HOSTopen                                                          
00000be1  HOSTread                                                          
00000b83  HOSTrename                                                        
00000b49  HOSTtime                                                          
00000b11  HOSTunlink                                                        
00000ac5  HOSTwrite                                                         
UNDEFED   SHT$$INIT_ARRAY$$Base                                             
UNDEFED   SHT$$INIT_ARRAY$$Limit                                            
00005541  SysCtlPeripheralEnable                                            
20004410  TSK_idle                                                          
00000000  __ASM__                                                           
20002f00  __CIOBUF_                                                         
0000005e  __ISA__                                                           
00000071  __PLAT__                                                          
200041b0  __STACK_END                                                       
00001000  __STACK_SIZE                                                      
200032b0  __STACK_TOP                                                       
00000092  __TARG__                                                          
00008d48  __TI_CINIT_Base                                                   
00008d60  __TI_CINIT_Limit                                                  
00008d28  __TI_Handler_Table_Base                                           
00008d34  __TI_Handler_Table_Limit                                          
00003d09  __TI_auto_init                                                    
20004814  __TI_cleanup_ptr                                                  
00006209  __TI_decompress_none                                              
0000630f  __TI_decompress_rle24                                             
20004818  __TI_dtors_ptr                                                    
000047ef  __TI_readmsg                                                      
000088f0  __TI_static_base__                                                
000047bd  __TI_writemsg                                                     
00006245  __TI_zero_init                                                    
000000b8  __TRDR__                                                          
0000451d  __aeabi_memclr                                                    
0000451d  __aeabi_memclr4                                                   
0000451d  __aeabi_memclr8                                                   
00003da9  __aeabi_memcpy                                                    
00003da9  __aeabi_memcpy4                                                   
00003da9  __aeabi_memcpy8                                                   
0000451f  __aeabi_memset                                                    
0000451f  __aeabi_memset4                                                   
0000451f  __aeabi_memset8                                                   
00005225  __aeabi_uidiv                                                     
00005225  __aeabi_uidivmod                                                  
ffffffff  __binit__                                                         
ffffffff  __c_args__                                                        
200031b0  __stack                                                           
00006309  __xdc__init                                                       
20004324  __xdc__init__addr                                                 
00005efd  _args_main                                                        
00004bf1  _c_int00                                                          
2000480c  _lock                                                             
0000603f  _nop                                                              
00006037  _register_lock                                                    
00006031  _register_unlock                                                  
20004810  _unlock                                                           
000050cd  abort                                                             
ffffffff  binit                                                             
00004d95  copy_in                                                           
000050d5  exit                                                              
00008380  gpioHWAttrs                                                       
0000601b  heartBeatFxn                                                      
00003f81  main                                                              
20004824  main_func_sp                                                      
00003da9  memcpy                                                            
00004525  memset                                                            
00006045  strcpy                                                            
00006059  strlen                                                            
00008648  ti_catalog_arm_cortexm4_tiva_ce_Boot_A_mustUseEnhancedClockMode__C
0000864c  ti_catalog_arm_cortexm4_tiva_ce_Boot_Module__diagsEnabled__C      
00008650  ti_catalog_arm_cortexm4_tiva_ce_Boot_Module__diagsIncluded__C     
00008654  ti_catalog_arm_cortexm4_tiva_ce_Boot_Module__diagsMask__C         
000082d6  ti_catalog_arm_cortexm4_tiva_ce_Boot_Module__id__C                
00006239  ti_catalog_arm_cortexm4_tiva_ce_Boot_init__I                      
000029e9  ti_catalog_arm_cortexm4_tiva_ce_Boot_sysCtlClockSetI__I           
00004015  ti_catalog_arm_cortexm4_tiva_ce_Boot_sysCtlClockSet__E            
00006315  ti_catalog_arm_cortexm4_tiva_ce_Boot_sysCtlDelayI__I              
200047e0  ti_sysbios_BIOS_Module__state__V                                  
00005df9  ti_sysbios_BIOS_RtsGateProxy_Handle__label__S                     
00005aed  ti_sysbios_BIOS_RtsGateProxy_Object__delete__S                    
000007ad  ti_sysbios_BIOS_RtsGateProxy_enter__E                             
00000fed  ti_sysbios_BIOS_RtsGateProxy_leave__E                             
00006361  ti_sysbios_BIOS_RtsGateProxy_query__E                             
000056ed  ti_sysbios_BIOS_atExitFunc__I                                     
00005a39  ti_sysbios_BIOS_errorRaiseHook__I                                 
00005fd9  ti_sysbios_BIOS_exitFunc__I                                       
000060f9  ti_sysbios_BIOS_getCpuFreq__E                                     
00003f7f  ti_sysbios_BIOS_nullFunc__I                                       
00005a5d  ti_sysbios_BIOS_registerRTSLock__I                                
00005a81  ti_sysbios_BIOS_removeRTSLock__I                                  
00005b9d  ti_sysbios_BIOS_rtsLock__I                                        
00005f15  ti_sysbios_BIOS_rtsUnlock__I                                      
00006109  ti_sysbios_BIOS_setThreadType__E                                  
00005aa5  ti_sysbios_BIOS_startFunc__I                                      
00006119  ti_sysbios_BIOS_start__E                                          
20004724  ti_sysbios_family_arm_lm4_Timer_Module_State_0_device__A          
200041d8  ti_sysbios_family_arm_lm4_Timer_Module_State_0_handles__A         
200041d0  ti_sysbios_family_arm_lm4_Timer_Module__root__V                   
00005f2d  ti_sysbios_family_arm_lm4_Timer_Module__startupDone__F            
00005f2d  ti_sysbios_family_arm_lm4_Timer_Module__startupDone__S            
200041f0  ti_sysbios_family_arm_lm4_Timer_Module__state__V                  
00004891  ti_sysbios_family_arm_lm4_Timer_Module_startup__E                 
200044f4  ti_sysbios_family_arm_lm4_Timer_Object__table__V                  
00008658  ti_sysbios_family_arm_lm4_Timer_enableFunc__C                     
00003b11  ti_sysbios_family_arm_lm4_Timer_enableTimers__I                   
00003901  ti_sysbios_family_arm_lm4_Timer_enableTiva__I                     
00006251  ti_sysbios_family_arm_lm4_Timer_getMaxTicks__E                    
00006351  ti_sysbios_family_arm_lm4_Timer_getPeriod__E                      
00004959  ti_sysbios_family_arm_lm4_Timer_isrStub__E                        
000062ed  ti_sysbios_family_arm_lm4_Timer_masterDisable__I                  
0000162d  ti_sysbios_family_arm_lm4_Timer_masterEnable__I                   
0000865c  ti_sysbios_family_arm_lm4_Timer_numTimerDevices__C                
00001929  ti_sysbios_family_arm_lm4_Timer_start__E                          
00008660  ti_sysbios_family_arm_lm4_Timer_startupNeeded__C                  
000052a9  ti_sysbios_family_arm_lm4_Timer_startup__E                        
00005111  ti_sysbios_family_arm_lm4_Timer_stop__E                           
00005b59  ti_sysbios_family_arm_lm4_Timer_write__I                          
200041fc  ti_sysbios_family_arm_lm4_TimestampProvider_Module__state__V      
00006321  ti_sysbios_family_arm_lm4_TimestampProvider_Module_startup__E     
00003091  ti_sysbios_family_arm_lm4_TimestampProvider_get32__E              
00001631  ti_sysbios_family_arm_lm4_TimestampProvider_get64__E              
000060f9  ti_sysbios_family_arm_lm4_TimestampProvider_getFreq__E            
00006129  ti_sysbios_family_arm_lm4_TimestampProvider_rolloverFunc__E       
00006261  ti_sysbios_family_arm_lm4_TimestampProvider_startTimer__E         
0000861e  ti_sysbios_family_arm_lm4_TimestampProvider_useClockTimer__C      
00008664  ti_sysbios_family_arm_m3_Hwi_E_NMI__C                             
00008668  ti_sysbios_family_arm_m3_Hwi_E_busFault__C                        
0000866c  ti_sysbios_family_arm_m3_Hwi_E_debugMon__C                        
00008670  ti_sysbios_family_arm_m3_Hwi_E_hardFault__C                       
00008674  ti_sysbios_family_arm_m3_Hwi_E_memFault__C                        
00008678  ti_sysbios_family_arm_m3_Hwi_E_noIsr__C                           
0000867c  ti_sysbios_family_arm_m3_Hwi_E_reserved__C                        
00008680  ti_sysbios_family_arm_m3_Hwi_E_svCall__C                          
00008684  ti_sysbios_family_arm_m3_Hwi_E_usageFault__C                      
00005dc5  ti_sysbios_family_arm_m3_Hwi_Handle__label__S                     
00008688  ti_sysbios_family_arm_m3_Hwi_LD_end__C                            
0000868c  ti_sysbios_family_arm_m3_Hwi_LM_begin__C                          
2000420c  ti_sysbios_family_arm_m3_Hwi_Module_State_0_excActive__A          
20004210  ti_sysbios_family_arm_m3_Hwi_Module_State_0_excContext__A         
20004214  ti_sysbios_family_arm_m3_Hwi_Module_State_0_excStack__A           
00008690  ti_sysbios_family_arm_m3_Hwi_Module__diagsEnabled__C              
00008694  ti_sysbios_family_arm_m3_Hwi_Module__diagsIncluded__C             
00008698  ti_sysbios_family_arm_m3_Hwi_Module__diagsMask__C                 
000088b0  ti_sysbios_family_arm_m3_Hwi_Module__id__C                        
000088b2  ti_sysbios_family_arm_m3_Hwi_Module__loggerDefined__C             
0000869c  ti_sysbios_family_arm_m3_Hwi_Module__loggerFxn1__C                
000086a0  ti_sysbios_family_arm_m3_Hwi_Module__loggerFxn8__C                
000086a4  ti_sysbios_family_arm_m3_Hwi_Module__loggerObj__C                 
20004204  ti_sysbios_family_arm_m3_Hwi_Module__root__V                      
[...]
00008680  ti_sysbios_family_arm_m3_Hwi_E_svCall__C                          
00008684  ti_sysbios_family_arm_m3_Hwi_E_usageFault__C                      
00008688  ti_sysbios_family_arm_m3_Hwi_LD_end__C                            
0000868c  ti_sysbios_family_arm_m3_Hwi_LM_begin__C                          
00008690  ti_sysbios_family_arm_m3_Hwi_Module__diagsEnabled__C              
00008694  ti_sysbios_family_arm_m3_Hwi_Module__diagsIncluded__C             
00008698  ti_sysbios_family_arm_m3_Hwi_Module__diagsMask__C                 
0000869c  ti_sysbios_family_arm_m3_Hwi_Module__loggerFxn1__C                
000086a0  ti_sysbios_family_arm_m3_Hwi_Module__loggerFxn8__C                
000086a4  ti_sysbios_family_arm_m3_Hwi_Module__loggerObj__C                 
000086a8  ti_sysbios_family_arm_m3_Hwi_NUM_INTERRUPTS__C                    
000086ac  ti_sysbios_family_arm_m3_Hwi_Object__count__C                     
000086b0  ti_sysbios_family_arm_m3_Hwi_ccr__C                               
000086b4  ti_sysbios_family_arm_m3_Hwi_excHandlerFunc__C                    
000086b8  ti_sysbios_family_arm_m3_Hwi_excHookFuncs__C                      
000086bc  ti_sysbios_family_arm_m3_Hwi_nullIsrFunc__C                       
000086c0  ti_sysbios_family_arm_m3_Hwi_priGroup__C                          
000086c4  ti_sysbios_gates_GateMutex_A_badContext__C                        
000086c8  ti_sysbios_gates_GateMutex_Instance_State_sem__O                  
000086cc  ti_sysbios_gates_GateMutex_Module__diagsEnabled__C                
000086d0  ti_sysbios_gates_GateMutex_Module__diagsIncluded__C               
000086d4  ti_sysbios_gates_GateMutex_Module__diagsMask__C                   
000086d8  ti_sysbios_hal_Hwi_E_stackOverflow__C                             
000086dc  ti_sysbios_heaps_HeapMem_A_align__C                               
000086e0  ti_sysbios_heaps_HeapMem_A_heapSize__C                            
000086e4  ti_sysbios_heaps_HeapMem_A_invalidFree__C                         
000086e8  ti_sysbios_heaps_HeapMem_A_zeroBlock__C                           
000086ec  ti_sysbios_heaps_HeapMem_E_memory__C                              
000086f0  ti_sysbios_heaps_HeapMem_Module__diagsEnabled__C                  
000086f4  ti_sysbios_heaps_HeapMem_Module__diagsIncluded__C                 
000086f8  ti_sysbios_heaps_HeapMem_Module__diagsMask__C                     
000086fc  ti_sysbios_heaps_HeapMem_Module__gateObj__C                       
00008700  ti_sysbios_heaps_HeapMem_Object__count__C                         
00008704  ti_sysbios_heaps_HeapMem_reqAlign__C                              
00008708  ti_sysbios_knl_Clock_LM_begin__C                                  
0000870c  ti_sysbios_knl_Clock_LM_tick__C                                   
00008710  ti_sysbios_knl_Clock_LW_delayed__C                                
00008714  ti_sysbios_knl_Clock_Module_State_clockQ__O                       
00008718  ti_sysbios_knl_Clock_Module__diagsEnabled__C                      
0000871c  ti_sysbios_knl_Clock_Module__diagsIncluded__C                     
00008720  ti_sysbios_knl_Clock_Module__diagsMask__C                         
00008724  ti_sysbios_knl_Clock_Module__loggerFxn1__C                        
00008728  ti_sysbios_knl_Clock_Module__loggerFxn2__C                        
0000872c  ti_sysbios_knl_Clock_Module__loggerObj__C                         
00008730  ti_sysbios_knl_Semaphore_A_badContext__C                          
00008734  ti_sysbios_knl_Semaphore_A_noEvents__C                            
00008738  ti_sysbios_knl_Semaphore_A_overflow__C                            
0000873c  ti_sysbios_knl_Semaphore_A_pendTaskDisabled__C                    
00008740  ti_sysbios_knl_Semaphore_Instance_State_pendQ__O                  
00008744  ti_sysbios_knl_Semaphore_LM_pend__C                               
00008748  ti_sysbios_knl_Semaphore_LM_post__C                               
0000874c  ti_sysbios_knl_Semaphore_Module__diagsEnabled__C                  
00008750  ti_sysbios_knl_Semaphore_Module__diagsIncluded__C                 
00008754  ti_sysbios_knl_Semaphore_Module__diagsMask__C                     
00008758  ti_sysbios_knl_Semaphore_Module__loggerFxn2__C                    
0000875c  ti_sysbios_knl_Semaphore_Module__loggerFxn4__C                    
00008760  ti_sysbios_knl_Semaphore_Module__loggerObj__C                     
00008764  ti_sysbios_knl_Swi_LD_end__C                                      
00008768  ti_sysbios_knl_Swi_LM_begin__C                                    
0000876c  ti_sysbios_knl_Swi_LM_post__C                                     
00008770  ti_sysbios_knl_Swi_Module__diagsEnabled__C                        
00008774  ti_sysbios_knl_Swi_Module__diagsIncluded__C                       
00008778  ti_sysbios_knl_Swi_Module__diagsMask__C                           
0000877c  ti_sysbios_knl_Swi_Module__loggerFxn1__C                          
00008780  ti_sysbios_knl_Swi_Module__loggerFxn4__C                          
00008784  ti_sysbios_knl_Swi_Module__loggerObj__C                           
00008788  ti_sysbios_knl_Swi_Object__count__C                               
0000878c  ti_sysbios_knl_Task_A_badTimeout__C                               
00008790  ti_sysbios_knl_Task_A_sleepTaskDisabled__C                        
00008794  ti_sysbios_knl_Task_E_spOutOfBounds__C                            
00008798  ti_sysbios_knl_Task_E_stackOverflow__C                            
0000879c  ti_sysbios_knl_Task_LD_block__C                                   
000087a0  ti_sysbios_knl_Task_LD_exit__C                                    
000087a4  ti_sysbios_knl_Task_LD_ready__C                                   
000087a8  ti_sysbios_knl_Task_LM_sleep__C                                   
000087ac  ti_sysbios_knl_Task_LM_switch__C                                  
000087b0  ti_sysbios_knl_Task_Module_State_inactiveQ__O                     
000087b4  ti_sysbios_knl_Task_Module__diagsEnabled__C                       
000087b8  ti_sysbios_knl_Task_Module__diagsIncluded__C                      
000087bc  ti_sysbios_knl_Task_Module__diagsMask__C                          
000087c0  ti_sysbios_knl_Task_Module__loggerFxn2__C                         
000087c4  ti_sysbios_knl_Task_Module__loggerFxn4__C                         
000087c8  ti_sysbios_knl_Task_Module__loggerObj__C                          
000087cc  ti_sysbios_knl_Task_Object__count__C                              
000087d0  ti_sysbios_knl_Task_allBlockedFunc__C                             
000087d4  ti_sysbios_knl_Task_numConstructedTasks__C                        
000087d8  ti_sysbios_utils_Load_LS_cpuLoad__C                               
000087dc  ti_sysbios_utils_Load_LS_hwiLoad__C                               
000087e0  ti_sysbios_utils_Load_Module__diagsEnabled__C                     
000087e4  ti_sysbios_utils_Load_Module__diagsIncluded__C                    
000087e8  ti_sysbios_utils_Load_Module__diagsMask__C                        
000087ec  ti_sysbios_utils_Load_Module__loggerFxn1__C                       
000087f0  ti_sysbios_utils_Load_Module__loggerFxn2__C                       
000087f4  ti_sysbios_utils_Load_Module__loggerObj__C                        
000087f8  ti_sysbios_utils_Load_postUpdate__C                               
000087fc  ti_sysbios_utils_Load_windowInMs__C                               
00008800  ti_uia_loggers_LoggerStopMode_Module__diagsEnabled__C             
00008804  ti_uia_loggers_LoggerStopMode_Module__diagsIncluded__C            
00008808  ti_uia_loggers_LoggerStopMode_Module__diagsMask__C                
0000880c  ti_uia_loggers_LoggerStopMode_Object__count__C                    
00008810  ti_uia_runtime_ILoggerSnapshot_Interface__BASE__C                 
00008814  ti_uia_runtime_IUIATransfer_Interface__BASE__C                    
00008818  xdc_runtime_Assert_E_assertFailed__C                              
0000881c  xdc_runtime_Core_A_initializedParams__C                           
00008820  xdc_runtime_Core_Module__diagsEnabled__C                          
00008824  xdc_runtime_Core_Module__diagsIncluded__C                         
00008828  xdc_runtime_Core_Module__diagsMask__C                             
0000882c  xdc_runtime_Error_E_memory__C                                     
00008830  xdc_runtime_Error_Module__diagsEnabled__C                         
00008834  xdc_runtime_Error_Module__diagsIncluded__C                        
00008838  xdc_runtime_Error_Module__diagsMask__C                            
0000883c  xdc_runtime_Error_Module__loggerFxn8__C                           
00008840  xdc_runtime_Error_Module__loggerObj__C                            
00008844  xdc_runtime_Error_policyFxn__C                                    
00008848  xdc_runtime_Error_raiseHook__C                                    
0000884c  xdc_runtime_IFilterLogger_Interface__BASE__C                      
00008850  xdc_runtime_IGateProvider_Interface__BASE__C                      
00008854  xdc_runtime_IHeap_Interface__BASE__C                              
00008858  xdc_runtime_ILogger_Interface__BASE__C                            
0000885c  xdc_runtime_IModule_Interface__BASE__C                            
00008860  xdc_runtime_Log_L_error__C                                        
00008864  xdc_runtime_Memory_defaultHeapInstance__C                         
00008868  xdc_runtime_Startup_execImpl__C                                   
0000886c  xdc_runtime_Startup_lastFxns__A                                   
00008870  xdc_runtime_Startup_maxPasses__C                                  
00008874  xdc_runtime_Startup_sfxnRts__C                                    
00008878  xdc_runtime_Startup_sfxnTab__C                                    
0000887c  xdc_runtime_SysMin_bufSize__C                                     
00008880  xdc_runtime_SysMin_outputFunc__C                                  
00008884  xdc_runtime_System_Module__gateObj__C                             
00008888  xdc_runtime_System_abortFxn__C                                    
0000888c  xdc_runtime_System_exitFxn__C                                     
00008890  xdc_runtime_System_extendFxn__C                                   
00008894  xdc_runtime_System_maxAtexitHandlers__C                           
00008898  xdc_runtime_Text_charTab__C                                       
0000889c  xdc_runtime_Text_nameEmpty__C                                     
000088a0  xdc_runtime_Text_nameStatic__C                                    
000088a4  xdc_runtime_Text_nameUnknown__C                                   
000088a8  xdc_runtime_Text_nodeTab__C                                       
000088ac  xdc_runtime_Text_visitRopeFxn__C                                  
000088b0  ti_sysbios_family_arm_m3_Hwi_Module__id__C                        
000088b2  ti_sysbios_family_arm_m3_Hwi_Module__loggerDefined__C             
000088b4  ti_sysbios_gates_GateMutex_Module__id__C                          
000088b6  ti_sysbios_hal_Hwi_Module__id__C                                  
000088b8  ti_sysbios_heaps_HeapMem_Module__id__C                            
000088ba  ti_sysbios_knl_Clock_Module__id__C                                
000088bc  ti_sysbios_knl_Clock_Module__loggerDefined__C                     
000088be  ti_sysbios_knl_Semaphore_Module__id__C                            
000088c0  ti_sysbios_knl_Semaphore_Module__loggerDefined__C                 
000088c2  ti_sysbios_knl_Swi_Module__id__C                                  
000088c4  ti_sysbios_knl_Swi_Module__loggerDefined__C                       
000088c6  ti_sysbios_knl_Task_Module__id__C                                 
000088c8  ti_sysbios_knl_Task_Module__loggerDefined__C                      
000088ca  ti_sysbios_knl_Task_initStackFlag__C                              
000088cc  ti_sysbios_utils_Load_Module__id__C                               
000088ce  ti_sysbios_utils_Load_Module__loggerDefined__C                    
000088d0  ti_sysbios_utils_Load_hwiEnabled__C                               
000088d2  ti_sysbios_utils_Load_updateInIdle__C                             
000088d4  ti_uia_loggers_LoggerStopMode_Module__id__C                       
000088d6  ti_uia_loggers_LoggerStopMode_isTimestampEnabled__C               
000088d8  xdc_runtime_Core_Module__id__C                                    
000088da  xdc_runtime_Error_Module__loggerDefined__C                        
000088dc  xdc_runtime_Error_maxDepth__C                                     
000088de  xdc_runtime_Memory_Module__id__C                                  
000088e0  xdc_runtime_SysMin_flushAtExit__C                                 
000088e2  xdc_runtime_Text_charCnt__C                                       
000088e4  xdc_runtime_Text_isLoaded__C                                      
000088e6  xdc_runtime_Text_registryModsLastId__C                            
000088e8  xdc_runtime_Text_unnamedModsLastId__C                             
000088f0  __TI_static_base__                                                
00008d28  __TI_Handler_Table_Base                                           
00008d34  __TI_Handler_Table_Limit                                          
00008d48  __TI_CINIT_Base                                                   
00008d60  __TI_CINIT_Limit                                                  
20000000  ti_sysbios_family_arm_m3_Hwi_ramVectors                           
20000380  ti_sysbios_heaps_HeapMem_Instance_State_0_buf__A                  
20001380  ti_sysbios_knl_Task_Instance_State_0_stack__A                     
20001580  ti_sysbios_knl_Task_Instance_State_1_stack__A                     
20001d80  ti_uia_loggers_LoggerStopMode_Instance_State_1_packetArray__A     
20002180  ti_uia_loggers_LoggerStopMode_Instance_State_2_packetArray__A     
20002580  xdc_runtime_SysMin_Module_State_0_outbuf__A                       
20002980  ti_sysbios_family_arm_m3_Hwi_dispatchTable                        
20002d00  ti_uia_loggers_LoggerStopMode_Instance_State_0_packetArray__A     
20002f00  __CIOBUF_                                                         
20003080  ti_uia_loggers_LoggerStopMode_Instance_State_0_hdr__A             
20003100  ti_uia_loggers_LoggerStopMode_Instance_State_1_hdr__A             
20003180  ti_uia_loggers_LoggerStopMode_Instance_State_2_hdr__A             
200031b0  __stack                                                           
200032b0  __STACK_TOP                                                       
200041b0  __STACK_END                                                       
200041b0  xdc_runtime_Diags_dictElems                                       
200041d0  ti_sysbios_family_arm_lm4_Timer_Module__root__V                   
200041d8  ti_sysbios_family_arm_lm4_Timer_Module_State_0_handles__A         
200041f0  ti_sysbios_family_arm_lm4_Timer_Module__state__V                  
200041fc  ti_sysbios_family_arm_lm4_TimestampProvider_Module__state__V      
20004204  ti_sysbios_family_arm_m3_Hwi_Module__root__V                      
2000420c  ti_sysbios_family_arm_m3_Hwi_Module_State_0_excActive__A          
20004210  ti_sysbios_family_arm_m3_Hwi_Module_State_0_excContext__A         
20004214  ti_sysbios_family_arm_m3_Hwi_Module_State_0_excStack__A           
20004218  ti_sysbios_gates_GateHwi_Module__root__V                          
20004220  ti_sysbios_gates_GateHwi_Object__table__V                         
20004224  ti_sysbios_gates_GateMutex_Module__root__V                        
2000422c  ti_sysbios_hal_Hwi_Module__root__V                                
20004234  ti_sysbios_heaps_HeapMem_Module__root__V                          
2000423c  ti_sysbios_heaps_HeapMem_Object__table__V                         
20004254  ti_sysbios_knl_Clock_Module__root__V                              
2000425c  ti_sysbios_knl_Event_Module__root__V                              
20004268  ti_sysbios_knl_Queue_Module__root__V                              
20004270  ti_sysbios_knl_Semaphore_Module__root__V                          
20004278  ti_sysbios_knl_Swi_Module__root__V                                
20004280  ti_sysbios_knl_Swi_Module__state__V                               
2000429c  ti_sysbios_knl_Task_Module__root__V                               
200042a8  ti_sysbios_knl_Task_Module_State_0_idleTask__A                    
200042ac  ti_sysbios_utils_Load_Module_State_0_taskStartTime__A             
200042b0  ti_sysbios_utils_Load_Module_State_0_runningTask__A               
200042b4  ti_uia_loggers_LoggerStopMode_Module__root__V                     
200042bc  ti_uia_loggers_LoggerStopMode_Module__state__V                    
200042c4  ti_uia_runtime_QueueDescriptor_Module__state__V                   
200042d0  xdc_runtime_Error_Module__state__V                                
200042d2  xdc_runtime_Main_Module__root__V                                  
200042d4  xdc_runtime_Memory_Module__state__V                               
200042d8  xdc_runtime_Registry_Module__state__V                             
200042e0  xdc_runtime_Startup_Module__state__V                              
200042e8  xdc_runtime_SysMin_Module__state__V                               
200042f4  xdc_runtime_System_Module_State_0_atexitHandlers__A               
20004314  xdc_runtime_System_Module__state__V                               
2000431c  xdc_runtime_Text_Module__state__V                                 
20004324  __xdc__init__addr                                                 
20004328  ti_uia_loggers_LoggerStopMode_Object__table__V                    
200043c4  ti_sysbios_knl_Task_Object__table__V                              
20004410  TSK_idle                                                          
2000445c  ti_sysbios_utils_Load_Module__state__V                            
200044f4  ti_sysbios_family_arm_lm4_Timer_Object__table__V                  
20004574  ti_sysbios_knl_Swi_Module_State_0_readyQ__A                       
200045f4  ti_sysbios_knl_Task_Module_State_0_readyQ__A                      
20004674  ti_sysbios_knl_Task_Module__state__V                              
200046b8  ti_sysbios_gates_GateMutex_Object__table__V                       
200046f0  ti_sysbios_family_arm_m3_Hwi_Module__state__V                     
20004724  ti_sysbios_family_arm_lm4_Timer_Module_State_0_device__A          
20004754  ti_sysbios_family_arm_m3_Hwi_Object__table__V                     
20004784  ti_sysbios_knl_Swi_Object__table__V                               
200047b4  ti_sysbios_knl_Clock_Module__state__V                             
200047e0  ti_sysbios_BIOS_Module__state__V                                  
2000480c  _lock                                                             
20004810  _unlock                                                           
20004814  __TI_cleanup_ptr                                                  
20004818  __TI_dtors_ptr                                                    
2000481c  ti_uia_runtime_QueueDescriptor_gPtrToFirstDescriptor              
20004820  ti_uia_runtime_QueueDescriptor_gUpdateCount                       
20004824  main_func_sp                                                      
e000e000  ti_sysbios_family_arm_m3_Hwi_nvic                                 
ffffffff  __binit__                                                         
ffffffff  __c_args__                                                        
ffffffff  binit                                                             
UNDEFED   SHT$$INIT_ARRAY$$Base                                             
UNDEFED   SHT$$INIT_ARRAY$$Limit                                            

[661 symbols]
